<?xml version="1.0"?>
<link_info>
   <banner>TI ARM Linker Unix v15.12.1.LTS</banner>
   <copyright>Copyright (c) 1996-2015 Texas Instruments Incorporated</copyright>
   <link_time>0x5835ef09</link_time>
   <link_errors>0x0</link_errors>
   <output_file>Security System.out</output_file>
   <entry_point>
      <name>_c_int00</name>
      <address>0x6751</address>
   </entry_point>
   <input_file_list>
      <input_file id="fl-2">
         <path>./</path>
         <kind>object</kind>
         <file>Flash.obj</file>
         <name>Flash.obj</name>
      </input_file>
      <input_file id="fl-3">
         <path>./</path>
         <kind>object</kind>
         <file>Hall.obj</file>
         <name>Hall.obj</name>
      </input_file>
      <input_file id="fl-4">
         <path>./</path>
         <kind>object</kind>
         <file>Keypad.obj</file>
         <name>Keypad.obj</name>
      </input_file>
      <input_file id="fl-5">
         <path>./</path>
         <kind>object</kind>
         <file>LCD.obj</file>
         <name>LCD.obj</name>
      </input_file>
      <input_file id="fl-6">
         <path>./</path>
         <kind>object</kind>
         <file>RTC.obj</file>
         <name>RTC.obj</name>
      </input_file>
      <input_file id="fl-7">
         <path>./</path>
         <kind>object</kind>
         <file>ST7735.obj</file>
         <name>ST7735.obj</name>
      </input_file>
      <input_file id="fl-8">
         <path>./</path>
         <kind>object</kind>
         <file>i2c_bus.obj</file>
         <name>i2c_bus.obj</name>
      </input_file>
      <input_file id="fl-9">
         <path>./</path>
         <kind>object</kind>
         <file>main.obj</file>
         <name>main.obj</name>
      </input_file>
      <input_file id="fl-a">
         <path>./</path>
         <kind>object</kind>
         <file>setclockspeeds.obj</file>
         <name>setclockspeeds.obj</name>
      </input_file>
      <input_file id="fl-b">
         <path>./</path>
         <kind>object</kind>
         <file>startup_msp432p401r_ccs.obj</file>
         <name>startup_msp432p401r_ccs.obj</name>
      </input_file>
      <input_file id="fl-c">
         <path>./</path>
         <kind>object</kind>
         <file>system_msp432p401r.obj</file>
         <name>system_msp432p401r.obj</name>
      </input_file>
      <input_file id="fl-d">
         <path>./driverlib/MSP432P4xx/</path>
         <kind>object</kind>
         <file>adc14.obj</file>
         <name>adc14.obj</name>
      </input_file>
      <input_file id="fl-e">
         <path>./driverlib/MSP432P4xx/</path>
         <kind>object</kind>
         <file>aes256.obj</file>
         <name>aes256.obj</name>
      </input_file>
      <input_file id="fl-f">
         <path>./driverlib/MSP432P4xx/</path>
         <kind>object</kind>
         <file>comp_e.obj</file>
         <name>comp_e.obj</name>
      </input_file>
      <input_file id="fl-10">
         <path>./driverlib/MSP432P4xx/</path>
         <kind>object</kind>
         <file>cpu.obj</file>
         <name>cpu.obj</name>
      </input_file>
      <input_file id="fl-11">
         <path>./driverlib/MSP432P4xx/</path>
         <kind>object</kind>
         <file>crc32.obj</file>
         <name>crc32.obj</name>
      </input_file>
      <input_file id="fl-12">
         <path>./driverlib/MSP432P4xx/</path>
         <kind>object</kind>
         <file>cs.obj</file>
         <name>cs.obj</name>
      </input_file>
      <input_file id="fl-13">
         <path>./driverlib/MSP432P4xx/</path>
         <kind>object</kind>
         <file>dma.obj</file>
         <name>dma.obj</name>
      </input_file>
      <input_file id="fl-14">
         <path>./driverlib/MSP432P4xx/</path>
         <kind>object</kind>
         <file>flash.obj</file>
         <name>flash.obj</name>
      </input_file>
      <input_file id="fl-15">
         <path>./driverlib/MSP432P4xx/</path>
         <kind>object</kind>
         <file>fpu.obj</file>
         <name>fpu.obj</name>
      </input_file>
      <input_file id="fl-16">
         <path>./driverlib/MSP432P4xx/</path>
         <kind>object</kind>
         <file>gpio.obj</file>
         <name>gpio.obj</name>
      </input_file>
      <input_file id="fl-17">
         <path>./driverlib/MSP432P4xx/</path>
         <kind>object</kind>
         <file>i2c.obj</file>
         <name>i2c.obj</name>
      </input_file>
      <input_file id="fl-18">
         <path>./driverlib/MSP432P4xx/</path>
         <kind>object</kind>
         <file>interrupt.obj</file>
         <name>interrupt.obj</name>
      </input_file>
      <input_file id="fl-19">
         <path>./driverlib/MSP432P4xx/</path>
         <kind>object</kind>
         <file>mpu.obj</file>
         <name>mpu.obj</name>
      </input_file>
      <input_file id="fl-1a">
         <path>./driverlib/MSP432P4xx/</path>
         <kind>object</kind>
         <file>pcm.obj</file>
         <name>pcm.obj</name>
      </input_file>
      <input_file id="fl-1b">
         <path>./driverlib/MSP432P4xx/</path>
         <kind>object</kind>
         <file>pmap.obj</file>
         <name>pmap.obj</name>
      </input_file>
      <input_file id="fl-1c">
         <path>./driverlib/MSP432P4xx/</path>
         <kind>object</kind>
         <file>pss.obj</file>
         <name>pss.obj</name>
      </input_file>
      <input_file id="fl-1d">
         <path>./driverlib/MSP432P4xx/</path>
         <kind>object</kind>
         <file>ref_a.obj</file>
         <name>ref_a.obj</name>
      </input_file>
      <input_file id="fl-1e">
         <path>./driverlib/MSP432P4xx/</path>
         <kind>object</kind>
         <file>reset.obj</file>
         <name>reset.obj</name>
      </input_file>
      <input_file id="fl-1f">
         <path>./driverlib/MSP432P4xx/</path>
         <kind>object</kind>
         <file>rtc_c.obj</file>
         <name>rtc_c.obj</name>
      </input_file>
      <input_file id="fl-20">
         <path>./driverlib/MSP432P4xx/</path>
         <kind>object</kind>
         <file>spi.obj</file>
         <name>spi.obj</name>
      </input_file>
      <input_file id="fl-21">
         <path>./driverlib/MSP432P4xx/</path>
         <kind>object</kind>
         <file>sysctl.obj</file>
         <name>sysctl.obj</name>
      </input_file>
      <input_file id="fl-22">
         <path>./driverlib/MSP432P4xx/</path>
         <kind>object</kind>
         <file>systick.obj</file>
         <name>systick.obj</name>
      </input_file>
      <input_file id="fl-23">
         <path>./driverlib/MSP432P4xx/</path>
         <kind>object</kind>
         <file>timer32.obj</file>
         <name>timer32.obj</name>
      </input_file>
      <input_file id="fl-24">
         <path>./driverlib/MSP432P4xx/</path>
         <kind>object</kind>
         <file>timer_a.obj</file>
         <name>timer_a.obj</name>
      </input_file>
      <input_file id="fl-25">
         <path>./driverlib/MSP432P4xx/</path>
         <kind>object</kind>
         <file>uart.obj</file>
         <name>uart.obj</name>
      </input_file>
      <input_file id="fl-26">
         <path>./driverlib/MSP432P4xx/</path>
         <kind>object</kind>
         <file>wdt_a.obj</file>
         <name>wdt_a.obj</name>
      </input_file>
      <input_file id="fl-e0">
         <path>/Applications/ti/ccsv6/tools/compiler/ti-cgt-arm_15.12.1.LTS/lib/</path>
         <kind>archive</kind>
         <file>rtsv7M4_T_le_v4SPD16_eabi.lib</file>
         <name>boot.obj</name>
      </input_file>
      <input_file id="fl-e1">
         <path>/Applications/ti/ccsv6/tools/compiler/ti-cgt-arm_15.12.1.LTS/lib/</path>
         <kind>archive</kind>
         <file>rtsv7M4_T_le_v4SPD16_eabi.lib</file>
         <name>copy_decompress_none.obj</name>
      </input_file>
      <input_file id="fl-e2">
         <path>/Applications/ti/ccsv6/tools/compiler/ti-cgt-arm_15.12.1.LTS/lib/</path>
         <kind>archive</kind>
         <file>rtsv7M4_T_le_v4SPD16_eabi.lib</file>
         <name>copy_decompress_rle.obj</name>
      </input_file>
      <input_file id="fl-e3">
         <path>/Applications/ti/ccsv6/tools/compiler/ti-cgt-arm_15.12.1.LTS/lib/</path>
         <kind>archive</kind>
         <file>rtsv7M4_T_le_v4SPD16_eabi.lib</file>
         <name>copy_zero_init.obj</name>
      </input_file>
      <input_file id="fl-e4">
         <path>/Applications/ti/ccsv6/tools/compiler/ti-cgt-arm_15.12.1.LTS/lib/</path>
         <kind>archive</kind>
         <file>rtsv7M4_T_le_v4SPD16_eabi.lib</file>
         <name>exit.obj</name>
      </input_file>
      <input_file id="fl-e5">
         <path>/Applications/ti/ccsv6/tools/compiler/ti-cgt-arm_15.12.1.LTS/lib/</path>
         <kind>archive</kind>
         <file>rtsv7M4_T_le_v4SPD16_eabi.lib</file>
         <name>fd_mul_t2.obj</name>
      </input_file>
      <input_file id="fl-e6">
         <path>/Applications/ti/ccsv6/tools/compiler/ti-cgt-arm_15.12.1.LTS/lib/</path>
         <kind>archive</kind>
         <file>rtsv7M4_T_le_v4SPD16_eabi.lib</file>
         <name>fd_tos_t2.obj</name>
      </input_file>
      <input_file id="fl-e7">
         <path>/Applications/ti/ccsv6/tools/compiler/ti-cgt-arm_15.12.1.LTS/lib/</path>
         <kind>archive</kind>
         <file>rtsv7M4_T_le_v4SPD16_eabi.lib</file>
         <name>i_tofd_t2.obj</name>
      </input_file>
      <input_file id="fl-e8">
         <path>/Applications/ti/ccsv6/tools/compiler/ti-cgt-arm_15.12.1.LTS/lib/</path>
         <kind>archive</kind>
         <file>rtsv7M4_T_le_v4SPD16_eabi.lib</file>
         <name>memcpy_t2.obj</name>
      </input_file>
      <input_file id="fl-e9">
         <path>/Applications/ti/ccsv6/tools/compiler/ti-cgt-arm_15.12.1.LTS/lib/</path>
         <kind>archive</kind>
         <file>rtsv7M4_T_le_v4SPD16_eabi.lib</file>
         <name>memset_t2.obj</name>
      </input_file>
      <input_file id="fl-ea">
         <path>/Applications/ti/ccsv6/tools/compiler/ti-cgt-arm_15.12.1.LTS/lib/</path>
         <kind>archive</kind>
         <file>rtsv7M4_T_le_v4SPD16_eabi.lib</file>
         <name>mpu_init.obj</name>
      </input_file>
      <input_file id="fl-eb">
         <path>/Applications/ti/ccsv6/tools/compiler/ti-cgt-arm_15.12.1.LTS/lib/</path>
         <kind>archive</kind>
         <file>rtsv7M4_T_le_v4SPD16_eabi.lib</file>
         <name>pre_init.obj</name>
      </input_file>
      <input_file id="fl-ec">
         <path>/Applications/ti/ccsv6/tools/compiler/ti-cgt-arm_15.12.1.LTS/lib/</path>
         <kind>archive</kind>
         <file>rtsv7M4_T_le_v4SPD16_eabi.lib</file>
         <name>printf.obj</name>
      </input_file>
      <input_file id="fl-ed">
         <path>/Applications/ti/ccsv6/tools/compiler/ti-cgt-arm_15.12.1.LTS/lib/</path>
         <kind>archive</kind>
         <file>rtsv7M4_T_le_v4SPD16_eabi.lib</file>
         <name>snprintf.obj</name>
      </input_file>
      <input_file id="fl-ee">
         <path>/Applications/ti/ccsv6/tools/compiler/ti-cgt-arm_15.12.1.LTS/lib/</path>
         <kind>archive</kind>
         <file>rtsv7M4_T_le_v4SPD16_eabi.lib</file>
         <name>stkdepth_vars.obj</name>
      </input_file>
      <input_file id="fl-ef">
         <path>/Applications/ti/ccsv6/tools/compiler/ti-cgt-arm_15.12.1.LTS/lib/</path>
         <kind>archive</kind>
         <file>rtsv7M4_T_le_v4SPD16_eabi.lib</file>
         <name>_lock.obj</name>
      </input_file>
      <input_file id="fl-f0">
         <path>/Applications/ti/ccsv6/tools/compiler/ti-cgt-arm_15.12.1.LTS/lib/</path>
         <kind>archive</kind>
         <file>rtsv7M4_T_le_v4SPD16_eabi.lib</file>
         <name>_printfi.obj</name>
      </input_file>
      <input_file id="fl-f1">
         <path>/Applications/ti/ccsv6/tools/compiler/ti-cgt-arm_15.12.1.LTS/lib/</path>
         <kind>archive</kind>
         <file>rtsv7M4_T_le_v4SPD16_eabi.lib</file>
         <name>args_main.obj</name>
      </input_file>
      <input_file id="fl-f2">
         <path>/Applications/ti/ccsv6/tools/compiler/ti-cgt-arm_15.12.1.LTS/lib/</path>
         <kind>archive</kind>
         <file>rtsv7M4_T_le_v4SPD16_eabi.lib</file>
         <name>atoi.obj</name>
      </input_file>
      <input_file id="fl-f3">
         <path>/Applications/ti/ccsv6/tools/compiler/ti-cgt-arm_15.12.1.LTS/lib/</path>
         <kind>archive</kind>
         <file>rtsv7M4_T_le_v4SPD16_eabi.lib</file>
         <name>autoinit.obj</name>
      </input_file>
      <input_file id="fl-f4">
         <path>/Applications/ti/ccsv6/tools/compiler/ti-cgt-arm_15.12.1.LTS/lib/</path>
         <kind>archive</kind>
         <file>rtsv7M4_T_le_v4SPD16_eabi.lib</file>
         <name>cpy_tbl.obj</name>
      </input_file>
      <input_file id="fl-f5">
         <path>/Applications/ti/ccsv6/tools/compiler/ti-cgt-arm_15.12.1.LTS/lib/</path>
         <kind>archive</kind>
         <file>rtsv7M4_T_le_v4SPD16_eabi.lib</file>
         <name>ctype.obj</name>
      </input_file>
      <input_file id="fl-f6">
         <path>/Applications/ti/ccsv6/tools/compiler/ti-cgt-arm_15.12.1.LTS/lib/</path>
         <kind>archive</kind>
         <file>rtsv7M4_T_le_v4SPD16_eabi.lib</file>
         <name>defs.obj</name>
      </input_file>
      <input_file id="fl-f7">
         <path>/Applications/ti/ccsv6/tools/compiler/ti-cgt-arm_15.12.1.LTS/lib/</path>
         <kind>archive</kind>
         <file>rtsv7M4_T_le_v4SPD16_eabi.lib</file>
         <name>fd_add_t2.obj</name>
      </input_file>
      <input_file id="fl-f8">
         <path>/Applications/ti/ccsv6/tools/compiler/ti-cgt-arm_15.12.1.LTS/lib/</path>
         <kind>archive</kind>
         <file>rtsv7M4_T_le_v4SPD16_eabi.lib</file>
         <name>fd_cmp_t2.obj</name>
      </input_file>
      <input_file id="fl-f9">
         <path>/Applications/ti/ccsv6/tools/compiler/ti-cgt-arm_15.12.1.LTS/lib/</path>
         <kind>archive</kind>
         <file>rtsv7M4_T_le_v4SPD16_eabi.lib</file>
         <name>fd_div_t2.obj</name>
      </input_file>
      <input_file id="fl-fa">
         <path>/Applications/ti/ccsv6/tools/compiler/ti-cgt-arm_15.12.1.LTS/lib/</path>
         <kind>archive</kind>
         <file>rtsv7M4_T_le_v4SPD16_eabi.lib</file>
         <name>fd_toi_t2.obj</name>
      </input_file>
      <input_file id="fl-fb">
         <path>/Applications/ti/ccsv6/tools/compiler/ti-cgt-arm_15.12.1.LTS/lib/</path>
         <kind>archive</kind>
         <file>rtsv7M4_T_le_v4SPD16_eabi.lib</file>
         <name>fputs.obj</name>
      </input_file>
      <input_file id="fl-fc">
         <path>/Applications/ti/ccsv6/tools/compiler/ti-cgt-arm_15.12.1.LTS/lib/</path>
         <kind>archive</kind>
         <file>rtsv7M4_T_le_v4SPD16_eabi.lib</file>
         <name>lowlev.obj</name>
      </input_file>
      <input_file id="fl-fd">
         <path>/Applications/ti/ccsv6/tools/compiler/ti-cgt-arm_15.12.1.LTS/lib/</path>
         <kind>archive</kind>
         <file>rtsv7M4_T_le_v4SPD16_eabi.lib</file>
         <name>ltoa.obj</name>
      </input_file>
      <input_file id="fl-fe">
         <path>/Applications/ti/ccsv6/tools/compiler/ti-cgt-arm_15.12.1.LTS/lib/</path>
         <kind>archive</kind>
         <file>rtsv7M4_T_le_v4SPD16_eabi.lib</file>
         <name>memccpy.obj</name>
      </input_file>
      <input_file id="fl-ff">
         <path>/Applications/ti/ccsv6/tools/compiler/ti-cgt-arm_15.12.1.LTS/lib/</path>
         <kind>archive</kind>
         <file>rtsv7M4_T_le_v4SPD16_eabi.lib</file>
         <name>memchr.obj</name>
      </input_file>
      <input_file id="fl-100">
         <path>/Applications/ti/ccsv6/tools/compiler/ti-cgt-arm_15.12.1.LTS/lib/</path>
         <kind>archive</kind>
         <file>rtsv7M4_T_le_v4SPD16_eabi.lib</file>
         <name>s_frexp.obj</name>
      </input_file>
      <input_file id="fl-101">
         <path>/Applications/ti/ccsv6/tools/compiler/ti-cgt-arm_15.12.1.LTS/lib/</path>
         <kind>archive</kind>
         <file>rtsv7M4_T_le_v4SPD16_eabi.lib</file>
         <name>s_scalbn.obj</name>
      </input_file>
      <input_file id="fl-102">
         <path>/Applications/ti/ccsv6/tools/compiler/ti-cgt-arm_15.12.1.LTS/lib/</path>
         <kind>archive</kind>
         <file>rtsv7M4_T_le_v4SPD16_eabi.lib</file>
         <name>startup.obj</name>
      </input_file>
      <input_file id="fl-103">
         <path>/Applications/ti/ccsv6/tools/compiler/ti-cgt-arm_15.12.1.LTS/lib/</path>
         <kind>archive</kind>
         <file>rtsv7M4_T_le_v4SPD16_eabi.lib</file>
         <name>strchr.obj</name>
      </input_file>
      <input_file id="fl-104">
         <path>/Applications/ti/ccsv6/tools/compiler/ti-cgt-arm_15.12.1.LTS/lib/</path>
         <kind>archive</kind>
         <file>rtsv7M4_T_le_v4SPD16_eabi.lib</file>
         <name>strcmp.obj</name>
      </input_file>
      <input_file id="fl-105">
         <path>/Applications/ti/ccsv6/tools/compiler/ti-cgt-arm_15.12.1.LTS/lib/</path>
         <kind>archive</kind>
         <file>rtsv7M4_T_le_v4SPD16_eabi.lib</file>
         <name>strlen.obj</name>
      </input_file>
      <input_file id="fl-106">
         <path>/Applications/ti/ccsv6/tools/compiler/ti-cgt-arm_15.12.1.LTS/lib/</path>
         <kind>archive</kind>
         <file>rtsv7M4_T_le_v4SPD16_eabi.lib</file>
         <name>strncpy.obj</name>
      </input_file>
      <input_file id="fl-107">
         <path>/Applications/ti/ccsv6/tools/compiler/ti-cgt-arm_15.12.1.LTS/lib/</path>
         <kind>archive</kind>
         <file>rtsv7M4_T_le_v4SPD16_eabi.lib</file>
         <name>trgdrv.obj</name>
      </input_file>
      <input_file id="fl-108">
         <path>/Applications/ti/ccsv6/tools/compiler/ti-cgt-arm_15.12.1.LTS/lib/</path>
         <kind>archive</kind>
         <file>rtsv7M4_T_le_v4SPD16_eabi.lib</file>
         <name>trgmsg.obj</name>
      </input_file>
      <input_file id="fl-109">
         <path>/Applications/ti/ccsv6/tools/compiler/ti-cgt-arm_15.12.1.LTS/lib/</path>
         <kind>archive</kind>
         <file>rtsv7M4_T_le_v4SPD16_eabi.lib</file>
         <name>ull_div_t2.obj</name>
      </input_file>
      <input_file id="fl-10a">
         <path>/Applications/ti/ccsv6/tools/compiler/ti-cgt-arm_15.12.1.LTS/lib/</path>
         <kind>archive</kind>
         <file>rtsv7M4_T_le_v4SPD16_eabi.lib</file>
         <name>_io_perm.obj</name>
      </input_file>
      <input_file id="fl-10b">
         <path>/Applications/ti/ccsv6/tools/compiler/ti-cgt-arm_15.12.1.LTS/lib/</path>
         <kind>archive</kind>
         <file>rtsv7M4_T_le_v4SPD16_eabi.lib</file>
         <name>errno.obj</name>
      </input_file>
      <input_file id="fl-10c">
         <path>/Applications/ti/ccsv6/tools/compiler/ti-cgt-arm_15.12.1.LTS/lib/</path>
         <kind>archive</kind>
         <file>rtsv7M4_T_le_v4SPD16_eabi.lib</file>
         <name>fflush.obj</name>
      </input_file>
      <input_file id="fl-10d">
         <path>/Applications/ti/ccsv6/tools/compiler/ti-cgt-arm_15.12.1.LTS/lib/</path>
         <kind>archive</kind>
         <file>rtsv7M4_T_le_v4SPD16_eabi.lib</file>
         <name>fseek.obj</name>
      </input_file>
      <input_file id="fl-10e">
         <path>/Applications/ti/ccsv6/tools/compiler/ti-cgt-arm_15.12.1.LTS/lib/</path>
         <kind>archive</kind>
         <file>rtsv7M4_T_le_v4SPD16_eabi.lib</file>
         <name>s_copysign.obj</name>
      </input_file>
      <input_file id="fl-10f">
         <path>/Applications/ti/ccsv6/tools/compiler/ti-cgt-arm_15.12.1.LTS/lib/</path>
         <kind>archive</kind>
         <file>rtsv7M4_T_le_v4SPD16_eabi.lib</file>
         <name>setvbuf.obj</name>
      </input_file>
      <input_file id="fl-110">
         <path>/Applications/ti/ccsv6/tools/compiler/ti-cgt-arm_15.12.1.LTS/lib/</path>
         <kind>archive</kind>
         <file>rtsv7M4_T_le_v4SPD16_eabi.lib</file>
         <name>strcpy.obj</name>
      </input_file>
      <input_file id="fl-111">
         <path>/Applications/ti/ccsv6/tools/compiler/ti-cgt-arm_15.12.1.LTS/lib/</path>
         <kind>archive</kind>
         <file>rtsv7M4_T_le_v4SPD16_eabi.lib</file>
         <name>fopen.obj</name>
      </input_file>
      <input_file id="fl-112">
         <path>/Applications/ti/ccsv6/tools/compiler/ti-cgt-arm_15.12.1.LTS/lib/</path>
         <kind>archive</kind>
         <file>rtsv7M4_T_le_v4SPD16_eabi.lib</file>
         <name>memory.obj</name>
      </input_file>
      <input_file id="fl-113">
         <path>/Applications/ti/ccsv6/tools/compiler/ti-cgt-arm_15.12.1.LTS/lib/</path>
         <kind>archive</kind>
         <file>rtsv7M4_T_le_v4SPD16_eabi.lib</file>
         <name>fclose.obj</name>
      </input_file>
      <input_file id="fl-114">
         <path>/Applications/ti/ccsv6/tools/compiler/ti-cgt-arm_15.12.1.LTS/lib/</path>
         <kind>archive</kind>
         <file>rtsv7M4_T_le_v4SPD16_eabi.lib</file>
         <name>remove.obj</name>
      </input_file>
   </input_file_list>
   <object_component_list>
      <object_component id="oc-2c">
         <name>.intvecs:retain</name>
         <load_address>0x0</load_address>
         <run_address>0x0</run_address>
         <size>0xe4</size>
         <input_file_ref idref="fl-b"/>
      </object_component>
      <object_component id="oc-108">
         <name>.text</name>
         <load_address>0xe4</load_address>
         <run_address>0xe4</run_address>
         <size>0x1378</size>
         <input_file_ref idref="fl-7"/>
      </object_component>
      <object_component id="oc-16f">
         <name>.text</name>
         <load_address>0x145c</load_address>
         <run_address>0x145c</run_address>
         <size>0x1110</size>
         <input_file_ref idref="fl-f0"/>
      </object_component>
      <object_component id="oc-299">
         <name>.text</name>
         <load_address>0x256c</load_address>
         <run_address>0x256c</run_address>
         <size>0xd7c</size>
         <input_file_ref idref="fl-12"/>
      </object_component>
      <object_component id="oc-d5">
         <name>.text</name>
         <load_address>0x32e8</load_address>
         <run_address>0x32e8</run_address>
         <size>0x480</size>
         <input_file_ref idref="fl-16"/>
      </object_component>
      <object_component id="oc-cf">
         <name>.text</name>
         <load_address>0x3768</load_address>
         <run_address>0x3768</run_address>
         <size>0x3f0</size>
         <input_file_ref idref="fl-18"/>
      </object_component>
      <object_component id="oc-34d">
         <name>.text</name>
         <load_address>0x3b58</load_address>
         <run_address>0x3b58</run_address>
         <size>0x3dc</size>
         <input_file_ref idref="fl-112"/>
      </object_component>
      <object_component id="oc-10e">
         <name>.text</name>
         <load_address>0x3f34</load_address>
         <run_address>0x3f34</run_address>
         <size>0x3c4</size>
         <input_file_ref idref="fl-6"/>
      </object_component>
      <object_component id="oc-c8">
         <name>.text</name>
         <load_address>0x42f8</load_address>
         <run_address>0x42f8</run_address>
         <size>0x32c</size>
         <input_file_ref idref="fl-c"/>
      </object_component>
      <object_component id="oc-36e">
         <name>.text</name>
         <load_address>0x4624</load_address>
         <run_address>0x4624</run_address>
         <size>0x324</size>
         <input_file_ref idref="fl-107"/>
      </object_component>
      <object_component id="oc-232">
         <name>.text</name>
         <load_address>0x4948</load_address>
         <run_address>0x4948</run_address>
         <size>0x30c</size>
         <input_file_ref idref="fl-fc"/>
      </object_component>
      <object_component id="oc-102">
         <name>.text</name>
         <load_address>0x4c54</load_address>
         <run_address>0x4c54</run_address>
         <size>0x294</size>
         <input_file_ref idref="fl-8"/>
      </object_component>
      <object_component id="oc-33c">
         <name>.text</name>
         <load_address>0x4ee8</load_address>
         <run_address>0x4ee8</run_address>
         <size>0x244</size>
         <input_file_ref idref="fl-21"/>
      </object_component>
      <object_component id="oc-23a">
         <name>.text</name>
         <load_address>0x512c</load_address>
         <run_address>0x512c</run_address>
         <size>0x1f4</size>
         <input_file_ref idref="fl-109"/>
      </object_component>
      <object_component id="oc-353">
         <name>.text</name>
         <load_address>0x5320</load_address>
         <run_address>0x5320</run_address>
         <size>0x1c4</size>
         <input_file_ref idref="fl-111"/>
      </object_component>
      <object_component id="oc-259">
         <name>.text</name>
         <load_address>0x54e4</load_address>
         <run_address>0x54e4</run_address>
         <size>0x1b6</size>
         <input_file_ref idref="fl-f7"/>
      </object_component>
      <object_component id="oc-58">
         <name>.text</name>
         <load_address>0x569a</load_address>
         <run_address>0x569a</run_address>
         <size>0x2</size>
         <input_file_ref idref="fl-ea"/>
      </object_component>
      <object_component id="oc-188">
         <name>.text</name>
         <load_address>0x569c</load_address>
         <run_address>0x569c</run_address>
         <size>0x198</size>
         <input_file_ref idref="fl-a"/>
      </object_component>
      <object_component id="oc-244">
         <name>.text</name>
         <load_address>0x5834</load_address>
         <run_address>0x5834</run_address>
         <size>0x136</size>
         <input_file_ref idref="fl-f9"/>
      </object_component>
      <object_component id="oc-ad">
         <name>.text</name>
         <load_address>0x596a</load_address>
         <run_address>0x596a</run_address>
         <size>0x2</size>
         <input_file_ref idref="fl-102"/>
      </object_component>
      <object_component id="oc-169">
         <name>.text</name>
         <load_address>0x596c</load_address>
         <run_address>0x596c</run_address>
         <size>0x134</size>
         <input_file_ref idref="fl-fb"/>
      </object_component>
      <object_component id="oc-80">
         <name>.text</name>
         <load_address>0x5aa0</load_address>
         <run_address>0x5aa0</run_address>
         <size>0x120</size>
         <input_file_ref idref="fl-3"/>
      </object_component>
      <object_component id="oc-1c9">
         <name>.text</name>
         <load_address>0x5bc0</load_address>
         <run_address>0x5bc0</run_address>
         <size>0xfc</size>
         <input_file_ref idref="fl-e5"/>
      </object_component>
      <object_component id="oc-264">
         <name>.text</name>
         <load_address>0x5cbc</load_address>
         <run_address>0x5cbc</run_address>
         <size>0xfc</size>
         <input_file_ref idref="fl-101"/>
      </object_component>
      <object_component id="oc-2e1">
         <name>.text</name>
         <load_address>0x5db8</load_address>
         <run_address>0x5db8</run_address>
         <size>0xdc</size>
         <input_file_ref idref="fl-10f"/>
      </object_component>
      <object_component id="oc-22c">
         <name>.text</name>
         <load_address>0x5e94</load_address>
         <run_address>0x5e94</run_address>
         <size>0xc8</size>
         <input_file_ref idref="fl-10c"/>
      </object_component>
      <object_component id="oc-b5">
         <name>.text</name>
         <load_address>0x5f5c</load_address>
         <run_address>0x5f5c</run_address>
         <size>0xb8</size>
         <input_file_ref idref="fl-9"/>
      </object_component>
      <object_component id="oc-21a">
         <name>.text</name>
         <load_address>0x6014</load_address>
         <run_address>0x6014</run_address>
         <size>0xac</size>
         <input_file_ref idref="fl-10a"/>
      </object_component>
      <object_component id="oc-33">
         <name>.text</name>
         <load_address>0x60c0</load_address>
         <run_address>0x60c0</run_address>
         <size>0x9c</size>
         <input_file_ref idref="fl-e8"/>
      </object_component>
      <object_component id="oc-3a2">
         <name>.text</name>
         <load_address>0x615c</load_address>
         <run_address>0x615c</run_address>
         <size>0x98</size>
         <input_file_ref idref="fl-113"/>
      </object_component>
      <object_component id="oc-1d3">
         <name>.text</name>
         <load_address>0x61f4</load_address>
         <run_address>0x61f4</run_address>
         <size>0x94</size>
         <input_file_ref idref="fl-ed"/>
      </object_component>
      <object_component id="oc-23f">
         <name>.text:__aeabi_cdcmple</name>
         <load_address>0x6288</load_address>
         <run_address>0x6288</run_address>
         <size>0x86</size>
         <input_file_ref idref="fl-f8"/>
      </object_component>
      <object_component id="oc-249">
         <name>.text:__aeabi_cdrcmple</name>
         <load_address>0x630e</load_address>
         <run_address>0x630e</run_address>
         <size>0x86</size>
         <input_file_ref idref="fl-f8"/>
      </object_component>
      <object_component id="oc-4c">
         <name>.text</name>
         <load_address>0x6394</load_address>
         <run_address>0x6394</run_address>
         <size>0x7a</size>
         <input_file_ref idref="fl-e9"/>
      </object_component>
      <object_component id="oc-64">
         <name>.text</name>
         <load_address>0x6410</load_address>
         <run_address>0x6410</run_address>
         <size>0x70</size>
         <input_file_ref idref="fl-f3"/>
      </object_component>
      <object_component id="oc-db">
         <name>.text</name>
         <load_address>0x6480</load_address>
         <run_address>0x6480</run_address>
         <size>0x70</size>
         <input_file_ref idref="fl-ec"/>
      </object_component>
      <object_component id="oc-1ce">
         <name>.text</name>
         <load_address>0x64f0</load_address>
         <run_address>0x64f0</run_address>
         <size>0x6e</size>
         <input_file_ref idref="fl-e6"/>
      </object_component>
      <object_component id="oc-3f">
         <name>.text</name>
         <load_address>0x655e</load_address>
         <run_address>0x655e</run_address>
         <size>0x6a</size>
         <input_file_ref idref="fl-e2"/>
      </object_component>
      <object_component id="oc-3b1">
         <name>.text</name>
         <load_address>0x65c8</load_address>
         <run_address>0x65c8</run_address>
         <size>0x68</size>
         <input_file_ref idref="fl-108"/>
      </object_component>
      <object_component id="oc-2db">
         <name>.text</name>
         <load_address>0x6630</load_address>
         <run_address>0x6630</run_address>
         <size>0x64</size>
         <input_file_ref idref="fl-10d"/>
      </object_component>
      <object_component id="oc-25e">
         <name>.text</name>
         <load_address>0x6694</load_address>
         <run_address>0x6694</run_address>
         <size>0x64</size>
         <input_file_ref idref="fl-100"/>
      </object_component>
      <object_component id="oc-253">
         <name>.text</name>
         <load_address>0x66f8</load_address>
         <run_address>0x66f8</run_address>
         <size>0x56</size>
         <input_file_ref idref="fl-fd"/>
      </object_component>
      <object_component id="oc-26">
         <name>.text</name>
         <load_address>0x6750</load_address>
         <run_address>0x6750</run_address>
         <size>0x54</size>
         <input_file_ref idref="fl-e0"/>
      </object_component>
      <object_component id="oc-70">
         <name>.text</name>
         <load_address>0x67a4</load_address>
         <run_address>0x67a4</run_address>
         <size>0x54</size>
         <input_file_ref idref="fl-e4"/>
      </object_component>
      <object_component id="oc-276">
         <name>.text</name>
         <load_address>0x67f8</load_address>
         <run_address>0x67f8</run_address>
         <size>0x4c</size>
         <input_file_ref idref="fl-f2"/>
      </object_component>
      <object_component id="oc-a7">
         <name>.text</name>
         <load_address>0x6844</load_address>
         <run_address>0x6844</run_address>
         <size>0x4c</size>
         <input_file_ref idref="fl-f4"/>
      </object_component>
      <object_component id="oc-24e">
         <name>.text</name>
         <load_address>0x6890</load_address>
         <run_address>0x6890</run_address>
         <size>0x48</size>
         <input_file_ref idref="fl-fa"/>
      </object_component>
      <object_component id="oc-13f">
         <name>.text</name>
         <load_address>0x68d8</load_address>
         <run_address>0x68d8</run_address>
         <size>0x3e</size>
         <input_file_ref idref="fl-10"/>
      </object_component>
      <object_component id="oc-2f8">
         <name>.text</name>
         <load_address>0x6916</load_address>
         <run_address>0x6916</run_address>
         <size>0x30</size>
         <input_file_ref idref="fl-106"/>
      </object_component>
      <object_component id="oc-1c4">
         <name>.text</name>
         <load_address>0x6946</load_address>
         <run_address>0x6946</run_address>
         <size>0x2e</size>
         <input_file_ref idref="fl-e7"/>
      </object_component>
      <object_component id="oc-226">
         <name>.text</name>
         <load_address>0x6974</load_address>
         <run_address>0x6974</run_address>
         <size>0x20</size>
         <input_file_ref idref="fl-ff"/>
      </object_component>
      <object_component id="oc-270">
         <name>.text</name>
         <load_address>0x6994</load_address>
         <run_address>0x6994</run_address>
         <size>0x1c</size>
         <input_file_ref idref="fl-fe"/>
      </object_component>
      <object_component id="oc-6a">
         <name>.text</name>
         <load_address>0x69b0</load_address>
         <run_address>0x69b0</run_address>
         <size>0x18</size>
         <input_file_ref idref="fl-f1"/>
      </object_component>
      <object_component id="oc-2f2">
         <name>.text</name>
         <load_address>0x69c8</load_address>
         <run_address>0x69c8</run_address>
         <size>0x18</size>
         <input_file_ref idref="fl-104"/>
      </object_component>
      <object_component id="oc-26a">
         <name>.text</name>
         <load_address>0x69e0</load_address>
         <run_address>0x69e0</run_address>
         <size>0x16</size>
         <input_file_ref idref="fl-103"/>
      </object_component>
      <object_component id="oc-12a">
         <name>.text</name>
         <load_address>0x69f8</load_address>
         <run_address>0x69f8</run_address>
         <size>0x14</size>
         <input_file_ref idref="fl-ef"/>
      </object_component>
      <object_component id="oc-31a">
         <name>.text</name>
         <load_address>0x6a0c</load_address>
         <run_address>0x6a0c</run_address>
         <size>0x14</size>
         <input_file_ref idref="fl-10e"/>
      </object_component>
      <object_component id="oc-3b7">
         <name>.text</name>
         <load_address>0x6a20</load_address>
         <run_address>0x6a20</run_address>
         <size>0x14</size>
         <input_file_ref idref="fl-110"/>
      </object_component>
      <object_component id="oc-220">
         <name>.text</name>
         <load_address>0x6a34</load_address>
         <run_address>0x6a34</run_address>
         <size>0x14</size>
         <input_file_ref idref="fl-105"/>
      </object_component>
      <object_component id="oc-14">
         <name>.text:decompress:none</name>
         <load_address>0x6a48</load_address>
         <run_address>0x6a48</run_address>
         <size>0xe</size>
         <input_file_ref idref="fl-e1"/>
      </object_component>
      <object_component id="oc-7a">
         <name>.text</name>
         <load_address>0x6a56</load_address>
         <run_address>0x6a56</run_address>
         <size>0xe</size>
         <input_file_ref idref="fl-b"/>
      </object_component>
      <object_component id="oc-1a">
         <name>.text:decompress:rle24</name>
         <load_address>0x6a64</load_address>
         <run_address>0x6a64</run_address>
         <size>0x6</size>
         <input_file_ref idref="fl-e2"/>
      </object_component>
      <object_component id="oc-5e">
         <name>.text</name>
         <load_address>0x6a6a</load_address>
         <run_address>0x6a6a</run_address>
         <size>0x4</size>
         <input_file_ref idref="fl-eb"/>
      </object_component>
      <object_component id="oc-1b0">
         <name>.const:.string:Font</name>
         <load_address>0x6a70</load_address>
         <run_address>0x6a70</run_address>
         <size>0x4fb</size>
         <input_file_ref idref="fl-7"/>
      </object_component>
      <object_component id="oc-1bb">
         <name>.const:.string:dBfs</name>
         <load_address>0x6f6b</load_address>
         <run_address>0x6f6b</run_address>
         <size>0x200</size>
         <input_file_ref idref="fl-7"/>
      </object_component>
      <object_component id="oc-329">
         <name>.const:.string:_ctypes_</name>
         <load_address>0x716b</load_address>
         <run_address>0x716b</run_address>
         <size>0x101</size>
         <input_file_ref idref="fl-f5"/>
      </object_component>
      <object_component id="oc-19e">
         <name>.const:.string:Bcmd</name>
         <load_address>0x726c</load_address>
         <run_address>0x726c</run_address>
         <size>0x67</size>
         <input_file_ref idref="fl-7"/>
      </object_component>
      <object_component id="oc-14b">
         <name>.const:g_pulRegs</name>
         <load_address>0x72d4</load_address>
         <run_address>0x72d4</run_address>
         <size>0x50</size>
         <input_file_ref idref="fl-18"/>
      </object_component>
      <object_component id="oc-2d0">
         <name>.const:.string</name>
         <load_address>0x7324</load_address>
         <run_address>0x7324</run_address>
         <size>0x4e</size>
         <input_file_ref idref="fl-6"/>
      </object_component>
      <object_component id="oc-1a4">
         <name>.const:.string:Rcmd1</name>
         <load_address>0x7372</load_address>
         <run_address>0x7372</run_address>
         <size>0x3b</size>
         <input_file_ref idref="fl-7"/>
      </object_component>
      <object_component id="oc-1ad">
         <name>.const:.string:Rcmd3</name>
         <load_address>0x73ad</load_address>
         <run_address>0x73ad</run_address>
         <size>0x2b</size>
         <input_file_ref idref="fl-7"/>
      </object_component>
      <object_component id="oc-148">
         <name>.const:g_pulPriority</name>
         <load_address>0x73d8</load_address>
         <run_address>0x73d8</run_address>
         <size>0x20</size>
         <input_file_ref idref="fl-18"/>
      </object_component>
      <object_component id="oc-1df">
         <name>.const:rtc_day_name</name>
         <load_address>0x73f8</load_address>
         <run_address>0x73f8</run_address>
         <size>0x20</size>
         <input_file_ref idref="fl-6"/>
      </object_component>
      <object_component id="oc-114">
         <name>.const:$P$T0$1</name>
         <load_address>0x7418</load_address>
         <run_address>0x7418</run_address>
         <size>0x1c</size>
         <input_file_ref idref="fl-9"/>
      </object_component>
      <object_component id="oc-164">
         <name>.const:GPIO_PORT_TO_INT</name>
         <load_address>0x7434</load_address>
         <run_address>0x7434</run_address>
         <size>0x1c</size>
         <input_file_ref idref="fl-16"/>
      </object_component>
      <object_component id="oc-18e">
         <name>.const:i2c_config</name>
         <load_address>0x7450</load_address>
         <run_address>0x7450</run_address>
         <size>0x14</size>
         <input_file_ref idref="fl-8"/>
      </object_component>
      <object_component id="oc-1a7">
         <name>.const:.string:Rcmd2green</name>
         <load_address>0x7464</load_address>
         <run_address>0x7464</run_address>
         <size>0xd</size>
         <input_file_ref idref="fl-7"/>
      </object_component>
      <object_component id="oc-1aa">
         <name>.const:.string:Rcmd2red</name>
         <load_address>0x7471</load_address>
         <run_address>0x7471</run_address>
         <size>0xd</size>
         <input_file_ref idref="fl-7"/>
      </object_component>
      <object_component id="oc-117">
         <name>.const:.string:$P$T1$2</name>
         <load_address>0x747e</load_address>
         <run_address>0x747e</run_address>
         <size>0x8</size>
         <input_file_ref idref="fl-9"/>
      </object_component>
      <object_component id="oc-151">
         <name>.const:g_pulDisRegs</name>
         <load_address>0x7488</load_address>
         <run_address>0x7488</run_address>
         <size>0x8</size>
         <input_file_ref idref="fl-18"/>
      </object_component>
      <object_component id="oc-14e">
         <name>.const:g_pulEnRegs</name>
         <load_address>0x7490</load_address>
         <run_address>0x7490</run_address>
         <size>0x8</size>
         <input_file_ref idref="fl-18"/>
      </object_component>
      <object_component id="oc-154">
         <name>.const:g_pulPendRegs</name>
         <load_address>0x7498</load_address>
         <run_address>0x7498</run_address>
         <size>0x8</size>
         <input_file_ref idref="fl-18"/>
      </object_component>
      <object_component id="oc-157">
         <name>.const:g_pulUnpendRegs</name>
         <load_address>0x74a0</load_address>
         <run_address>0x74a0</run_address>
         <size>0x8</size>
         <input_file_ref idref="fl-18"/>
      </object_component>
      <object_component id="oc-40d">
         <name>.cinit..data.load</name>
         <load_address>0x74a8</load_address>
         <run_address>0x74a8</run_address>
         <size>0xbb</size>
      </object_component>
      <object_component id="oc-40e">
         <name>.cinit..bss.load</name>
         <load_address>0x7568</load_address>
         <run_address>0x7568</run_address>
         <size>0xb</size>
      </object_component>
      <object_component id="oc-40c">
         <name>.cinit..vtable.load</name>
         <load_address>0x7578</load_address>
         <run_address>0x7578</run_address>
         <size>0x9</size>
      </object_component>
      <object_component id="oc-40a">
         <name>__TI_handler_table</name>
         <load_address>0x7584</load_address>
         <run_address>0x7584</run_address>
         <size>0x8</size>
      </object_component>
      <object_component id="oc-40b">
         <name>__TI_cinit_table</name>
         <load_address>0x758c</load_address>
         <run_address>0x758c</run_address>
         <size>0x18</size>
      </object_component>
      <object_component id="oc-3e7">
         <name>.binit</name>
         <load_address>0x0</load_address>
         <run_address>0x0</run_address>
         <size>0x0</size>
      </object_component>
      <object_component id="oc-145">
         <name>.vtable</name>
         <uninitialized>true</uninitialized>
         <run_address>0x20000000</run_address>
         <size>0xe4</size>
         <input_file_ref idref="fl-18"/>
      </object_component>
      <object_component id="oc-e1">
         <name>.data</name>
         <load_address>0x20000744</load_address>
         <run_address>0x20000744</run_address>
         <size>0x4</size>
         <input_file_ref idref="fl-3"/>
      </object_component>
      <object_component id="oc-1d9">
         <name>.data:rtc_registers</name>
         <load_address>0x200006ec</load_address>
         <run_address>0x200006ec</run_address>
         <size>0x13</size>
         <input_file_ref idref="fl-6"/>
      </object_component>
      <object_component id="oc-1a1">
         <name>.data</name>
         <load_address>0x200006d8</load_address>
         <run_address>0x200006d8</run_address>
         <size>0x14</size>
         <input_file_ref idref="fl-7"/>
      </object_component>
      <object_component id="oc-191">
         <name>.data</name>
         <load_address>0x2000073c</load_address>
         <run_address>0x2000073c</run_address>
         <size>0x8</size>
         <input_file_ref idref="fl-8"/>
      </object_component>
      <object_component id="oc-29f">
         <name>.data</name>
         <load_address>0x20000728</load_address>
         <run_address>0x20000728</run_address>
         <size>0xc</size>
         <input_file_ref idref="fl-a"/>
      </object_component>
      <object_component id="oc-136">
         <name>.data</name>
         <load_address>0x20000754</load_address>
         <run_address>0x20000754</run_address>
         <size>0x4</size>
         <input_file_ref idref="fl-c"/>
      </object_component>
      <object_component id="oc-161">
         <name>.data:GPIO_PORT_TO_BASE</name>
         <load_address>0x200006a8</load_address>
         <run_address>0x200006a8</run_address>
         <size>0x30</size>
         <input_file_ref idref="fl-16"/>
      </object_component>
      <object_component id="oc-bd">
         <name>.data:$O1$$</name>
         <load_address>0x20000710</load_address>
         <run_address>0x20000710</run_address>
         <size>0xc</size>
         <input_file_ref idref="fl-e4"/>
      </object_component>
      <object_component id="oc-76">
         <name>.data</name>
         <load_address>0x20000750</load_address>
         <run_address>0x20000750</run_address>
         <size>0x4</size>
         <input_file_ref idref="fl-ee"/>
      </object_component>
      <object_component id="oc-c0">
         <name>.data:$O1$$</name>
         <load_address>0x20000734</load_address>
         <run_address>0x20000734</run_address>
         <size>0x8</size>
         <input_file_ref idref="fl-ef"/>
      </object_component>
      <object_component id="oc-175">
         <name>.data:_ftable</name>
         <load_address>0x200004e8</load_address>
         <run_address>0x200004e8</run_address>
         <size>0xf0</size>
         <input_file_ref idref="fl-f6"/>
      </object_component>
      <object_component id="oc-2ed">
         <name>.data</name>
         <load_address>0x20000700</load_address>
         <run_address>0x20000700</run_address>
         <size>0x10</size>
         <input_file_ref idref="fl-f6"/>
      </object_component>
      <object_component id="oc-2fe">
         <name>.data:$O1$$</name>
         <load_address>0x200005d8</load_address>
         <run_address>0x200005d8</run_address>
         <size>0xd0</size>
         <input_file_ref idref="fl-fc"/>
      </object_component>
      <object_component id="oc-320">
         <name>.data</name>
         <load_address>0x20000748</load_address>
         <run_address>0x20000748</run_address>
         <size>0x4</size>
         <input_file_ref idref="fl-10b"/>
      </object_component>
      <object_component id="oc-3a8">
         <name>.data</name>
         <load_address>0x2000074c</load_address>
         <run_address>0x2000074c</run_address>
         <size>0x4</size>
         <input_file_ref idref="fl-111"/>
      </object_component>
      <object_component id="oc-39e">
         <name>.data:$O1$$</name>
         <load_address>0x2000071c</load_address>
         <run_address>0x2000071c</run_address>
         <size>0xc</size>
         <input_file_ref idref="fl-112"/>
      </object_component>
      <object_component id="oc-1dc">
         <name>.bss:$P$T0$1</name>
         <uninitialized>true</uninitialized>
         <run_address>0x20000918</run_address>
         <size>0x1c</size>
         <input_file_ref idref="fl-6"/>
      </object_component>
      <object_component id="oc-19b">
         <name>.bss</name>
         <uninitialized>true</uninitialized>
         <run_address>0x20000950</run_address>
         <size>0x4</size>
         <input_file_ref idref="fl-7"/>
      </object_component>
      <object_component id="oc-339">
         <name>.bss</name>
         <uninitialized>true</uninitialized>
         <run_address>0x20000940</run_address>
         <size>0x8</size>
         <input_file_ref idref="fl-12"/>
      </object_component>
      <object_component id="oc-3bd">
         <name>.bss:parmbuf</name>
         <uninitialized>true</uninitialized>
         <run_address>0x20000948</run_address>
         <size>0x8</size>
         <input_file_ref idref="fl-107"/>
      </object_component>
      <object_component id="oc-3d2">
         <name>.bss:_CIOBUF_</name>
         <uninitialized>true</uninitialized>
         <run_address>0x20000758</run_address>
         <size>0x120</size>
         <input_file_ref idref="fl-108"/>
      </object_component>
      <object_component id="oc-1b3">
         <name>.common:Message</name>
         <uninitialized>true</uninitialized>
         <run_address>0x20000934</run_address>
         <size>0xc</size>
      </object_component>
      <object_component id="oc-1b6">
         <name>.common:Messageindex</name>
         <uninitialized>true</uninitialized>
         <run_address>0x20000954</run_address>
         <size>0x4</size>
      </object_component>
      <object_component id="oc-1b7">
         <name>.common:Ymax</name>
         <uninitialized>true</uninitialized>
         <run_address>0x2000095c</run_address>
         <size>0x4</size>
      </object_component>
      <object_component id="oc-1b8">
         <name>.common:Ymin</name>
         <uninitialized>true</uninitialized>
         <run_address>0x20000960</run_address>
         <size>0x4</size>
      </object_component>
      <object_component id="oc-1ba">
         <name>.common:X</name>
         <uninitialized>true</uninitialized>
         <run_address>0x20000958</run_address>
         <size>0x4</size>
      </object_component>
      <object_component id="oc-1b9">
         <name>.common:Yrange</name>
         <uninitialized>true</uninitialized>
         <run_address>0x20000964</run_address>
         <size>0x4</size>
      </object_component>
      <object_component id="oc-3cd">
         <name>.common:__TI_tmpnams</name>
         <uninitialized>true</uninitialized>
         <run_address>0x20000878</run_address>
         <size>0xa0</size>
      </object_component>
      <object_component id="oc-30">
         <name>.sysmem</name>
         <uninitialized>true</uninitialized>
         <run_address>0x200000e8</run_address>
         <size>0x8</size>
         <input_file_ref idref="fl-112"/>
      </object_component>
      <object_component id="oc-410">
         <name>.sysmem</name>
         <uninitialized>true</uninitialized>
         <run_address>0x200000e8</run_address>
         <size>0x0</size>
      </object_component>
      <object_component id="oc-2f">
         <name>.stack</name>
         <uninitialized>true</uninitialized>
         <run_address>0x2000fe00</run_address>
         <size>0x0</size>
         <input_file_ref idref="fl-e0"/>
      </object_component>
      <object_component id="oc-40f">
         <name>.stack</name>
         <uninitialized>true</uninitialized>
         <run_address>0x2000fe00</run_address>
         <size>0x0</size>
      </object_component>
      <object_component id="oc-2da">
         <name>.debug_info</name>
         <load_address>0x0</load_address>
         <run_address>0x0</run_address>
         <size>0x3df</size>
         <input_file_ref idref="fl-2"/>
      </object_component>
      <object_component id="oc-1f4">
         <name>.debug_info</name>
         <load_address>0x3df</load_address>
         <run_address>0x3df</run_address>
         <size>0x103e</size>
         <input_file_ref idref="fl-2"/>
      </object_component>
      <object_component id="oc-20f">
         <name>.debug_info</name>
         <load_address>0x141d</load_address>
         <run_address>0x141d</run_address>
         <size>0x37a3</size>
         <input_file_ref idref="fl-2"/>
      </object_component>
      <object_component id="oc-2a9">
         <name>.debug_info</name>
         <load_address>0x4bc0</load_address>
         <run_address>0x4bc0</run_address>
         <size>0x9a</size>
         <input_file_ref idref="fl-2"/>
      </object_component>
      <object_component id="oc-395">
         <name>.debug_info</name>
         <load_address>0x4c5a</load_address>
         <run_address>0x4c5a</run_address>
         <size>0x1b5</size>
         <input_file_ref idref="fl-2"/>
      </object_component>
      <object_component id="oc-15b">
         <name>.debug_info</name>
         <load_address>0x4e0f</load_address>
         <run_address>0x4e0f</run_address>
         <size>0x8b</size>
         <input_file_ref idref="fl-2"/>
      </object_component>
      <object_component id="oc-13a">
         <name>.debug_info</name>
         <load_address>0x4e9a</load_address>
         <run_address>0x4e9a</run_address>
         <size>0x18b</size>
         <input_file_ref idref="fl-2"/>
      </object_component>
      <object_component id="oc-298">
         <name>.debug_info</name>
         <load_address>0x5025</load_address>
         <run_address>0x5025</run_address>
         <size>0x545</size>
         <input_file_ref idref="fl-3"/>
      </object_component>
      <object_component id="oc-e2">
         <name>.debug_info</name>
         <load_address>0x556a</load_address>
         <run_address>0x556a</run_address>
         <size>0xd6</size>
         <input_file_ref idref="fl-3"/>
      </object_component>
      <object_component id="oc-81">
         <name>.debug_info</name>
         <load_address>0x5640</load_address>
         <run_address>0x5640</run_address>
         <size>0x2a7</size>
         <input_file_ref idref="fl-3"/>
      </object_component>
      <object_component id="oc-1e4">
         <name>.debug_info</name>
         <load_address>0x58e7</load_address>
         <run_address>0x58e7</run_address>
         <size>0xc8</size>
         <input_file_ref idref="fl-3"/>
      </object_component>
      <object_component id="oc-17a">
         <name>.debug_info</name>
         <load_address>0x59af</load_address>
         <run_address>0x59af</run_address>
         <size>0x4e</size>
         <input_file_ref idref="fl-3"/>
      </object_component>
      <object_component id="oc-95">
         <name>.debug_info</name>
         <load_address>0x59fd</load_address>
         <run_address>0x59fd</run_address>
         <size>0x84</size>
         <input_file_ref idref="fl-4"/>
      </object_component>
      <object_component id="oc-348">
         <name>.debug_info</name>
         <load_address>0x5a81</load_address>
         <run_address>0x5a81</run_address>
         <size>0x67e</size>
         <input_file_ref idref="fl-5"/>
      </object_component>
      <object_component id="oc-2d5">
         <name>.debug_info</name>
         <load_address>0x60ff</load_address>
         <run_address>0x60ff</run_address>
         <size>0x37a3</size>
         <input_file_ref idref="fl-5"/>
      </object_component>
      <object_component id="oc-1bf">
         <name>.debug_info</name>
         <load_address>0x98a2</load_address>
         <run_address>0x98a2</run_address>
         <size>0x51</size>
         <input_file_ref idref="fl-5"/>
      </object_component>
      <object_component id="oc-11b">
         <name>.debug_info</name>
         <load_address>0x98f3</load_address>
         <run_address>0x98f3</run_address>
         <size>0xc6</size>
         <input_file_ref idref="fl-5"/>
      </object_component>
      <object_component id="oc-1e3">
         <name>.debug_info</name>
         <load_address>0x99b9</load_address>
         <run_address>0x99b9</run_address>
         <size>0x4ce</size>
         <input_file_ref idref="fl-6"/>
      </object_component>
      <object_component id="oc-1e0">
         <name>.debug_info</name>
         <load_address>0x9e87</load_address>
         <run_address>0x9e87</run_address>
         <size>0xe1</size>
         <input_file_ref idref="fl-6"/>
      </object_component>
      <object_component id="oc-1da">
         <name>.debug_info</name>
         <load_address>0x9f68</load_address>
         <run_address>0x9f68</run_address>
         <size>0xe2</size>
         <input_file_ref idref="fl-6"/>
      </object_component>
      <object_component id="oc-1dd">
         <name>.debug_info</name>
         <load_address>0xa04a</load_address>
         <run_address>0xa04a</run_address>
         <size>0xd6</size>
         <input_file_ref idref="fl-6"/>
      </object_component>
      <object_component id="oc-10f">
         <name>.debug_info</name>
         <load_address>0xa120</load_address>
         <run_address>0xa120</run_address>
         <size>0x828</size>
         <input_file_ref idref="fl-6"/>
      </object_component>
      <object_component id="oc-1b4">
         <name>.debug_info</name>
         <load_address>0xa948</load_address>
         <run_address>0xa948</run_address>
         <size>0x4cb</size>
         <input_file_ref idref="fl-7"/>
      </object_component>
      <object_component id="oc-1a2">
         <name>.debug_info</name>
         <load_address>0xae13</load_address>
         <run_address>0xae13</run_address>
         <size>0x168</size>
         <input_file_ref idref="fl-7"/>
      </object_component>
      <object_component id="oc-1b1">
         <name>.debug_info</name>
         <load_address>0xaf7b</load_address>
         <run_address>0xaf7b</run_address>
         <size>0xd3</size>
         <input_file_ref idref="fl-7"/>
      </object_component>
      <object_component id="oc-19c">
         <name>.debug_info</name>
         <load_address>0xb04e</load_address>
         <run_address>0xb04e</run_address>
         <size>0x13f</size>
         <input_file_ref idref="fl-7"/>
      </object_component>
      <object_component id="oc-19f">
         <name>.debug_info</name>
         <load_address>0xb18d</load_address>
         <run_address>0xb18d</run_address>
         <size>0xd4</size>
         <input_file_ref idref="fl-7"/>
      </object_component>
      <object_component id="oc-1a5">
         <name>.debug_info</name>
         <load_address>0xb261</load_address>
         <run_address>0xb261</run_address>
         <size>0xd6</size>
         <input_file_ref idref="fl-7"/>
      </object_component>
      <object_component id="oc-1a8">
         <name>.debug_info</name>
         <load_address>0xb337</load_address>
         <run_address>0xb337</run_address>
         <size>0xe0</size>
         <input_file_ref idref="fl-7"/>
      </object_component>
      <object_component id="oc-1ab">
         <name>.debug_info</name>
         <load_address>0xb417</load_address>
         <run_address>0xb417</run_address>
         <size>0xdc</size>
         <input_file_ref idref="fl-7"/>
      </object_component>
      <object_component id="oc-1ae">
         <name>.debug_info</name>
         <load_address>0xb4f3</load_address>
         <run_address>0xb4f3</run_address>
         <size>0xd6</size>
         <input_file_ref idref="fl-7"/>
      </object_component>
      <object_component id="oc-1bc">
         <name>.debug_info</name>
         <load_address>0xb5c9</load_address>
         <run_address>0xb5c9</run_address>
         <size>0xd5</size>
         <input_file_ref idref="fl-7"/>
      </object_component>
      <object_component id="oc-109">
         <name>.debug_info</name>
         <load_address>0xb69e</load_address>
         <run_address>0xb69e</run_address>
         <size>0x2167</size>
         <input_file_ref idref="fl-7"/>
      </object_component>
      <object_component id="oc-195">
         <name>.debug_info</name>
         <load_address>0xd805</load_address>
         <run_address>0xd805</run_address>
         <size>0x3c4</size>
         <input_file_ref idref="fl-8"/>
      </object_component>
      <object_component id="oc-192">
         <name>.debug_info</name>
         <load_address>0xdbc9</load_address>
         <run_address>0xdbc9</run_address>
         <size>0x130</size>
         <input_file_ref idref="fl-8"/>
      </object_component>
      <object_component id="oc-18f">
         <name>.debug_info</name>
         <load_address>0xdcf9</load_address>
         <run_address>0xdcf9</run_address>
         <size>0xe1</size>
         <input_file_ref idref="fl-8"/>
      </object_component>
      <object_component id="oc-103">
         <name>.debug_info</name>
         <load_address>0xddda</load_address>
         <run_address>0xddda</run_address>
         <size>0x60d</size>
         <input_file_ref idref="fl-8"/>
      </object_component>
      <object_component id="oc-196">
         <name>.debug_info</name>
         <load_address>0xe3e7</load_address>
         <run_address>0xe3e7</run_address>
         <size>0x46</size>
         <input_file_ref idref="fl-8"/>
      </object_component>
      <object_component id="oc-120">
         <name>.debug_info</name>
         <load_address>0xe42d</load_address>
         <run_address>0xe42d</run_address>
         <size>0x486</size>
         <input_file_ref idref="fl-9"/>
      </object_component>
      <object_component id="oc-115">
         <name>.debug_info</name>
         <load_address>0xe8b3</load_address>
         <run_address>0xe8b3</run_address>
         <size>0xd7</size>
         <input_file_ref idref="fl-9"/>
      </object_component>
      <object_component id="oc-118">
         <name>.debug_info</name>
         <load_address>0xe98a</load_address>
         <run_address>0xe98a</run_address>
         <size>0xd7</size>
         <input_file_ref idref="fl-9"/>
      </object_component>
      <object_component id="oc-b6">
         <name>.debug_info</name>
         <load_address>0xea61</load_address>
         <run_address>0xea61</run_address>
         <size>0x1e3</size>
         <input_file_ref idref="fl-9"/>
      </object_component>
      <object_component id="oc-1ef">
         <name>.debug_info</name>
         <load_address>0xec44</load_address>
         <run_address>0xec44</run_address>
         <size>0x37a3</size>
         <input_file_ref idref="fl-9"/>
      </object_component>
      <object_component id="oc-2a0">
         <name>.debug_info</name>
         <load_address>0x123e7</load_address>
         <run_address>0x123e7</run_address>
         <size>0x10f</size>
         <input_file_ref idref="fl-a"/>
      </object_component>
      <object_component id="oc-189">
         <name>.debug_info</name>
         <load_address>0x124f6</load_address>
         <run_address>0x124f6</run_address>
         <size>0x32f</size>
         <input_file_ref idref="fl-a"/>
      </object_component>
      <object_component id="oc-88">
         <name>.debug_info</name>
         <load_address>0x12825</load_address>
         <run_address>0x12825</run_address>
         <size>0x125</size>
         <input_file_ref idref="fl-b"/>
      </object_component>
      <object_component id="oc-2d">
         <name>.debug_info</name>
         <load_address>0x1294a</load_address>
         <run_address>0x1294a</run_address>
         <size>0xfd</size>
         <input_file_ref idref="fl-b"/>
      </object_component>
      <object_component id="oc-7b">
         <name>.debug_info</name>
         <load_address>0x12a47</load_address>
         <run_address>0x12a47</run_address>
         <size>0x1c4</size>
         <input_file_ref idref="fl-b"/>
      </object_component>
      <object_component id="oc-137">
         <name>.debug_info</name>
         <load_address>0x12c0b</load_address>
         <run_address>0x12c0b</run_address>
         <size>0xf6</size>
         <input_file_ref idref="fl-c"/>
      </object_component>
      <object_component id="oc-c9">
         <name>.debug_info</name>
         <load_address>0x12d01</load_address>
         <run_address>0x12d01</run_address>
         <size>0x268</size>
         <input_file_ref idref="fl-c"/>
      </object_component>
      <object_component id="oc-140">
         <name>.debug_info</name>
         <load_address>0x12f69</load_address>
         <run_address>0x12f69</run_address>
         <size>0x3cc</size>
         <input_file_ref idref="fl-10"/>
      </object_component>
      <object_component id="oc-343">
         <name>.debug_info</name>
         <load_address>0x13335</load_address>
         <run_address>0x13335</run_address>
         <size>0x5df</size>
         <input_file_ref idref="fl-12"/>
      </object_component>
      <object_component id="oc-33a">
         <name>.debug_info</name>
         <load_address>0x13914</load_address>
         <run_address>0x13914</run_address>
         <size>0x10c</size>
         <input_file_ref idref="fl-12"/>
      </object_component>
      <object_component id="oc-29a">
         <name>.debug_info</name>
         <load_address>0x13a20</load_address>
         <run_address>0x13a20</run_address>
         <size>0x22e6</size>
         <input_file_ref idref="fl-12"/>
      </object_component>
      <object_component id="oc-168">
         <name>.debug_info</name>
         <load_address>0x15d06</load_address>
         <run_address>0x15d06</run_address>
         <size>0x4e8</size>
         <input_file_ref idref="fl-16"/>
      </object_component>
      <object_component id="oc-165">
         <name>.debug_info</name>
         <load_address>0x161ee</load_address>
         <run_address>0x161ee</run_address>
         <size>0xfe</size>
         <input_file_ref idref="fl-16"/>
      </object_component>
      <object_component id="oc-162">
         <name>.debug_info</name>
         <load_address>0x162ec</load_address>
         <run_address>0x162ec</run_address>
         <size>0x100</size>
         <input_file_ref idref="fl-16"/>
      </object_component>
      <object_component id="oc-d6">
         <name>.debug_info</name>
         <load_address>0x163ec</load_address>
         <run_address>0x163ec</run_address>
         <size>0x1a01</size>
         <input_file_ref idref="fl-16"/>
      </object_component>
      <object_component id="oc-160">
         <name>.debug_info</name>
         <load_address>0x17ded</load_address>
         <run_address>0x17ded</run_address>
         <size>0x476</size>
         <input_file_ref idref="fl-18"/>
      </object_component>
      <object_component id="oc-149">
         <name>.debug_info</name>
         <load_address>0x18263</load_address>
         <run_address>0x18263</run_address>
         <size>0xfd</size>
         <input_file_ref idref="fl-18"/>
      </object_component>
      <object_component id="oc-14c">
         <name>.debug_info</name>
         <load_address>0x18360</load_address>
         <run_address>0x18360</run_address>
         <size>0xf5</size>
         <input_file_ref idref="fl-18"/>
      </object_component>
      <object_component id="oc-14f">
         <name>.debug_info</name>
         <load_address>0x18455</load_address>
         <run_address>0x18455</run_address>
         <size>0xf9</size>
         <input_file_ref idref="fl-18"/>
      </object_component>
      <object_component id="oc-152">
         <name>.debug_info</name>
         <load_address>0x1854e</load_address>
         <run_address>0x1854e</run_address>
         <size>0xfb</size>
         <input_file_ref idref="fl-18"/>
      </object_component>
      <object_component id="oc-155">
         <name>.debug_info</name>
         <load_address>0x18649</load_address>
         <run_address>0x18649</run_address>
         <size>0xfd</size>
         <input_file_ref idref="fl-18"/>
      </object_component>
      <object_component id="oc-158">
         <name>.debug_info</name>
         <load_address>0x18746</load_address>
         <run_address>0x18746</run_address>
         <size>0x101</size>
         <input_file_ref idref="fl-18"/>
      </object_component>
      <object_component id="oc-146">
         <name>.debug_info</name>
         <load_address>0x18847</load_address>
         <run_address>0x18847</run_address>
         <size>0x102</size>
         <input_file_ref idref="fl-18"/>
      </object_component>
      <object_component id="oc-d0">
         <name>.debug_info</name>
         <load_address>0x18949</load_address>
         <run_address>0x18949</run_address>
         <size>0x11a5</size>
         <input_file_ref idref="fl-18"/>
      </object_component>
      <object_component id="oc-392">
         <name>.debug_info</name>
         <load_address>0x19aee</load_address>
         <run_address>0x19aee</run_address>
         <size>0x3ae</size>
         <input_file_ref idref="fl-21"/>
      </object_component>
      <object_component id="oc-33d">
         <name>.debug_info</name>
         <load_address>0x19e9c</load_address>
         <run_address>0x19e9c</run_address>
         <size>0xea4</size>
         <input_file_ref idref="fl-21"/>
      </object_component>
      <object_component id="oc-27">
         <name>.debug_info</name>
         <load_address>0x1ad40</load_address>
         <run_address>0x1ad40</run_address>
         <size>0x17c</size>
         <input_file_ref idref="fl-e0"/>
      </object_component>
      <object_component id="oc-3e">
         <name>.debug_info</name>
         <load_address>0x1aebc</load_address>
         <run_address>0x1aebc</run_address>
         <size>0x15c</size>
         <input_file_ref idref="fl-e1"/>
      </object_component>
      <object_component id="oc-15">
         <name>.debug_info</name>
         <load_address>0x1b018</load_address>
         <run_address>0x1b018</run_address>
         <size>0x1fb</size>
         <input_file_ref idref="fl-e1"/>
      </object_component>
      <object_component id="oc-39">
         <name>.debug_info</name>
         <load_address>0x1b213</load_address>
         <run_address>0x1b213</run_address>
         <size>0x46</size>
         <input_file_ref idref="fl-e1"/>
      </object_component>
      <object_component id="oc-8e">
         <name>.debug_info</name>
         <load_address>0x1b259</load_address>
         <run_address>0x1b259</run_address>
         <size>0x2c</size>
         <input_file_ref idref="fl-e1"/>
      </object_component>
      <object_component id="oc-46">
         <name>.debug_info</name>
         <load_address>0x1b285</load_address>
         <run_address>0x1b285</run_address>
         <size>0x150</size>
         <input_file_ref idref="fl-e2"/>
      </object_component>
      <object_component id="oc-43">
         <name>.debug_info</name>
         <load_address>0x1b3d5</load_address>
         <run_address>0x1b3d5</run_address>
         <size>0x263</size>
         <input_file_ref idref="fl-e2"/>
      </object_component>
      <object_component id="oc-1d">
         <name>.debug_info</name>
         <load_address>0x1b638</load_address>
         <run_address>0x1b638</run_address>
         <size>0x1cd</size>
         <input_file_ref idref="fl-e2"/>
      </object_component>
      <object_component id="oc-47">
         <name>.debug_info</name>
         <load_address>0x1b805</load_address>
         <run_address>0x1b805</run_address>
         <size>0x39</size>
         <input_file_ref idref="fl-e2"/>
      </object_component>
      <object_component id="oc-9d">
         <name>.debug_info</name>
         <load_address>0x1b83e</load_address>
         <run_address>0x1b83e</run_address>
         <size>0x2c</size>
         <input_file_ref idref="fl-e2"/>
      </object_component>
      <object_component id="oc-c4">
         <name>.debug_info</name>
         <load_address>0x1b86a</load_address>
         <run_address>0x1b86a</run_address>
         <size>0x250</size>
         <input_file_ref idref="fl-e4"/>
      </object_component>
      <object_component id="oc-be">
         <name>.debug_info</name>
         <load_address>0x1baba</load_address>
         <run_address>0x1baba</run_address>
         <size>0x1a1</size>
         <input_file_ref idref="fl-e4"/>
      </object_component>
      <object_component id="oc-74">
         <name>.debug_info</name>
         <load_address>0x1bc5b</load_address>
         <run_address>0x1bc5b</run_address>
         <size>0x230</size>
         <input_file_ref idref="fl-e4"/>
      </object_component>
      <object_component id="oc-1ca">
         <name>.debug_info</name>
         <load_address>0x1be8b</load_address>
         <run_address>0x1be8b</run_address>
         <size>0x14e</size>
         <input_file_ref idref="fl-e5"/>
      </object_component>
      <object_component id="oc-1cf">
         <name>.debug_info</name>
         <load_address>0x1bfd9</load_address>
         <run_address>0x1bfd9</run_address>
         <size>0x152</size>
         <input_file_ref idref="fl-e6"/>
      </object_component>
      <object_component id="oc-1c5">
         <name>.debug_info</name>
         <load_address>0x1c12b</load_address>
         <run_address>0x1c12b</run_address>
         <size>0x140</size>
         <input_file_ref idref="fl-e7"/>
      </object_component>
      <object_component id="oc-34">
         <name>.debug_info</name>
         <load_address>0x1c26b</load_address>
         <run_address>0x1c26b</run_address>
         <size>0x12d</size>
         <input_file_ref idref="fl-e8"/>
      </object_component>
      <object_component id="oc-4d">
         <name>.debug_info</name>
         <load_address>0x1c398</load_address>
         <run_address>0x1c398</run_address>
         <size>0x15b</size>
         <input_file_ref idref="fl-e9"/>
      </object_component>
      <object_component id="oc-59">
         <name>.debug_info</name>
         <load_address>0x1c4f3</load_address>
         <run_address>0x1c4f3</run_address>
         <size>0x154</size>
         <input_file_ref idref="fl-ea"/>
      </object_component>
      <object_component id="oc-5f">
         <name>.debug_info</name>
         <load_address>0x1c647</load_address>
         <run_address>0x1c647</run_address>
         <size>0x164</size>
         <input_file_ref idref="fl-eb"/>
      </object_component>
      <object_component id="oc-179">
         <name>.debug_info</name>
         <load_address>0x1c7ab</load_address>
         <run_address>0x1c7ab</run_address>
         <size>0x248</size>
         <input_file_ref idref="fl-ec"/>
      </object_component>
      <object_component id="oc-df">
         <name>.debug_info</name>
         <load_address>0x1c9f3</load_address>
         <run_address>0x1c9f3</run_address>
         <size>0x2a0</size>
         <input_file_ref idref="fl-ec"/>
      </object_component>
      <object_component id="oc-293">
         <name>.debug_info</name>
         <load_address>0x1cc93</load_address>
         <run_address>0x1cc93</run_address>
         <size>0xae</size>
         <input_file_ref idref="fl-ec"/>
      </object_component>
      <object_component id="oc-2c6">
         <name>.debug_info</name>
         <load_address>0x1cd41</load_address>
         <run_address>0x1cd41</run_address>
         <size>0x1de</size>
         <input_file_ref idref="fl-ed"/>
      </object_component>
      <object_component id="oc-1d4">
         <name>.debug_info</name>
         <load_address>0x1cf1f</load_address>
         <run_address>0x1cf1f</run_address>
         <size>0x35a</size>
         <input_file_ref idref="fl-ed"/>
      </object_component>
      <object_component id="oc-283">
         <name>.debug_info</name>
         <load_address>0x1d279</load_address>
         <run_address>0x1d279</run_address>
         <size>0x2c</size>
         <input_file_ref idref="fl-ed"/>
      </object_component>
      <object_component id="oc-2c7">
         <name>.debug_info</name>
         <load_address>0x1d2a5</load_address>
         <run_address>0x1d2a5</run_address>
         <size>0x69</size>
         <input_file_ref idref="fl-ed"/>
      </object_component>
      <object_component id="oc-77">
         <name>.debug_info</name>
         <load_address>0x1d30e</load_address>
         <run_address>0x1d30e</run_address>
         <size>0x125</size>
         <input_file_ref idref="fl-ee"/>
      </object_component>
      <object_component id="oc-132">
         <name>.debug_info</name>
         <load_address>0x1d433</load_address>
         <run_address>0x1d433</run_address>
         <size>0x140</size>
         <input_file_ref idref="fl-ef"/>
      </object_component>
      <object_component id="oc-c1">
         <name>.debug_info</name>
         <load_address>0x1d573</load_address>
         <run_address>0x1d573</run_address>
         <size>0x12f</size>
         <input_file_ref idref="fl-ef"/>
      </object_component>
      <object_component id="oc-12b">
         <name>.debug_info</name>
         <load_address>0x1d6a2</load_address>
         <run_address>0x1d6a2</run_address>
         <size>0x23b</size>
         <input_file_ref idref="fl-ef"/>
      </object_component>
      <object_component id="oc-27d">
         <name>.debug_info</name>
         <load_address>0x1d8dd</load_address>
         <run_address>0x1d8dd</run_address>
         <size>0x3ac</size>
         <input_file_ref idref="fl-f0"/>
      </object_component>
      <object_component id="oc-170">
         <name>.debug_info</name>
         <load_address>0x1dc89</load_address>
         <run_address>0x1dc89</run_address>
         <size>0x180c</size>
         <input_file_ref idref="fl-f0"/>
      </object_component>
      <object_component id="oc-27e">
         <name>.debug_info</name>
         <load_address>0x1f495</load_address>
         <run_address>0x1f495</run_address>
         <size>0x86</size>
         <input_file_ref idref="fl-f0"/>
      </object_component>
      <object_component id="oc-330">
         <name>.debug_info</name>
         <load_address>0x1f51b</load_address>
         <run_address>0x1f51b</run_address>
         <size>0x46</size>
         <input_file_ref idref="fl-f0"/>
      </object_component>
      <object_component id="oc-288">
         <name>.debug_info</name>
         <load_address>0x1f561</load_address>
         <run_address>0x1f561</run_address>
         <size>0x39</size>
         <input_file_ref idref="fl-f0"/>
      </object_component>
      <object_component id="oc-bc">
         <name>.debug_info</name>
         <load_address>0x1f59a</load_address>
         <run_address>0x1f59a</run_address>
         <size>0x182</size>
         <input_file_ref idref="fl-f1"/>
      </object_component>
      <object_component id="oc-6b">
         <name>.debug_info</name>
         <load_address>0x1f71c</load_address>
         <run_address>0x1f71c</run_address>
         <size>0x183</size>
         <input_file_ref idref="fl-f1"/>
      </object_component>
      <object_component id="oc-123">
         <name>.debug_info</name>
         <load_address>0x1f89f</load_address>
         <run_address>0x1f89f</run_address>
         <size>0x5e</size>
         <input_file_ref idref="fl-f1"/>
      </object_component>
      <object_component id="oc-32d">
         <name>.debug_info</name>
         <load_address>0x1f8fd</load_address>
         <run_address>0x1f8fd</run_address>
         <size>0x130</size>
         <input_file_ref idref="fl-f2"/>
      </object_component>
      <object_component id="oc-277">
         <name>.debug_info</name>
         <load_address>0x1fa2d</load_address>
         <run_address>0x1fa2d</run_address>
         <size>0x18d</size>
         <input_file_ref idref="fl-f2"/>
      </object_component>
      <object_component id="oc-b4">
         <name>.debug_info</name>
         <load_address>0x1fbba</load_address>
         <run_address>0x1fbba</run_address>
         <size>0x305</size>
         <input_file_ref idref="fl-f3"/>
      </object_component>
      <object_component id="oc-65">
         <name>.debug_info</name>
         <load_address>0x1febf</load_address>
         <run_address>0x1febf</run_address>
         <size>0x1ac</size>
         <input_file_ref idref="fl-f3"/>
      </object_component>
      <object_component id="oc-f8">
         <name>.debug_info</name>
         <load_address>0x2006b</load_address>
         <run_address>0x2006b</run_address>
         <size>0x39</size>
         <input_file_ref idref="fl-f3"/>
      </object_component>
      <object_component id="oc-fd">
         <name>.debug_info</name>
         <load_address>0x200a4</load_address>
         <run_address>0x200a4</run_address>
         <size>0xcd</size>
         <input_file_ref idref="fl-f3"/>
      </object_component>
[...]
         <name>printf</name>
         <value>0x6489</value>
         <object_component_ref idref="oc-db"/>
      </symbol>
      <symbol id="sm-730">
         <name>snprintf</name>
         <value>0x61f5</value>
         <object_component_ref idref="oc-1d3"/>
      </symbol>
      <symbol id="sm-738">
         <name>main_func_sp</name>
         <value>0x20000750</value>
         <object_component_ref idref="oc-76"/>
      </symbol>
      <symbol id="sm-751">
         <name>_nop</name>
         <value>0x6a07</value>
         <object_component_ref idref="oc-12a"/>
      </symbol>
      <symbol id="sm-752">
         <name>_lock</name>
         <value>0x20000734</value>
         <object_component_ref idref="oc-c0"/>
      </symbol>
      <symbol id="sm-753">
         <name>_unlock</name>
         <value>0x20000738</value>
         <object_component_ref idref="oc-c0"/>
      </symbol>
      <symbol id="sm-754">
         <name>_register_lock</name>
         <value>0x69ff</value>
         <object_component_ref idref="oc-12a"/>
      </symbol>
      <symbol id="sm-755">
         <name>_register_unlock</name>
         <value>0x69f9</value>
         <object_component_ref idref="oc-12a"/>
      </symbol>
      <symbol id="sm-85c">
         <name>__TI_printfi</name>
         <value>0x2267</value>
         <object_component_ref idref="oc-16f"/>
      </symbol>
      <symbol id="sm-870">
         <name>_args_main</name>
         <value>0x69b1</value>
         <object_component_ref idref="oc-6a"/>
      </symbol>
      <symbol id="sm-886">
         <name>atoi</name>
         <value>0x67f9</value>
         <object_component_ref idref="oc-276"/>
      </symbol>
      <symbol id="sm-8ab">
         <name>__TI_auto_init</name>
         <value>0x6411</value>
         <object_component_ref idref="oc-64"/>
      </symbol>
      <symbol id="sm-8c5">
         <name>copy_in</name>
         <value>0x6845</value>
         <object_component_ref idref="oc-a7"/>
      </symbol>
      <symbol id="sm-8d0">
         <name>_ctypes_</name>
         <value>0x716b</value>
         <object_component_ref idref="oc-329"/>
      </symbol>
      <symbol id="sm-8e5">
         <name>__TI_tmpnams</name>
         <value>0x20000878</value>
      </symbol>
      <symbol id="sm-8e6">
         <name>__aeabi_stdout</name>
         <value>0x20000708</value>
         <object_component_ref idref="oc-2ed"/>
      </symbol>
      <symbol id="sm-8e7">
         <name>__aeabi_stderr</name>
         <value>0x2000070c</value>
         <object_component_ref idref="oc-2ed"/>
      </symbol>
      <symbol id="sm-8e8">
         <name>__aeabi_stdin</name>
         <value>0x20000704</value>
         <object_component_ref idref="oc-2ed"/>
      </symbol>
      <symbol id="sm-8e9">
         <name>_ftable</name>
         <value>0x200004e8</value>
         <object_component_ref idref="oc-175"/>
      </symbol>
      <symbol id="sm-8ea">
         <name>__TI_ft_end</name>
         <value>0x20000700</value>
         <object_component_ref idref="oc-2ed"/>
      </symbol>
      <symbol id="sm-901">
         <name>__aeabi_dsub</name>
         <value>0x54e5</value>
         <object_component_ref idref="oc-259"/>
      </symbol>
      <symbol id="sm-902">
         <name>__aeabi_dadd</name>
         <value>0x54ef</value>
         <object_component_ref idref="oc-259"/>
      </symbol>
      <symbol id="sm-924">
         <name>__aeabi_cdcmpeq</name>
         <value>0x6289</value>
         <object_component_ref idref="oc-23f"/>
      </symbol>
      <symbol id="sm-925">
         <name>__aeabi_cdcmple</name>
         <value>0x6289</value>
         <object_component_ref idref="oc-23f"/>
      </symbol>
      <symbol id="sm-926">
         <name>__aeabi_cdrcmple</name>
         <value>0x630f</value>
         <object_component_ref idref="oc-249"/>
      </symbol>
      <symbol id="sm-93a">
         <name>__aeabi_ddiv</name>
         <value>0x5835</value>
         <object_component_ref idref="oc-244"/>
      </symbol>
      <symbol id="sm-944">
         <name>__aeabi_d2iz</name>
         <value>0x6891</value>
         <object_component_ref idref="oc-24e"/>
      </symbol>
      <symbol id="sm-966">
         <name>puts</name>
         <value>0x5a79</value>
         <object_component_ref idref="oc-169"/>
      </symbol>
      <symbol id="sm-967">
         <name>fputs</name>
         <value>0x596d</value>
         <object_component_ref idref="oc-169"/>
      </symbol>
      <symbol id="sm-9b5">
         <name>open</name>
         <value>0x4a87</value>
         <object_component_ref idref="oc-232"/>
      </symbol>
      <symbol id="sm-9b6">
         <name>add_device</name>
         <value>0x4ba9</value>
         <object_component_ref idref="oc-232"/>
      </symbol>
      <symbol id="sm-9b7">
         <name>remove_device</name>
         <value>0x4a3b</value>
         <object_component_ref idref="oc-232"/>
      </symbol>
      <symbol id="sm-9b8">
         <name>lseek</name>
         <value>0x4b35</value>
         <object_component_ref idref="oc-232"/>
      </symbol>
      <symbol id="sm-9b9">
         <name>read</name>
         <value>0x4a63</value>
         <object_component_ref idref="oc-232"/>
      </symbol>
      <symbol id="sm-9ba">
         <name>rename</name>
         <value>0x49fd</value>
         <object_component_ref idref="oc-232"/>
      </symbol>
      <symbol id="sm-9bb">
         <name>write</name>
         <value>0x4949</value>
         <object_component_ref idref="oc-232"/>
      </symbol>
      <symbol id="sm-9bc">
         <name>close</name>
         <value>0x4b59</value>
         <object_component_ref idref="oc-232"/>
      </symbol>
      <symbol id="sm-9bd">
         <name>unlink</name>
         <value>0x49d9</value>
         <object_component_ref idref="oc-232"/>
      </symbol>
      <symbol id="sm-9cc">
         <name>ltoa</name>
         <value>0x66f9</value>
         <object_component_ref idref="oc-253"/>
      </symbol>
      <symbol id="sm-9dc">
         <name>memccpy</name>
         <value>0x6995</value>
         <object_component_ref idref="oc-270"/>
      </symbol>
      <symbol id="sm-9ec">
         <name>memchr</name>
         <value>0x6975</value>
         <object_component_ref idref="oc-226"/>
      </symbol>
      <symbol id="sm-a07">
         <name>frexpl</name>
         <value>0x6695</value>
         <object_component_ref idref="oc-25e"/>
      </symbol>
      <symbol id="sm-a08">
         <name>frexp</name>
         <value>0x6695</value>
         <object_component_ref idref="oc-25e"/>
      </symbol>
      <symbol id="sm-a25">
         <name>scalbn</name>
         <value>0x5cbd</value>
         <object_component_ref idref="oc-264"/>
      </symbol>
      <symbol id="sm-a26">
         <name>scalbnl</name>
         <value>0x5cbd</value>
         <object_component_ref idref="oc-264"/>
      </symbol>
      <symbol id="sm-a27">
         <name>ldexpl</name>
         <value>0x5cbd</value>
         <object_component_ref idref="oc-264"/>
      </symbol>
      <symbol id="sm-a28">
         <name>ldexp</name>
         <value>0x5cbd</value>
         <object_component_ref idref="oc-264"/>
      </symbol>
      <symbol id="sm-a32">
         <name>_system_post_cinit</name>
         <value>0x596b</value>
         <object_component_ref idref="oc-ad"/>
      </symbol>
      <symbol id="sm-a42">
         <name>strchr</name>
         <value>0x69e1</value>
         <object_component_ref idref="oc-26a"/>
      </symbol>
      <symbol id="sm-a51">
         <name>strcmp</name>
         <value>0x69c9</value>
         <object_component_ref idref="oc-2f2"/>
      </symbol>
      <symbol id="sm-a5f">
         <name>strlen</name>
         <value>0x6a35</value>
         <object_component_ref idref="oc-220"/>
      </symbol>
      <symbol id="sm-a6f">
         <name>strncpy</name>
         <value>0x6917</value>
         <object_component_ref idref="oc-2f8"/>
      </symbol>
      <symbol id="sm-a97">
         <name>HOSTgetenv</name>
         <value>0x4885</value>
         <object_component_ref idref="oc-36e"/>
      </symbol>
      <symbol id="sm-a98">
         <name>HOSTrename</name>
         <value>0x472d</value>
         <object_component_ref idref="oc-36e"/>
      </symbol>
      <symbol id="sm-a99">
         <name>HOSTclose</name>
         <value>0x48c3</value>
         <object_component_ref idref="oc-36e"/>
      </symbol>
      <symbol id="sm-a9a">
         <name>HOSTtime64</name>
         <value>0x46a9</value>
         <object_component_ref idref="oc-36e"/>
      </symbol>
      <symbol id="sm-a9b">
         <name>HOSTunlink</name>
         <value>0x4671</value>
         <object_component_ref idref="oc-36e"/>
      </symbol>
      <symbol id="sm-a9c">
         <name>HOSTlseek</name>
         <value>0x4829</value>
         <object_component_ref idref="oc-36e"/>
      </symbol>
      <symbol id="sm-a9d">
         <name>HOSTopen</name>
         <value>0x47d7</value>
         <object_component_ref idref="oc-36e"/>
      </symbol>
      <symbol id="sm-a9e">
         <name>HOSTclock</name>
         <value>0x48fb</value>
         <object_component_ref idref="oc-36e"/>
      </symbol>
      <symbol id="sm-a9f">
         <name>HOSTwrite</name>
         <value>0x4625</value>
         <object_component_ref idref="oc-36e"/>
      </symbol>
      <symbol id="sm-aa0">
         <name>HOSTread</name>
         <value>0x478b</value>
         <object_component_ref idref="oc-36e"/>
      </symbol>
      <symbol id="sm-aa1">
         <name>HOSTtime</name>
         <value>0x46f3</value>
         <object_component_ref idref="oc-36e"/>
      </symbol>
      <symbol id="sm-abc">
         <name>__TI_readmsg</name>
         <value>0x65fb</value>
         <object_component_ref idref="oc-3b1"/>
      </symbol>
      <symbol id="sm-abd">
         <name>C$$IO$$</name>
         <value>0x65f7</value>
         <object_component_ref idref="oc-3b1"/>
      </symbol>
      <symbol id="sm-abe">
         <name>__CIOBUF_</name>
         <value>0x20000758</value>
         <object_component_ref idref="oc-3d2"/>
      </symbol>
      <symbol id="sm-abf">
         <name>__TI_writemsg</name>
         <value>0x65c9</value>
         <object_component_ref idref="oc-3b1"/>
      </symbol>
      <symbol id="sm-adb">
         <name>__aeabi_uldivmod</name>
         <value>0x512d</value>
         <object_component_ref idref="oc-23a"/>
      </symbol>
      <symbol id="sm-af9">
         <name>__TI_wrt_ok</name>
         <value>0x6015</value>
         <object_component_ref idref="oc-21a"/>
      </symbol>
      <symbol id="sm-afa">
         <name>__TI_rd_ok</name>
         <value>0x6077</value>
         <object_component_ref idref="oc-21a"/>
      </symbol>
      <symbol id="sm-b02">
         <name>errno</name>
         <value>0x20000748</value>
         <object_component_ref idref="oc-320"/>
      </symbol>
      <symbol id="sm-b1c">
         <name>__TI_doflush</name>
         <value>0x5e95</value>
         <object_component_ref idref="oc-22c"/>
      </symbol>
      <symbol id="sm-b1d">
         <name>fflush</name>
         <value>0x5ee1</value>
         <object_component_ref idref="oc-22c"/>
      </symbol>
      <symbol id="sm-b2f">
         <name>fseek</name>
         <value>0x6631</value>
         <object_component_ref idref="oc-2db"/>
      </symbol>
      <symbol id="sm-b39">
         <name>copysign</name>
         <value>0x6a0d</value>
         <object_component_ref idref="oc-31a"/>
      </symbol>
      <symbol id="sm-b3a">
         <name>copysignl</name>
         <value>0x6a0d</value>
         <object_component_ref idref="oc-31a"/>
      </symbol>
      <symbol id="sm-b56">
         <name>setvbuf</name>
         <value>0x5db9</value>
         <object_component_ref idref="oc-2e1"/>
      </symbol>
      <symbol id="sm-b64">
         <name>strcpy</name>
         <value>0x6a21</value>
         <object_component_ref idref="oc-3b7"/>
      </symbol>
      <symbol id="sm-b9b">
         <name>__TI_cleanup</name>
         <value>0x53e9</value>
         <object_component_ref idref="oc-353"/>
      </symbol>
      <symbol id="sm-b9c">
         <name>freopen</name>
         <value>0x5415</value>
         <object_component_ref idref="oc-353"/>
      </symbol>
      <symbol id="sm-b9d">
         <name>fopen</name>
         <value>0x543f</value>
         <object_component_ref idref="oc-353"/>
      </symbol>
      <symbol id="sm-c0c">
         <name>_sys_memory</name>
         <value>0x200000e8</value>
         <object_component_ref idref="oc-30"/>
      </symbol>
      <symbol id="sm-c0d">
         <name>free</name>
         <value>0x3c4f</value>
         <object_component_ref idref="oc-34d"/>
      </symbol>
      <symbol id="sm-c0e">
         <name>realloc</name>
         <value>0x3d11</value>
         <object_component_ref idref="oc-34d"/>
      </symbol>
      <symbol id="sm-c0f">
         <name>memalign</name>
         <value>0x3e1d</value>
         <object_component_ref idref="oc-34d"/>
      </symbol>
      <symbol id="sm-c10">
         <name>calloc</name>
         <value>0x3f01</value>
         <object_component_ref idref="oc-34d"/>
      </symbol>
      <symbol id="sm-c11">
         <name>malloc</name>
         <value>0x3be7</value>
         <object_component_ref idref="oc-34d"/>
      </symbol>
      <symbol id="sm-c12">
         <name>minit</name>
         <value>0x3b59</value>
         <object_component_ref idref="oc-34d"/>
      </symbol>
      <symbol id="sm-c28">
         <name>__TI_closefile</name>
         <value>0x615d</value>
         <object_component_ref idref="oc-3a2"/>
      </symbol>
      <symbol id="sm-c29">
         <name>fclose</name>
         <value>0x61c3</value>
         <object_component_ref idref="oc-3a2"/>
      </symbol>
      <symbol id="sm-c2b">
         <name>__TI_static_base__</name>
         <value>0x0</value>
      </symbol>
      <symbol id="sm-c2e">
         <name>SHT$$INIT_ARRAY$$Limit</name>
         <value>0x0</value>
      </symbol>
      <symbol id="sm-c2f">
         <name>SHT$$INIT_ARRAY$$Base</name>
         <value>0x0</value>
      </symbol>
      <symbol id="sm-c30">
         <name>NMI_Handler</name>
         <value>0x6a63</value>
      </symbol>
      <symbol id="sm-c31">
         <name>HardFault_Handler</name>
         <value>0x6a63</value>
      </symbol>
      <symbol id="sm-c32">
         <name>MemManage_Handler</name>
         <value>0x6a63</value>
      </symbol>
      <symbol id="sm-c33">
         <name>BusFault_Handler</name>
         <value>0x6a63</value>
      </symbol>
      <symbol id="sm-c34">
         <name>UsageFault_Handler</name>
         <value>0x6a63</value>
      </symbol>
      <symbol id="sm-c35">
         <name>SVC_Handler</name>
         <value>0x6a63</value>
      </symbol>
      <symbol id="sm-c36">
         <name>DebugMon_Handler</name>
         <value>0x6a63</value>
      </symbol>
      <symbol id="sm-c37">
         <name>PendSV_Handler</name>
         <value>0x6a63</value>
      </symbol>
      <symbol id="sm-c38">
         <name>SysTick_Handler</name>
         <value>0x6a63</value>
      </symbol>
      <symbol id="sm-c39">
         <name>PSS_IRQHandler</name>
         <value>0x6a63</value>
      </symbol>
      <symbol id="sm-c3a">
         <name>CS_IRQHandler</name>
         <value>0x6a63</value>
      </symbol>
      <symbol id="sm-c3b">
         <name>PCM_IRQHandler</name>
         <value>0x6a63</value>
      </symbol>
      <symbol id="sm-c3c">
         <name>WDT_A_IRQHandler</name>
         <value>0x6a63</value>
      </symbol>
      <symbol id="sm-c3d">
         <name>FPU_IRQHandler</name>
         <value>0x6a63</value>
      </symbol>
      <symbol id="sm-c3e">
         <name>FLCTL_IRQHandler</name>
         <value>0x6a63</value>
      </symbol>
      <symbol id="sm-c3f">
         <name>COMP_E0_IRQHandler</name>
         <value>0x6a63</value>
      </symbol>
      <symbol id="sm-c40">
         <name>COMP_E1_IRQHandler</name>
         <value>0x6a63</value>
      </symbol>
      <symbol id="sm-c41">
         <name>TA0_0_IRQHandler</name>
         <value>0x6a63</value>
      </symbol>
      <symbol id="sm-c42">
         <name>TA0_N_IRQHandler</name>
         <value>0x6a63</value>
      </symbol>
      <symbol id="sm-c43">
         <name>TA1_0_IRQHandler</name>
         <value>0x6a63</value>
      </symbol>
      <symbol id="sm-c44">
         <name>TA1_N_IRQHandler</name>
         <value>0x6a63</value>
      </symbol>
      <symbol id="sm-c45">
         <name>TA2_0_IRQHandler</name>
         <value>0x6a63</value>
      </symbol>
      <symbol id="sm-c46">
         <name>TA2_N_IRQHandler</name>
         <value>0x6a63</value>
      </symbol>
      <symbol id="sm-c47">
         <name>TA3_0_IRQHandler</name>
         <value>0x6a63</value>
      </symbol>
      <symbol id="sm-c48">
         <name>TA3_N_IRQHandler</name>
         <value>0x6a63</value>
      </symbol>
      <symbol id="sm-c49">
         <name>EUSCIA0_IRQHandler</name>
         <value>0x6a63</value>
      </symbol>
      <symbol id="sm-c4a">
         <name>EUSCIA1_IRQHandler</name>
         <value>0x6a63</value>
      </symbol>
      <symbol id="sm-c4b">
         <name>EUSCIA2_IRQHandler</name>
         <value>0x6a63</value>
      </symbol>
      <symbol id="sm-c4c">
         <name>EUSCIA3_IRQHandler</name>
         <value>0x6a63</value>
      </symbol>
      <symbol id="sm-c4d">
         <name>EUSCIB0_IRQHandler</name>
         <value>0x6a63</value>
      </symbol>
      <symbol id="sm-c4e">
         <name>EUSCIB1_IRQHandler</name>
         <value>0x6a63</value>
      </symbol>
      <symbol id="sm-c4f">
         <name>EUSCIB2_IRQHandler</name>
         <value>0x6a63</value>
      </symbol>
      <symbol id="sm-c50">
         <name>EUSCIB3_IRQHandler</name>
         <value>0x6a63</value>
      </symbol>
      <symbol id="sm-c51">
         <name>ADC14_IRQHandler</name>
         <value>0x6a63</value>
      </symbol>
      <symbol id="sm-c52">
         <name>T32_INT1_IRQHandler</name>
         <value>0x6a63</value>
      </symbol>
      <symbol id="sm-c53">
         <name>T32_INT2_IRQHandler</name>
         <value>0x6a63</value>
      </symbol>
      <symbol id="sm-c54">
         <name>T32_INTC_IRQHandler</name>
         <value>0x6a63</value>
      </symbol>
      <symbol id="sm-c55">
         <name>AES256_IRQHandler</name>
         <value>0x6a63</value>
      </symbol>
      <symbol id="sm-c56">
         <name>RTC_C_IRQHandler</name>
         <value>0x6a63</value>
      </symbol>
      <symbol id="sm-c57">
         <name>DMA_ERR_IRQHandler</name>
         <value>0x6a63</value>
      </symbol>
      <symbol id="sm-c58">
         <name>DMA_INT3_IRQHandler</name>
         <value>0x6a63</value>
      </symbol>
      <symbol id="sm-c59">
         <name>DMA_INT2_IRQHandler</name>
         <value>0x6a63</value>
      </symbol>
      <symbol id="sm-c5a">
         <name>DMA_INT1_IRQHandler</name>
         <value>0x6a63</value>
      </symbol>
      <symbol id="sm-c5b">
         <name>DMA_INT0_IRQHandler</name>
         <value>0x6a63</value>
      </symbol>
      <symbol id="sm-c5c">
         <name>PORT1_IRQHandler</name>
         <value>0x5af9</value>
      </symbol>
      <symbol id="sm-c5d">
         <name>PORT2_IRQHandler</name>
         <value>0x6a63</value>
      </symbol>
      <symbol id="sm-c5e">
         <name>PORT3_IRQHandler</name>
         <value>0x6a63</value>
      </symbol>
      <symbol id="sm-c5f">
         <name>PORT4_IRQHandler</name>
         <value>0x6a63</value>
      </symbol>
      <symbol id="sm-c60">
         <name>PORT5_IRQHandler</name>
         <value>0x6a63</value>
      </symbol>
      <symbol id="sm-c61">
         <name>PORT6_IRQHandler</name>
         <value>0x6a63</value>
      </symbol>
      <symbol id="sm-c62">
         <name>remove</name>
         <value>0x49d9</value>
      </symbol>
   </symbol_table>
   <title>Link successful</title>
</link_info>
