<?xml version="1.0"?>
<link_info>
   <banner>TI ARM Linker Unix v15.12.1.LTS</banner>
   <copyright>Copyright (c) 1996-2015 Texas Instruments Incorporated</copyright>
   <link_time>0x583b6c9c</link_time>
   <link_errors>0x0</link_errors>
   <output_file>Security System.out</output_file>
   <entry_point>
      <name>_c_int00</name>
      <address>0x13725</address>
   </entry_point>
   <input_file_list>
      <input_file id="fl-2">
         <path>./</path>
         <kind>object</kind>
         <file>Flash.obj</file>
         <name>Flash.obj</name>
      </input_file>
      <input_file id="fl-3">
         <path>./</path>
         <kind>object</kind>
         <file>Hall.obj</file>
         <name>Hall.obj</name>
      </input_file>
      <input_file id="fl-4">
         <path>./</path>
         <kind>object</kind>
         <file>Keypad.obj</file>
         <name>Keypad.obj</name>
      </input_file>
      <input_file id="fl-5">
         <path>./</path>
         <kind>object</kind>
         <file>LCD.obj</file>
         <name>LCD.obj</name>
      </input_file>
      <input_file id="fl-6">
         <path>./</path>
         <kind>object</kind>
         <file>RTC.obj</file>
         <name>RTC.obj</name>
      </input_file>
      <input_file id="fl-7">
         <path>./</path>
         <kind>object</kind>
         <file>ST7735.obj</file>
         <name>ST7735.obj</name>
      </input_file>
      <input_file id="fl-8">
         <path>./</path>
         <kind>object</kind>
         <file>i2c_bus.obj</file>
         <name>i2c_bus.obj</name>
      </input_file>
      <input_file id="fl-9">
         <path>./</path>
         <kind>object</kind>
         <file>main.obj</file>
         <name>main.obj</name>
      </input_file>
      <input_file id="fl-a">
         <path>./</path>
         <kind>object</kind>
         <file>setclockspeeds.obj</file>
         <name>setclockspeeds.obj</name>
      </input_file>
      <input_file id="fl-b">
         <path>./</path>
         <kind>object</kind>
         <file>startup_msp432p401r_ccs.obj</file>
         <name>startup_msp432p401r_ccs.obj</name>
      </input_file>
      <input_file id="fl-c">
         <path>./</path>
         <kind>object</kind>
         <file>system_msp432p401r.obj</file>
         <name>system_msp432p401r.obj</name>
      </input_file>
      <input_file id="fl-d">
         <path>./driverlib/MSP432P4xx/</path>
         <kind>object</kind>
         <file>adc14.obj</file>
         <name>adc14.obj</name>
      </input_file>
      <input_file id="fl-e">
         <path>./driverlib/MSP432P4xx/</path>
         <kind>object</kind>
         <file>aes256.obj</file>
         <name>aes256.obj</name>
      </input_file>
      <input_file id="fl-f">
         <path>./driverlib/MSP432P4xx/</path>
         <kind>object</kind>
         <file>comp_e.obj</file>
         <name>comp_e.obj</name>
      </input_file>
      <input_file id="fl-10">
         <path>./driverlib/MSP432P4xx/</path>
         <kind>object</kind>
         <file>cpu.obj</file>
         <name>cpu.obj</name>
      </input_file>
      <input_file id="fl-11">
         <path>./driverlib/MSP432P4xx/</path>
         <kind>object</kind>
         <file>crc32.obj</file>
         <name>crc32.obj</name>
      </input_file>
      <input_file id="fl-12">
         <path>./driverlib/MSP432P4xx/</path>
         <kind>object</kind>
         <file>cs.obj</file>
         <name>cs.obj</name>
      </input_file>
      <input_file id="fl-13">
         <path>./driverlib/MSP432P4xx/</path>
         <kind>object</kind>
         <file>dma.obj</file>
         <name>dma.obj</name>
      </input_file>
      <input_file id="fl-14">
         <path>./driverlib/MSP432P4xx/</path>
         <kind>object</kind>
         <file>flash.obj</file>
         <name>flash.obj</name>
      </input_file>
      <input_file id="fl-15">
         <path>./driverlib/MSP432P4xx/</path>
         <kind>object</kind>
         <file>fpu.obj</file>
         <name>fpu.obj</name>
      </input_file>
      <input_file id="fl-16">
         <path>./driverlib/MSP432P4xx/</path>
         <kind>object</kind>
         <file>gpio.obj</file>
         <name>gpio.obj</name>
      </input_file>
      <input_file id="fl-17">
         <path>./driverlib/MSP432P4xx/</path>
         <kind>object</kind>
         <file>i2c.obj</file>
         <name>i2c.obj</name>
      </input_file>
      <input_file id="fl-18">
         <path>./driverlib/MSP432P4xx/</path>
         <kind>object</kind>
         <file>interrupt.obj</file>
         <name>interrupt.obj</name>
      </input_file>
      <input_file id="fl-19">
         <path>./driverlib/MSP432P4xx/</path>
         <kind>object</kind>
         <file>mpu.obj</file>
         <name>mpu.obj</name>
      </input_file>
      <input_file id="fl-1a">
         <path>./driverlib/MSP432P4xx/</path>
         <kind>object</kind>
         <file>pcm.obj</file>
         <name>pcm.obj</name>
      </input_file>
      <input_file id="fl-1b">
         <path>./driverlib/MSP432P4xx/</path>
         <kind>object</kind>
         <file>pmap.obj</file>
         <name>pmap.obj</name>
      </input_file>
      <input_file id="fl-1c">
         <path>./driverlib/MSP432P4xx/</path>
         <kind>object</kind>
         <file>pss.obj</file>
         <name>pss.obj</name>
      </input_file>
      <input_file id="fl-1d">
         <path>./driverlib/MSP432P4xx/</path>
         <kind>object</kind>
         <file>ref_a.obj</file>
         <name>ref_a.obj</name>
      </input_file>
      <input_file id="fl-1e">
         <path>./driverlib/MSP432P4xx/</path>
         <kind>object</kind>
         <file>reset.obj</file>
         <name>reset.obj</name>
      </input_file>
      <input_file id="fl-1f">
         <path>./driverlib/MSP432P4xx/</path>
         <kind>object</kind>
         <file>rtc_c.obj</file>
         <name>rtc_c.obj</name>
      </input_file>
      <input_file id="fl-20">
         <path>./driverlib/MSP432P4xx/</path>
         <kind>object</kind>
         <file>spi.obj</file>
         <name>spi.obj</name>
      </input_file>
      <input_file id="fl-21">
         <path>./driverlib/MSP432P4xx/</path>
         <kind>object</kind>
         <file>sysctl.obj</file>
         <name>sysctl.obj</name>
      </input_file>
      <input_file id="fl-22">
         <path>./driverlib/MSP432P4xx/</path>
         <kind>object</kind>
         <file>systick.obj</file>
         <name>systick.obj</name>
      </input_file>
      <input_file id="fl-23">
         <path>./driverlib/MSP432P4xx/</path>
         <kind>object</kind>
         <file>timer32.obj</file>
         <name>timer32.obj</name>
      </input_file>
      <input_file id="fl-24">
         <path>./driverlib/MSP432P4xx/</path>
         <kind>object</kind>
         <file>timer_a.obj</file>
         <name>timer_a.obj</name>
      </input_file>
      <input_file id="fl-25">
         <path>./driverlib/MSP432P4xx/</path>
         <kind>object</kind>
         <file>uart.obj</file>
         <name>uart.obj</name>
      </input_file>
      <input_file id="fl-26">
         <path>./driverlib/MSP432P4xx/</path>
         <kind>object</kind>
         <file>wdt_a.obj</file>
         <name>wdt_a.obj</name>
      </input_file>
      <input_file id="fl-e0">
         <path>/Applications/ti/ccsv6/tools/compiler/ti-cgt-arm_15.12.1.LTS/lib/</path>
         <kind>archive</kind>
         <file>rtsv7M4_T_le_v4SPD16_eabi.lib</file>
         <name>boot.obj</name>
      </input_file>
      <input_file id="fl-e1">
         <path>/Applications/ti/ccsv6/tools/compiler/ti-cgt-arm_15.12.1.LTS/lib/</path>
         <kind>archive</kind>
         <file>rtsv7M4_T_le_v4SPD16_eabi.lib</file>
         <name>copy_decompress_none.obj</name>
      </input_file>
      <input_file id="fl-e2">
         <path>/Applications/ti/ccsv6/tools/compiler/ti-cgt-arm_15.12.1.LTS/lib/</path>
         <kind>archive</kind>
         <file>rtsv7M4_T_le_v4SPD16_eabi.lib</file>
         <name>copy_decompress_rle.obj</name>
      </input_file>
      <input_file id="fl-e3">
         <path>/Applications/ti/ccsv6/tools/compiler/ti-cgt-arm_15.12.1.LTS/lib/</path>
         <kind>archive</kind>
         <file>rtsv7M4_T_le_v4SPD16_eabi.lib</file>
         <name>copy_zero_init.obj</name>
      </input_file>
      <input_file id="fl-e4">
         <path>/Applications/ti/ccsv6/tools/compiler/ti-cgt-arm_15.12.1.LTS/lib/</path>
         <kind>archive</kind>
         <file>rtsv7M4_T_le_v4SPD16_eabi.lib</file>
         <name>exit.obj</name>
      </input_file>
      <input_file id="fl-e5">
         <path>/Applications/ti/ccsv6/tools/compiler/ti-cgt-arm_15.12.1.LTS/lib/</path>
         <kind>archive</kind>
         <file>rtsv7M4_T_le_v4SPD16_eabi.lib</file>
         <name>fd_mul_t2.obj</name>
      </input_file>
      <input_file id="fl-e6">
         <path>/Applications/ti/ccsv6/tools/compiler/ti-cgt-arm_15.12.1.LTS/lib/</path>
         <kind>archive</kind>
         <file>rtsv7M4_T_le_v4SPD16_eabi.lib</file>
         <name>fd_toi_t2.obj</name>
      </input_file>
      <input_file id="fl-e7">
         <path>/Applications/ti/ccsv6/tools/compiler/ti-cgt-arm_15.12.1.LTS/lib/</path>
         <kind>archive</kind>
         <file>rtsv7M4_T_le_v4SPD16_eabi.lib</file>
         <name>fd_tos_t2.obj</name>
      </input_file>
      <input_file id="fl-e8">
         <path>/Applications/ti/ccsv6/tools/compiler/ti-cgt-arm_15.12.1.LTS/lib/</path>
         <kind>archive</kind>
         <file>rtsv7M4_T_le_v4SPD16_eabi.lib</file>
         <name>fs_tod_t2.obj</name>
      </input_file>
      <input_file id="fl-e9">
         <path>/Applications/ti/ccsv6/tools/compiler/ti-cgt-arm_15.12.1.LTS/lib/</path>
         <kind>archive</kind>
         <file>rtsv7M4_T_le_v4SPD16_eabi.lib</file>
         <name>i_tofd_t2.obj</name>
      </input_file>
      <input_file id="fl-ea">
         <path>/Applications/ti/ccsv6/tools/compiler/ti-cgt-arm_15.12.1.LTS/lib/</path>
         <kind>archive</kind>
         <file>rtsv7M4_T_le_v4SPD16_eabi.lib</file>
         <name>memcpy_t2.obj</name>
      </input_file>
      <input_file id="fl-eb">
         <path>/Applications/ti/ccsv6/tools/compiler/ti-cgt-arm_15.12.1.LTS/lib/</path>
         <kind>archive</kind>
         <file>rtsv7M4_T_le_v4SPD16_eabi.lib</file>
         <name>memset_t2.obj</name>
      </input_file>
      <input_file id="fl-ec">
         <path>/Applications/ti/ccsv6/tools/compiler/ti-cgt-arm_15.12.1.LTS/lib/</path>
         <kind>archive</kind>
         <file>rtsv7M4_T_le_v4SPD16_eabi.lib</file>
         <name>mpu_init.obj</name>
      </input_file>
      <input_file id="fl-ed">
         <path>/Applications/ti/ccsv6/tools/compiler/ti-cgt-arm_15.12.1.LTS/lib/</path>
         <kind>archive</kind>
         <file>rtsv7M4_T_le_v4SPD16_eabi.lib</file>
         <name>pre_init.obj</name>
      </input_file>
      <input_file id="fl-ee">
         <path>/Applications/ti/ccsv6/tools/compiler/ti-cgt-arm_15.12.1.LTS/lib/</path>
         <kind>archive</kind>
         <file>rtsv7M4_T_le_v4SPD16_eabi.lib</file>
         <name>printf.obj</name>
      </input_file>
      <input_file id="fl-ef">
         <path>/Applications/ti/ccsv6/tools/compiler/ti-cgt-arm_15.12.1.LTS/lib/</path>
         <kind>archive</kind>
         <file>rtsv7M4_T_le_v4SPD16_eabi.lib</file>
         <name>snprintf.obj</name>
      </input_file>
      <input_file id="fl-f0">
         <path>/Applications/ti/ccsv6/tools/compiler/ti-cgt-arm_15.12.1.LTS/lib/</path>
         <kind>archive</kind>
         <file>rtsv7M4_T_le_v4SPD16_eabi.lib</file>
         <name>stkdepth_vars.obj</name>
      </input_file>
      <input_file id="fl-f1">
         <path>/Applications/ti/ccsv6/tools/compiler/ti-cgt-arm_15.12.1.LTS/lib/</path>
         <kind>archive</kind>
         <file>rtsv7M4_T_le_v4SPD16_eabi.lib</file>
         <name>_lock.obj</name>
      </input_file>
      <input_file id="fl-f2">
         <path>/Applications/ti/ccsv6/tools/compiler/ti-cgt-arm_15.12.1.LTS/lib/</path>
         <kind>archive</kind>
         <file>rtsv7M4_T_le_v4SPD16_eabi.lib</file>
         <name>_printfi.obj</name>
      </input_file>
      <input_file id="fl-f3">
         <path>/Applications/ti/ccsv6/tools/compiler/ti-cgt-arm_15.12.1.LTS/lib/</path>
         <kind>archive</kind>
         <file>rtsv7M4_T_le_v4SPD16_eabi.lib</file>
         <name>args_main.obj</name>
      </input_file>
      <input_file id="fl-f4">
         <path>/Applications/ti/ccsv6/tools/compiler/ti-cgt-arm_15.12.1.LTS/lib/</path>
         <kind>archive</kind>
         <file>rtsv7M4_T_le_v4SPD16_eabi.lib</file>
         <name>atoi.obj</name>
      </input_file>
      <input_file id="fl-f5">
         <path>/Applications/ti/ccsv6/tools/compiler/ti-cgt-arm_15.12.1.LTS/lib/</path>
         <kind>archive</kind>
         <file>rtsv7M4_T_le_v4SPD16_eabi.lib</file>
         <name>autoinit.obj</name>
      </input_file>
      <input_file id="fl-f6">
         <path>/Applications/ti/ccsv6/tools/compiler/ti-cgt-arm_15.12.1.LTS/lib/</path>
         <kind>archive</kind>
         <file>rtsv7M4_T_le_v4SPD16_eabi.lib</file>
         <name>cpy_tbl.obj</name>
      </input_file>
      <input_file id="fl-f7">
         <path>/Applications/ti/ccsv6/tools/compiler/ti-cgt-arm_15.12.1.LTS/lib/</path>
         <kind>archive</kind>
         <file>rtsv7M4_T_le_v4SPD16_eabi.lib</file>
         <name>ctype.obj</name>
      </input_file>
      <input_file id="fl-f8">
         <path>/Applications/ti/ccsv6/tools/compiler/ti-cgt-arm_15.12.1.LTS/lib/</path>
         <kind>archive</kind>
         <file>rtsv7M4_T_le_v4SPD16_eabi.lib</file>
         <name>defs.obj</name>
      </input_file>
      <input_file id="fl-f9">
         <path>/Applications/ti/ccsv6/tools/compiler/ti-cgt-arm_15.12.1.LTS/lib/</path>
         <kind>archive</kind>
         <file>rtsv7M4_T_le_v4SPD16_eabi.lib</file>
         <name>fd_add_t2.obj</name>
      </input_file>
      <input_file id="fl-fa">
         <path>/Applications/ti/ccsv6/tools/compiler/ti-cgt-arm_15.12.1.LTS/lib/</path>
         <kind>archive</kind>
         <file>rtsv7M4_T_le_v4SPD16_eabi.lib</file>
         <name>fd_cmp_t2.obj</name>
      </input_file>
      <input_file id="fl-fb">
         <path>/Applications/ti/ccsv6/tools/compiler/ti-cgt-arm_15.12.1.LTS/lib/</path>
         <kind>archive</kind>
         <file>rtsv7M4_T_le_v4SPD16_eabi.lib</file>
         <name>fd_div_t2.obj</name>
      </input_file>
      <input_file id="fl-fc">
         <path>/Applications/ti/ccsv6/tools/compiler/ti-cgt-arm_15.12.1.LTS/lib/</path>
         <kind>archive</kind>
         <file>rtsv7M4_T_le_v4SPD16_eabi.lib</file>
         <name>fputs.obj</name>
      </input_file>
      <input_file id="fl-fd">
         <path>/Applications/ti/ccsv6/tools/compiler/ti-cgt-arm_15.12.1.LTS/lib/</path>
         <kind>archive</kind>
         <file>rtsv7M4_T_le_v4SPD16_eabi.lib</file>
         <name>lowlev.obj</name>
      </input_file>
      <input_file id="fl-fe">
         <path>/Applications/ti/ccsv6/tools/compiler/ti-cgt-arm_15.12.1.LTS/lib/</path>
         <kind>archive</kind>
         <file>rtsv7M4_T_le_v4SPD16_eabi.lib</file>
         <name>ltoa.obj</name>
      </input_file>
      <input_file id="fl-ff">
         <path>/Applications/ti/ccsv6/tools/compiler/ti-cgt-arm_15.12.1.LTS/lib/</path>
         <kind>archive</kind>
         <file>rtsv7M4_T_le_v4SPD16_eabi.lib</file>
         <name>memccpy.obj</name>
      </input_file>
      <input_file id="fl-100">
         <path>/Applications/ti/ccsv6/tools/compiler/ti-cgt-arm_15.12.1.LTS/lib/</path>
         <kind>archive</kind>
         <file>rtsv7M4_T_le_v4SPD16_eabi.lib</file>
         <name>memchr.obj</name>
      </input_file>
      <input_file id="fl-101">
         <path>/Applications/ti/ccsv6/tools/compiler/ti-cgt-arm_15.12.1.LTS/lib/</path>
         <kind>archive</kind>
         <file>rtsv7M4_T_le_v4SPD16_eabi.lib</file>
         <name>s_frexp.obj</name>
      </input_file>
      <input_file id="fl-102">
         <path>/Applications/ti/ccsv6/tools/compiler/ti-cgt-arm_15.12.1.LTS/lib/</path>
         <kind>archive</kind>
         <file>rtsv7M4_T_le_v4SPD16_eabi.lib</file>
         <name>s_scalbn.obj</name>
      </input_file>
      <input_file id="fl-103">
         <path>/Applications/ti/ccsv6/tools/compiler/ti-cgt-arm_15.12.1.LTS/lib/</path>
         <kind>archive</kind>
         <file>rtsv7M4_T_le_v4SPD16_eabi.lib</file>
         <name>startup.obj</name>
      </input_file>
      <input_file id="fl-104">
         <path>/Applications/ti/ccsv6/tools/compiler/ti-cgt-arm_15.12.1.LTS/lib/</path>
         <kind>archive</kind>
         <file>rtsv7M4_T_le_v4SPD16_eabi.lib</file>
         <name>strchr.obj</name>
      </input_file>
      <input_file id="fl-105">
         <path>/Applications/ti/ccsv6/tools/compiler/ti-cgt-arm_15.12.1.LTS/lib/</path>
         <kind>archive</kind>
         <file>rtsv7M4_T_le_v4SPD16_eabi.lib</file>
         <name>strcmp.obj</name>
      </input_file>
      <input_file id="fl-106">
         <path>/Applications/ti/ccsv6/tools/compiler/ti-cgt-arm_15.12.1.LTS/lib/</path>
         <kind>archive</kind>
         <file>rtsv7M4_T_le_v4SPD16_eabi.lib</file>
         <name>strlen.obj</name>
      </input_file>
      <input_file id="fl-107">
         <path>/Applications/ti/ccsv6/tools/compiler/ti-cgt-arm_15.12.1.LTS/lib/</path>
         <kind>archive</kind>
         <file>rtsv7M4_T_le_v4SPD16_eabi.lib</file>
         <name>strncpy.obj</name>
      </input_file>
      <input_file id="fl-108">
         <path>/Applications/ti/ccsv6/tools/compiler/ti-cgt-arm_15.12.1.LTS/lib/</path>
         <kind>archive</kind>
         <file>rtsv7M4_T_le_v4SPD16_eabi.lib</file>
         <name>trgdrv.obj</name>
      </input_file>
      <input_file id="fl-109">
         <path>/Applications/ti/ccsv6/tools/compiler/ti-cgt-arm_15.12.1.LTS/lib/</path>
         <kind>archive</kind>
         <file>rtsv7M4_T_le_v4SPD16_eabi.lib</file>
         <name>trgmsg.obj</name>
      </input_file>
      <input_file id="fl-10a">
         <path>/Applications/ti/ccsv6/tools/compiler/ti-cgt-arm_15.12.1.LTS/lib/</path>
         <kind>archive</kind>
         <file>rtsv7M4_T_le_v4SPD16_eabi.lib</file>
         <name>ull_div_t2.obj</name>
      </input_file>
      <input_file id="fl-10b">
         <path>/Applications/ti/ccsv6/tools/compiler/ti-cgt-arm_15.12.1.LTS/lib/</path>
         <kind>archive</kind>
         <file>rtsv7M4_T_le_v4SPD16_eabi.lib</file>
         <name>_io_perm.obj</name>
      </input_file>
      <input_file id="fl-10c">
         <path>/Applications/ti/ccsv6/tools/compiler/ti-cgt-arm_15.12.1.LTS/lib/</path>
         <kind>archive</kind>
         <file>rtsv7M4_T_le_v4SPD16_eabi.lib</file>
         <name>errno.obj</name>
      </input_file>
      <input_file id="fl-10d">
         <path>/Applications/ti/ccsv6/tools/compiler/ti-cgt-arm_15.12.1.LTS/lib/</path>
         <kind>archive</kind>
         <file>rtsv7M4_T_le_v4SPD16_eabi.lib</file>
         <name>fflush.obj</name>
      </input_file>
      <input_file id="fl-10e">
         <path>/Applications/ti/ccsv6/tools/compiler/ti-cgt-arm_15.12.1.LTS/lib/</path>
         <kind>archive</kind>
         <file>rtsv7M4_T_le_v4SPD16_eabi.lib</file>
         <name>fseek.obj</name>
      </input_file>
      <input_file id="fl-10f">
         <path>/Applications/ti/ccsv6/tools/compiler/ti-cgt-arm_15.12.1.LTS/lib/</path>
         <kind>archive</kind>
         <file>rtsv7M4_T_le_v4SPD16_eabi.lib</file>
         <name>s_copysign.obj</name>
      </input_file>
      <input_file id="fl-110">
         <path>/Applications/ti/ccsv6/tools/compiler/ti-cgt-arm_15.12.1.LTS/lib/</path>
         <kind>archive</kind>
         <file>rtsv7M4_T_le_v4SPD16_eabi.lib</file>
         <name>setvbuf.obj</name>
      </input_file>
      <input_file id="fl-111">
         <path>/Applications/ti/ccsv6/tools/compiler/ti-cgt-arm_15.12.1.LTS/lib/</path>
         <kind>archive</kind>
         <file>rtsv7M4_T_le_v4SPD16_eabi.lib</file>
         <name>strcpy.obj</name>
      </input_file>
      <input_file id="fl-112">
         <path>/Applications/ti/ccsv6/tools/compiler/ti-cgt-arm_15.12.1.LTS/lib/</path>
         <kind>archive</kind>
         <file>rtsv7M4_T_le_v4SPD16_eabi.lib</file>
         <name>fopen.obj</name>
      </input_file>
      <input_file id="fl-113">
         <path>/Applications/ti/ccsv6/tools/compiler/ti-cgt-arm_15.12.1.LTS/lib/</path>
         <kind>archive</kind>
         <file>rtsv7M4_T_le_v4SPD16_eabi.lib</file>
         <name>memory.obj</name>
      </input_file>
      <input_file id="fl-114">
         <path>/Applications/ti/ccsv6/tools/compiler/ti-cgt-arm_15.12.1.LTS/lib/</path>
         <kind>archive</kind>
         <file>rtsv7M4_T_le_v4SPD16_eabi.lib</file>
         <name>fclose.obj</name>
      </input_file>
      <input_file id="fl-115">
         <path>/Applications/ti/ccsv6/tools/compiler/ti-cgt-arm_15.12.1.LTS/lib/</path>
         <kind>archive</kind>
         <file>rtsv7M4_T_le_v4SPD16_eabi.lib</file>
         <name>remove.obj</name>
      </input_file>
   </input_file_list>
   <object_component_list>
      <object_component id="oc-2c">
         <name>.intvecs:retain</name>
         <load_address>0x0</load_address>
         <run_address>0x0</run_address>
         <size>0xe4</size>
         <input_file_ref idref="fl-b"/>
      </object_component>
      <object_component id="oc-108">
         <name>.text</name>
         <load_address>0xc700</load_address>
         <run_address>0xc700</run_address>
         <size>0x1378</size>
         <input_file_ref idref="fl-7"/>
      </object_component>
      <object_component id="oc-163">
         <name>.text</name>
         <load_address>0xda78</load_address>
         <run_address>0xda78</run_address>
         <size>0x1110</size>
         <input_file_ref idref="fl-f2"/>
      </object_component>
      <object_component id="oc-17c">
         <name>.text</name>
         <load_address>0xeb88</load_address>
         <run_address>0xeb88</run_address>
         <size>0xd7c</size>
         <input_file_ref idref="fl-12"/>
      </object_component>
      <object_component id="oc-10e">
         <name>.text</name>
         <load_address>0xf904</load_address>
         <run_address>0xf904</run_address>
         <size>0xa70</size>
         <input_file_ref idref="fl-5"/>
      </object_component>
      <object_component id="oc-d5">
         <name>.text</name>
         <load_address>0x10374</load_address>
         <run_address>0x10374</run_address>
         <size>0x480</size>
         <input_file_ref idref="fl-16"/>
      </object_component>
      <object_component id="oc-cf">
         <name>.text</name>
         <load_address>0x107f4</load_address>
         <run_address>0x107f4</run_address>
         <size>0x3f0</size>
         <input_file_ref idref="fl-18"/>
      </object_component>
      <object_component id="oc-362">
         <name>.text</name>
         <load_address>0x10be4</load_address>
         <run_address>0x10be4</run_address>
         <size>0x3dc</size>
         <input_file_ref idref="fl-113"/>
      </object_component>
      <object_component id="oc-1b8">
         <name>.text</name>
         <load_address>0x10fc0</load_address>
         <run_address>0x10fc0</run_address>
         <size>0x3c0</size>
         <input_file_ref idref="fl-6"/>
      </object_component>
      <object_component id="oc-c8">
         <name>.text</name>
         <load_address>0x11380</load_address>
         <run_address>0x11380</run_address>
         <size>0x32c</size>
         <input_file_ref idref="fl-c"/>
      </object_component>
      <object_component id="oc-383">
         <name>.text</name>
         <load_address>0x116ac</load_address>
         <run_address>0x116ac</run_address>
         <size>0x324</size>
         <input_file_ref idref="fl-108"/>
      </object_component>
      <object_component id="oc-21b">
         <name>.text</name>
         <load_address>0x119d0</load_address>
         <run_address>0x119d0</run_address>
         <size>0x30c</size>
         <input_file_ref idref="fl-fd"/>
      </object_component>
      <object_component id="oc-1b2">
         <name>.text</name>
         <load_address>0x11cdc</load_address>
         <run_address>0x11cdc</run_address>
         <size>0x294</size>
         <input_file_ref idref="fl-8"/>
      </object_component>
      <object_component id="oc-285">
         <name>.text</name>
         <load_address>0x11f70</load_address>
         <run_address>0x11f70</run_address>
         <size>0x244</size>
         <input_file_ref idref="fl-21"/>
      </object_component>
      <object_component id="oc-223">
         <name>.text</name>
         <load_address>0x121b4</load_address>
         <run_address>0x121b4</run_address>
         <size>0x1f4</size>
         <input_file_ref idref="fl-10a"/>
      </object_component>
      <object_component id="oc-368">
         <name>.text</name>
         <load_address>0x123a8</load_address>
         <run_address>0x123a8</run_address>
         <size>0x1c4</size>
         <input_file_ref idref="fl-112"/>
      </object_component>
      <object_component id="oc-242">
         <name>.text</name>
         <load_address>0x1256c</load_address>
         <run_address>0x1256c</run_address>
         <size>0x1b6</size>
         <input_file_ref idref="fl-f9"/>
      </object_component>
      <object_component id="oc-58">
         <name>.text</name>
         <load_address>0x12722</load_address>
         <run_address>0x12722</run_address>
         <size>0x2</size>
         <input_file_ref idref="fl-ec"/>
      </object_component>
      <object_component id="oc-102">
         <name>.text</name>
         <load_address>0x12724</load_address>
         <run_address>0x12724</run_address>
         <size>0x19c</size>
         <input_file_ref idref="fl-a"/>
      </object_component>
      <object_component id="oc-22d">
         <name>.text</name>
         <load_address>0x128c0</load_address>
         <run_address>0x128c0</run_address>
         <size>0x136</size>
         <input_file_ref idref="fl-fb"/>
      </object_component>
      <object_component id="oc-ad">
         <name>.text</name>
         <load_address>0x129f6</load_address>
         <run_address>0x129f6</run_address>
         <size>0x2</size>
         <input_file_ref idref="fl-103"/>
      </object_component>
      <object_component id="oc-15d">
         <name>.text</name>
         <load_address>0x129f8</load_address>
         <run_address>0x129f8</run_address>
         <size>0x134</size>
         <input_file_ref idref="fl-fc"/>
      </object_component>
      <object_component id="oc-80">
         <name>.text</name>
         <load_address>0x12b2c</load_address>
         <run_address>0x12b2c</run_address>
         <size>0x120</size>
         <input_file_ref idref="fl-3"/>
      </object_component>
      <object_component id="oc-1c3">
         <name>.text</name>
         <load_address>0x12c4c</load_address>
         <run_address>0x12c4c</run_address>
         <size>0xfc</size>
         <input_file_ref idref="fl-e5"/>
      </object_component>
      <object_component id="oc-24d">
         <name>.text</name>
         <load_address>0x12d48</load_address>
         <run_address>0x12d48</run_address>
         <size>0xfc</size>
         <input_file_ref idref="fl-102"/>
      </object_component>
      <object_component id="oc-2e2">
         <name>.text</name>
         <load_address>0x12e44</load_address>
         <run_address>0x12e44</run_address>
         <size>0xdc</size>
         <input_file_ref idref="fl-110"/>
      </object_component>
      <object_component id="oc-215">
         <name>.text</name>
         <load_address>0x12f20</load_address>
         <run_address>0x12f20</run_address>
         <size>0xc8</size>
         <input_file_ref idref="fl-10d"/>
      </object_component>
      <object_component id="oc-203">
         <name>.text</name>
         <load_address>0x12fe8</load_address>
         <run_address>0x12fe8</run_address>
         <size>0xac</size>
         <input_file_ref idref="fl-10b"/>
      </object_component>
      <object_component id="oc-33">
         <name>.text</name>
         <load_address>0x13094</load_address>
         <run_address>0x13094</run_address>
         <size>0x9c</size>
         <input_file_ref idref="fl-ea"/>
      </object_component>
      <object_component id="oc-3ae">
         <name>.text</name>
         <load_address>0x13130</load_address>
         <run_address>0x13130</run_address>
         <size>0x98</size>
         <input_file_ref idref="fl-114"/>
      </object_component>
      <object_component id="oc-2bc">
         <name>.text</name>
         <load_address>0x131c8</load_address>
         <run_address>0x131c8</run_address>
         <size>0x94</size>
         <input_file_ref idref="fl-ef"/>
      </object_component>
      <object_component id="oc-228">
         <name>.text:__aeabi_cdcmple</name>
         <load_address>0x1325c</load_address>
         <run_address>0x1325c</run_address>
         <size>0x86</size>
         <input_file_ref idref="fl-fa"/>
      </object_component>
      <object_component id="oc-232">
         <name>.text:__aeabi_cdrcmple</name>
         <load_address>0x132e2</load_address>
         <run_address>0x132e2</run_address>
         <size>0x86</size>
         <input_file_ref idref="fl-fa"/>
      </object_component>
      <object_component id="oc-4c">
         <name>.text</name>
         <load_address>0x13368</load_address>
         <run_address>0x13368</run_address>
         <size>0x7a</size>
         <input_file_ref idref="fl-eb"/>
      </object_component>
      <object_component id="oc-64">
         <name>.text</name>
         <load_address>0x133e4</load_address>
         <run_address>0x133e4</run_address>
         <size>0x70</size>
         <input_file_ref idref="fl-f5"/>
      </object_component>
      <object_component id="oc-db">
         <name>.text</name>
         <load_address>0x13454</load_address>
         <run_address>0x13454</run_address>
         <size>0x70</size>
         <input_file_ref idref="fl-ee"/>
      </object_component>
      <object_component id="oc-2b7">
         <name>.text</name>
         <load_address>0x134c4</load_address>
         <run_address>0x134c4</run_address>
         <size>0x6e</size>
         <input_file_ref idref="fl-e7"/>
      </object_component>
      <object_component id="oc-3f">
         <name>.text</name>
         <load_address>0x13532</load_address>
         <run_address>0x13532</run_address>
         <size>0x6a</size>
         <input_file_ref idref="fl-e2"/>
      </object_component>
      <object_component id="oc-3bd">
         <name>.text</name>
         <load_address>0x1359c</load_address>
         <run_address>0x1359c</run_address>
         <size>0x68</size>
         <input_file_ref idref="fl-109"/>
      </object_component>
      <object_component id="oc-2dc">
         <name>.text</name>
         <load_address>0x13604</load_address>
         <run_address>0x13604</run_address>
         <size>0x64</size>
         <input_file_ref idref="fl-10e"/>
      </object_component>
      <object_component id="oc-247">
         <name>.text</name>
         <load_address>0x13668</load_address>
         <run_address>0x13668</run_address>
         <size>0x64</size>
         <input_file_ref idref="fl-101"/>
      </object_component>
      <object_component id="oc-237">
         <name>.text</name>
         <load_address>0x136cc</load_address>
         <run_address>0x136cc</run_address>
         <size>0x56</size>
         <input_file_ref idref="fl-fe"/>
      </object_component>
      <object_component id="oc-26">
         <name>.text</name>
         <load_address>0x13724</load_address>
         <run_address>0x13724</run_address>
         <size>0x54</size>
         <input_file_ref idref="fl-e0"/>
      </object_component>
      <object_component id="oc-70">
         <name>.text</name>
         <load_address>0x13778</load_address>
         <run_address>0x13778</run_address>
         <size>0x54</size>
         <input_file_ref idref="fl-e4"/>
      </object_component>
      <object_component id="oc-25f">
         <name>.text</name>
         <load_address>0x137cc</load_address>
         <run_address>0x137cc</run_address>
         <size>0x4c</size>
         <input_file_ref idref="fl-f4"/>
      </object_component>
      <object_component id="oc-a7">
         <name>.text</name>
         <load_address>0x13818</load_address>
         <run_address>0x13818</run_address>
         <size>0x4c</size>
         <input_file_ref idref="fl-f6"/>
      </object_component>
      <object_component id="oc-1c8">
         <name>.text</name>
         <load_address>0x13864</load_address>
         <run_address>0x13864</run_address>
         <size>0x48</size>
         <input_file_ref idref="fl-e6"/>
      </object_component>
      <object_component id="oc-133">
         <name>.text</name>
         <load_address>0x138ac</load_address>
         <run_address>0x138ac</run_address>
         <size>0x3e</size>
         <input_file_ref idref="fl-10"/>
      </object_component>
      <object_component id="oc-1be">
         <name>.text</name>
         <load_address>0x138ea</load_address>
         <run_address>0x138ea</run_address>
         <size>0x38</size>
         <input_file_ref idref="fl-e8"/>
      </object_component>
      <object_component id="oc-2f9">
         <name>.text</name>
         <load_address>0x13922</load_address>
         <run_address>0x13922</run_address>
         <size>0x30</size>
         <input_file_ref idref="fl-107"/>
      </object_component>
      <object_component id="oc-23d">
         <name>.text</name>
         <load_address>0x13952</load_address>
         <run_address>0x13952</run_address>
         <size>0x2e</size>
         <input_file_ref idref="fl-e9"/>
      </object_component>
      <object_component id="oc-20f">
         <name>.text</name>
         <load_address>0x13980</load_address>
         <run_address>0x13980</run_address>
         <size>0x20</size>
         <input_file_ref idref="fl-100"/>
      </object_component>
      <object_component id="oc-b5">
         <name>.text</name>
         <load_address>0x139a0</load_address>
         <run_address>0x139a0</run_address>
         <size>0x1c</size>
         <input_file_ref idref="fl-9"/>
      </object_component>
      <object_component id="oc-259">
         <name>.text</name>
         <load_address>0x139bc</load_address>
         <run_address>0x139bc</run_address>
         <size>0x1c</size>
         <input_file_ref idref="fl-ff"/>
      </object_component>
      <object_component id="oc-6a">
         <name>.text</name>
         <load_address>0x139d8</load_address>
         <run_address>0x139d8</run_address>
         <size>0x18</size>
         <input_file_ref idref="fl-f3"/>
      </object_component>
      <object_component id="oc-2f3">
         <name>.text</name>
         <load_address>0x139f0</load_address>
         <run_address>0x139f0</run_address>
         <size>0x18</size>
         <input_file_ref idref="fl-105"/>
      </object_component>
      <object_component id="oc-253">
         <name>.text</name>
         <load_address>0x13a08</load_address>
         <run_address>0x13a08</run_address>
         <size>0x16</size>
         <input_file_ref idref="fl-104"/>
      </object_component>
      <object_component id="oc-11e">
         <name>.text</name>
         <load_address>0x13a20</load_address>
         <run_address>0x13a20</run_address>
         <size>0x14</size>
         <input_file_ref idref="fl-f1"/>
      </object_component>
      <object_component id="oc-31b">
         <name>.text</name>
         <load_address>0x13a34</load_address>
         <run_address>0x13a34</run_address>
         <size>0x14</size>
         <input_file_ref idref="fl-10f"/>
      </object_component>
      <object_component id="oc-3c3">
         <name>.text</name>
         <load_address>0x13a48</load_address>
         <run_address>0x13a48</run_address>
         <size>0x14</size>
         <input_file_ref idref="fl-111"/>
      </object_component>
      <object_component id="oc-209">
         <name>.text</name>
         <load_address>0x13a5c</load_address>
         <run_address>0x13a5c</run_address>
         <size>0x14</size>
         <input_file_ref idref="fl-106"/>
      </object_component>
      <object_component id="oc-14">
         <name>.text:decompress:none</name>
         <load_address>0x13a70</load_address>
         <run_address>0x13a70</run_address>
         <size>0xe</size>
         <input_file_ref idref="fl-e1"/>
      </object_component>
      <object_component id="oc-7a">
         <name>.text</name>
         <load_address>0x13a7e</load_address>
         <run_address>0x13a7e</run_address>
         <size>0xe</size>
         <input_file_ref idref="fl-b"/>
      </object_component>
      <object_component id="oc-1a">
         <name>.text:decompress:rle24</name>
         <load_address>0x13a8c</load_address>
         <run_address>0x13a8c</run_address>
         <size>0x6</size>
         <input_file_ref idref="fl-e2"/>
      </object_component>
      <object_component id="oc-5e">
         <name>.text</name>
         <load_address>0x13a92</load_address>
         <run_address>0x13a92</run_address>
         <size>0x4</size>
         <input_file_ref idref="fl-ed"/>
      </object_component>
      <object_component id="oc-1d3">
         <name>.const:GuardDog</name>
         <load_address>0xe4</load_address>
         <run_address>0xe4</run_address>
         <size>0xa000</size>
         <input_file_ref idref="fl-5"/>
      </object_component>
      <object_component id="oc-1af">
         <name>.const:Clouds</name>
         <load_address>0xa0e4</load_address>
         <run_address>0xa0e4</run_address>
         <size>0x1c00</size>
         <input_file_ref idref="fl-5"/>
      </object_component>
      <object_component id="oc-19b">
         <name>.const:.string:Font</name>
         <load_address>0xbce4</load_address>
         <run_address>0xbce4</run_address>
         <size>0x4fb</size>
         <input_file_ref idref="fl-7"/>
      </object_component>
      <object_component id="oc-1a6">
         <name>.const:.string:dBfs</name>
         <load_address>0xc1df</load_address>
         <run_address>0xc1df</run_address>
         <size>0x200</size>
         <input_file_ref idref="fl-7"/>
      </object_component>
      <object_component id="oc-32a">
         <name>.const:.string:_ctypes_</name>
         <load_address>0xc3df</load_address>
         <run_address>0xc3df</run_address>
         <size>0x101</size>
         <input_file_ref idref="fl-f7"/>
      </object_component>
      <object_component id="oc-189">
         <name>.const:.string:Bcmd</name>
         <load_address>0xc4e0</load_address>
         <run_address>0xc4e0</run_address>
         <size>0x67</size>
         <input_file_ref idref="fl-7"/>
      </object_component>
      <object_component id="oc-13f">
         <name>.const:g_pulRegs</name>
         <load_address>0xc548</load_address>
         <run_address>0xc548</run_address>
         <size>0x50</size>
         <input_file_ref idref="fl-18"/>
      </object_component>
      <object_component id="oc-2cd">
         <name>.const:.string</name>
         <load_address>0xc598</load_address>
         <run_address>0xc598</run_address>
         <size>0x4e</size>
         <input_file_ref idref="fl-6"/>
      </object_component>
      <object_component id="oc-18f">
         <name>.const:.string:Rcmd1</name>
         <load_address>0xc5e6</load_address>
         <run_address>0xc5e6</run_address>
         <size>0x3b</size>
         <input_file_ref idref="fl-7"/>
      </object_component>
      <object_component id="oc-198">
         <name>.const:.string:Rcmd3</name>
         <load_address>0xc621</load_address>
         <run_address>0xc621</run_address>
         <size>0x2b</size>
         <input_file_ref idref="fl-7"/>
      </object_component>
      <object_component id="oc-13c">
         <name>.const:g_pulPriority</name>
         <load_address>0xc64c</load_address>
         <run_address>0xc64c</run_address>
         <size>0x20</size>
         <input_file_ref idref="fl-18"/>
      </object_component>
      <object_component id="oc-1cd">
         <name>.const:rtc_day_name</name>
         <load_address>0xc66c</load_address>
         <run_address>0xc66c</run_address>
         <size>0x20</size>
         <input_file_ref idref="fl-6"/>
      </object_component>
      <object_component id="oc-158">
         <name>.const:GPIO_PORT_TO_INT</name>
         <load_address>0xc68c</load_address>
         <run_address>0xc68c</run_address>
         <size>0x1c</size>
         <input_file_ref idref="fl-16"/>
      </object_component>
      <object_component id="oc-2aa">
         <name>.const:i2c_config</name>
         <load_address>0xc6a8</load_address>
         <run_address>0xc6a8</run_address>
         <size>0x14</size>
         <input_file_ref idref="fl-8"/>
      </object_component>
      <object_component id="oc-192">
         <name>.const:.string:Rcmd2green</name>
         <load_address>0xc6bc</load_address>
         <run_address>0xc6bc</run_address>
         <size>0xd</size>
         <input_file_ref idref="fl-7"/>
      </object_component>
      <object_component id="oc-195">
         <name>.const:.string:Rcmd2red</name>
         <load_address>0xc6c9</load_address>
         <run_address>0xc6c9</run_address>
         <size>0xd</size>
         <input_file_ref idref="fl-7"/>
      </object_component>
      <object_component id="oc-1d0">
         <name>.const:.string:$P$T0$1</name>
         <load_address>0xc6d6</load_address>
         <run_address>0xc6d6</run_address>
         <size>0x8</size>
         <input_file_ref idref="fl-5"/>
      </object_component>
      <object_component id="oc-145">
         <name>.const:g_pulDisRegs</name>
         <load_address>0xc6e0</load_address>
         <run_address>0xc6e0</run_address>
         <size>0x8</size>
         <input_file_ref idref="fl-18"/>
      </object_component>
      <object_component id="oc-142">
         <name>.const:g_pulEnRegs</name>
         <load_address>0xc6e8</load_address>
         <run_address>0xc6e8</run_address>
         <size>0x8</size>
         <input_file_ref idref="fl-18"/>
      </object_component>
      <object_component id="oc-148">
         <name>.const:g_pulPendRegs</name>
         <load_address>0xc6f0</load_address>
         <run_address>0xc6f0</run_address>
         <size>0x8</size>
         <input_file_ref idref="fl-18"/>
      </object_component>
      <object_component id="oc-14b">
         <name>.const:g_pulUnpendRegs</name>
         <load_address>0xc6f8</load_address>
         <run_address>0xc6f8</run_address>
         <size>0x8</size>
         <input_file_ref idref="fl-18"/>
      </object_component>
      <object_component id="oc-417">
         <name>.cinit..data.load</name>
         <load_address>0x13a98</load_address>
         <run_address>0x13a98</run_address>
         <size>0xbd</size>
      </object_component>
      <object_component id="oc-418">
         <name>.cinit..bss.load</name>
         <load_address>0x13b58</load_address>
         <run_address>0x13b58</run_address>
         <size>0xb</size>
      </object_component>
      <object_component id="oc-416">
         <name>.cinit..vtable.load</name>
         <load_address>0x13b68</load_address>
         <run_address>0x13b68</run_address>
         <size>0x9</size>
      </object_component>
      <object_component id="oc-414">
         <name>__TI_handler_table</name>
         <load_address>0x13b74</load_address>
         <run_address>0x13b74</run_address>
         <size>0x8</size>
      </object_component>
      <object_component id="oc-415">
         <name>__TI_cinit_table</name>
         <load_address>0x13b7c</load_address>
         <run_address>0x13b7c</run_address>
         <size>0x18</size>
      </object_component>
      <object_component id="oc-3f1">
         <name>.binit</name>
         <load_address>0x0</load_address>
         <run_address>0x0</run_address>
         <size>0x0</size>
      </object_component>
      <object_component id="oc-139">
         <name>.vtable</name>
         <uninitialized>true</uninitialized>
         <run_address>0x20000000</run_address>
         <size>0xe4</size>
         <input_file_ref idref="fl-18"/>
      </object_component>
      <object_component id="oc-e1">
         <name>.data</name>
         <load_address>0x20000744</load_address>
         <run_address>0x20000744</run_address>
         <size>0x4</size>
         <input_file_ref idref="fl-3"/>
      </object_component>
      <object_component id="oc-2c2">
         <name>.data:rtc_registers</name>
         <load_address>0x200006ec</load_address>
         <run_address>0x200006ec</run_address>
         <size>0x13</size>
         <input_file_ref idref="fl-6"/>
      </object_component>
      <object_component id="oc-18c">
         <name>.data</name>
         <load_address>0x200006d8</load_address>
         <run_address>0x200006d8</run_address>
         <size>0x14</size>
         <input_file_ref idref="fl-7"/>
      </object_component>
      <object_component id="oc-2ad">
         <name>.data</name>
         <load_address>0x2000073c</load_address>
         <run_address>0x2000073c</run_address>
         <size>0x8</size>
         <input_file_ref idref="fl-8"/>
      </object_component>
      <object_component id="oc-182">
         <name>.data</name>
         <load_address>0x20000728</load_address>
         <run_address>0x20000728</run_address>
         <size>0xc</size>
         <input_file_ref idref="fl-a"/>
      </object_component>
      <object_component id="oc-12a">
         <name>.data</name>
         <load_address>0x20000754</load_address>
         <run_address>0x20000754</run_address>
         <size>0x4</size>
         <input_file_ref idref="fl-c"/>
      </object_component>
      <object_component id="oc-155">
         <name>.data:GPIO_PORT_TO_BASE</name>
         <load_address>0x200006a8</load_address>
         <run_address>0x200006a8</run_address>
         <size>0x30</size>
         <input_file_ref idref="fl-16"/>
      </object_component>
      <object_component id="oc-bd">
         <name>.data:$O1$$</name>
         <load_address>0x20000710</load_address>
         <run_address>0x20000710</run_address>
         <size>0xc</size>
         <input_file_ref idref="fl-e4"/>
      </object_component>
      <object_component id="oc-76">
         <name>.data</name>
         <load_address>0x20000750</load_address>
         <run_address>0x20000750</run_address>
         <size>0x4</size>
         <input_file_ref idref="fl-f0"/>
      </object_component>
      <object_component id="oc-c0">
         <name>.data:$O1$$</name>
         <load_address>0x20000734</load_address>
         <run_address>0x20000734</run_address>
         <size>0x8</size>
         <input_file_ref idref="fl-f1"/>
      </object_component>
      <object_component id="oc-169">
         <name>.data:_ftable</name>
         <load_address>0x200004e8</load_address>
         <run_address>0x200004e8</run_address>
         <size>0xf0</size>
         <input_file_ref idref="fl-f8"/>
      </object_component>
      <object_component id="oc-2ee">
         <name>.data</name>
         <load_address>0x20000700</load_address>
         <run_address>0x20000700</run_address>
         <size>0x10</size>
         <input_file_ref idref="fl-f8"/>
      </object_component>
      <object_component id="oc-2ff">
         <name>.data:$O1$$</name>
         <load_address>0x200005d8</load_address>
         <run_address>0x200005d8</run_address>
         <size>0xd0</size>
         <input_file_ref idref="fl-fd"/>
      </object_component>
      <object_component id="oc-321">
         <name>.data</name>
         <load_address>0x20000748</load_address>
         <run_address>0x20000748</run_address>
         <size>0x4</size>
         <input_file_ref idref="fl-10c"/>
      </object_component>
      <object_component id="oc-3b4">
         <name>.data</name>
         <load_address>0x2000074c</load_address>
         <run_address>0x2000074c</run_address>
         <size>0x4</size>
         <input_file_ref idref="fl-112"/>
      </object_component>
      <object_component id="oc-3aa">
         <name>.data:$O1$$</name>
         <load_address>0x2000071c</load_address>
         <run_address>0x2000071c</run_address>
         <size>0xc</size>
         <input_file_ref idref="fl-113"/>
      </object_component>
      <object_component id="oc-2c5">
         <name>.bss:$P$T0$1</name>
         <uninitialized>true</uninitialized>
         <run_address>0x20000918</run_address>
         <size>0x1c</size>
         <input_file_ref idref="fl-6"/>
      </object_component>
      <object_component id="oc-186">
         <name>.bss</name>
         <uninitialized>true</uninitialized>
         <run_address>0x20000950</run_address>
         <size>0x4</size>
         <input_file_ref idref="fl-7"/>
      </object_component>
      <object_component id="oc-282">
         <name>.bss</name>
         <uninitialized>true</uninitialized>
         <run_address>0x20000940</run_address>
         <size>0x8</size>
         <input_file_ref idref="fl-12"/>
      </object_component>
      <object_component id="oc-3c9">
         <name>.bss:parmbuf</name>
         <uninitialized>true</uninitialized>
         <run_address>0x20000948</run_address>
         <size>0x8</size>
         <input_file_ref idref="fl-108"/>
      </object_component>
      <object_component id="oc-3dc">
         <name>.bss:_CIOBUF_</name>
         <uninitialized>true</uninitialized>
         <run_address>0x20000758</run_address>
         <size>0x120</size>
         <input_file_ref idref="fl-109"/>
      </object_component>
      <object_component id="oc-19e">
         <name>.common:Message</name>
         <uninitialized>true</uninitialized>
         <run_address>0x20000934</run_address>
         <size>0xc</size>
      </object_component>
      <object_component id="oc-1a1">
         <name>.common:Messageindex</name>
         <uninitialized>true</uninitialized>
         <run_address>0x20000954</run_address>
         <size>0x4</size>
      </object_component>
      <object_component id="oc-1a2">
         <name>.common:Ymax</name>
         <uninitialized>true</uninitialized>
         <run_address>0x2000095c</run_address>
         <size>0x4</size>
      </object_component>
      <object_component id="oc-1a3">
         <name>.common:Ymin</name>
         <uninitialized>true</uninitialized>
         <run_address>0x20000960</run_address>
         <size>0x4</size>
      </object_component>
      <object_component id="oc-1a5">
         <name>.common:X</name>
         <uninitialized>true</uninitialized>
         <run_address>0x20000958</run_address>
         <size>0x4</size>
      </object_component>
      <object_component id="oc-1a4">
         <name>.common:Yrange</name>
         <uninitialized>true</uninitialized>
         <run_address>0x20000964</run_address>
         <size>0x4</size>
      </object_component>
      <object_component id="oc-3d7">
         <name>.common:__TI_tmpnams</name>
         <uninitialized>true</uninitialized>
         <run_address>0x20000878</run_address>
         <size>0xa0</size>
      </object_component>
      <object_component id="oc-30">
         <name>.sysmem</name>
         <uninitialized>true</uninitialized>
         <run_address>0x200000e8</run_address>
         <size>0x8</size>
         <input_file_ref idref="fl-113"/>
      </object_component>
      <object_component id="oc-41a">
         <name>.sysmem</name>
         <uninitialized>true</uninitialized>
         <run_address>0x200000e8</run_address>
         <size>0x0</size>
      </object_component>
      <object_component id="oc-2f">
         <name>.stack</name>
         <uninitialized>true</uninitialized>
         <run_address>0x2000fe00</run_address>
         <size>0x0</size>
         <input_file_ref idref="fl-e0"/>
      </object_component>
      <object_component id="oc-419">
         <name>.stack</name>
         <uninitialized>true</uninitialized>
         <run_address>0x2000fe00</run_address>
         <size>0x0</size>
      </object_component>
      <object_component id="oc-2db">
         <name>.debug_info</name>
         <load_address>0x0</load_address>
         <run_address>0x0</run_address>
         <size>0x3df</size>
         <input_file_ref idref="fl-2"/>
      </object_component>
      <object_component id="oc-1f8">
         <name>.debug_info</name>
         <load_address>0x3df</load_address>
         <run_address>0x3df</run_address>
         <size>0x103e</size>
         <input_file_ref idref="fl-2"/>
      </object_component>
      <object_component id="oc-1f3">
         <name>.debug_info</name>
         <load_address>0x141d</load_address>
         <run_address>0x141d</run_address>
         <size>0x37a3</size>
         <input_file_ref idref="fl-2"/>
      </object_component>
      <object_component id="oc-34b">
         <name>.debug_info</name>
         <load_address>0x4bc0</load_address>
         <run_address>0x4bc0</run_address>
         <size>0x9a</size>
         <input_file_ref idref="fl-2"/>
      </object_component>
      <object_component id="oc-340">
         <name>.debug_info</name>
         <load_address>0x4c5a</load_address>
         <run_address>0x4c5a</run_address>
         <size>0x1b5</size>
         <input_file_ref idref="fl-2"/>
      </object_component>
      <object_component id="oc-14f">
         <name>.debug_info</name>
         <load_address>0x4e0f</load_address>
         <run_address>0x4e0f</run_address>
         <size>0x8b</size>
         <input_file_ref idref="fl-2"/>
      </object_component>
      <object_component id="oc-12e">
         <name>.debug_info</name>
         <load_address>0x4e9a</load_address>
         <run_address>0x4e9a</run_address>
         <size>0x18b</size>
         <input_file_ref idref="fl-2"/>
      </object_component>
      <object_component id="oc-281">
         <name>.debug_info</name>
         <load_address>0x5025</load_address>
         <run_address>0x5025</run_address>
         <size>0x545</size>
         <input_file_ref idref="fl-3"/>
      </object_component>
      <object_component id="oc-e2">
         <name>.debug_info</name>
         <load_address>0x556a</load_address>
         <run_address>0x556a</run_address>
         <size>0xd6</size>
         <input_file_ref idref="fl-3"/>
      </object_component>
      <object_component id="oc-81">
         <name>.debug_info</name>
         <load_address>0x5640</load_address>
         <run_address>0x5640</run_address>
         <size>0x2a7</size>
         <input_file_ref idref="fl-3"/>
      </object_component>
      <object_component id="oc-2a1">
         <name>.debug_info</name>
         <load_address>0x58e7</load_address>
         <run_address>0x58e7</run_address>
         <size>0xc8</size>
         <input_file_ref idref="fl-3"/>
      </object_component>
      <object_component id="oc-16e">
         <name>.debug_info</name>
         <load_address>0x59af</load_address>
         <run_address>0x59af</run_address>
         <size>0x4e</size>
         <input_file_ref idref="fl-3"/>
      </object_component>
      <object_component id="oc-95">
         <name>.debug_info</name>
         <load_address>0x59fd</load_address>
         <run_address>0x59fd</run_address>
         <size>0x84</size>
         <input_file_ref idref="fl-4"/>
      </object_component>
      <object_component id="oc-1d7">
         <name>.debug_info</name>
         <load_address>0x5a81</load_address>
         <run_address>0x5a81</run_address>
         <size>0x77d</size>
         <input_file_ref idref="fl-5"/>
      </object_component>
      <object_component id="oc-1d4">
         <name>.debug_info</name>
         <load_address>0x61fe</load_address>
         <run_address>0x61fe</run_address>
         <size>0xd9</size>
         <input_file_ref idref="fl-5"/>
      </object_component>
      <object_component id="oc-1b0">
         <name>.debug_info</name>
         <load_address>0x62d7</load_address>
         <run_address>0x62d7</run_address>
         <size>0xd6</size>
         <input_file_ref idref="fl-5"/>
      </object_component>
      <object_component id="oc-1d1">
         <name>.debug_info</name>
         <load_address>0x63ad</load_address>
         <run_address>0x63ad</run_address>
         <size>0xd7</size>
         <input_file_ref idref="fl-5"/>
      </object_component>
      <object_component id="oc-10f">
         <name>.debug_info</name>
         <load_address>0x6484</load_address>
         <run_address>0x6484</run_address>
         <size>0x1269</size>
         <input_file_ref idref="fl-5"/>
      </object_component>
      <object_component id="oc-2d6">
         <name>.debug_info</name>
         <load_address>0x76ed</load_address>
         <run_address>0x76ed</run_address>
         <size>0x37a3</size>
         <input_file_ref idref="fl-5"/>
      </object_component>
      <object_component id="oc-1aa">
         <name>.debug_info</name>
         <load_address>0xae90</load_address>
         <run_address>0xae90</run_address>
         <size>0x51</size>
         <input_file_ref idref="fl-5"/>
      </object_component>
      <object_component id="oc-1d8">
         <name>.debug_info</name>
         <load_address>0xaee1</load_address>
         <run_address>0xaee1</run_address>
         <size>0xc6</size>
         <input_file_ref idref="fl-5"/>
      </object_component>
      <object_component id="oc-2c9">
         <name>.debug_info</name>
         <load_address>0xafa7</load_address>
         <run_address>0xafa7</run_address>
         <size>0x4ce</size>
         <input_file_ref idref="fl-6"/>
      </object_component>
      <object_component id="oc-1ce">
         <name>.debug_info</name>
         <load_address>0xb475</load_address>
         <run_address>0xb475</run_address>
         <size>0xe1</size>
         <input_file_ref idref="fl-6"/>
      </object_component>
      <object_component id="oc-2c3">
         <name>.debug_info</name>
         <load_address>0xb556</load_address>
         <run_address>0xb556</run_address>
         <size>0xe2</size>
         <input_file_ref idref="fl-6"/>
      </object_component>
      <object_component id="oc-2c6">
         <name>.debug_info</name>
         <load_address>0xb638</load_address>
         <run_address>0xb638</run_address>
         <size>0xd6</size>
         <input_file_ref idref="fl-6"/>
      </object_component>
      <object_component id="oc-1b9">
         <name>.debug_info</name>
         <load_address>0xb70e</load_address>
         <run_address>0xb70e</run_address>
         <size>0x80f</size>
         <input_file_ref idref="fl-6"/>
      </object_component>
      <object_component id="oc-19f">
         <name>.debug_info</name>
         <load_address>0xbf1d</load_address>
         <run_address>0xbf1d</run_address>
         <size>0x4cb</size>
         <input_file_ref idref="fl-7"/>
      </object_component>
      <object_component id="oc-18d">
         <name>.debug_info</name>
         <load_address>0xc3e8</load_address>
         <run_address>0xc3e8</run_address>
         <size>0x168</size>
         <input_file_ref idref="fl-7"/>
      </object_component>
      <object_component id="oc-19c">
         <name>.debug_info</name>
         <load_address>0xc550</load_address>
         <run_address>0xc550</run_address>
         <size>0xd3</size>
         <input_file_ref idref="fl-7"/>
      </object_component>
      <object_component id="oc-187">
         <name>.debug_info</name>
         <load_address>0xc623</load_address>
         <run_address>0xc623</run_address>
         <size>0x13f</size>
         <input_file_ref idref="fl-7"/>
      </object_component>
      <object_component id="oc-18a">
         <name>.debug_info</name>
         <load_address>0xc762</load_address>
         <run_address>0xc762</run_address>
         <size>0xd4</size>
         <input_file_ref idref="fl-7"/>
      </object_component>
      <object_component id="oc-190">
         <name>.debug_info</name>
         <load_address>0xc836</load_address>
         <run_address>0xc836</run_address>
         <size>0xd6</size>
         <input_file_ref idref="fl-7"/>
      </object_component>
      <object_component id="oc-193">
         <name>.debug_info</name>
         <load_address>0xc90c</load_address>
         <run_address>0xc90c</run_address>
         <size>0xe0</size>
         <input_file_ref idref="fl-7"/>
      </object_component>
      <object_component id="oc-196">
         <name>.debug_info</name>
         <load_address>0xc9ec</load_address>
         <run_address>0xc9ec</run_address>
         <size>0xdc</size>
         <input_file_ref idref="fl-7"/>
      </object_component>
      <object_component id="oc-199">
         <name>.debug_info</name>
         <load_address>0xcac8</load_address>
         <run_address>0xcac8</run_address>
         <size>0xd6</size>
         <input_file_ref idref="fl-7"/>
      </object_component>
      <object_component id="oc-1a7">
         <name>.debug_info</name>
         <load_address>0xcb9e</load_address>
         <run_address>0xcb9e</run_address>
         <size>0xd5</size>
         <input_file_ref idref="fl-7"/>
      </object_component>
      <object_component id="oc-109">
         <name>.debug_info</name>
         <load_address>0xcc73</load_address>
         <run_address>0xcc73</run_address>
         <size>0x2167</size>
         <input_file_ref idref="fl-7"/>
      </object_component>
      <object_component id="oc-2b1">
         <name>.debug_info</name>
         <load_address>0xedda</load_address>
         <run_address>0xedda</run_address>
         <size>0x3c4</size>
         <input_file_ref idref="fl-8"/>
      </object_component>
      <object_component id="oc-2ae">
         <name>.debug_info</name>
         <load_address>0xf19e</load_address>
         <run_address>0xf19e</run_address>
         <size>0x130</size>
         <input_file_ref idref="fl-8"/>
      </object_component>
      <object_component id="oc-2ab">
         <name>.debug_info</name>
         <load_address>0xf2ce</load_address>
         <run_address>0xf2ce</run_address>
         <size>0xe1</size>
         <input_file_ref idref="fl-8"/>
      </object_component>
      <object_component id="oc-1b3">
         <name>.debug_info</name>
         <load_address>0xf3af</load_address>
         <run_address>0xf3af</run_address>
         <size>0x60d</size>
         <input_file_ref idref="fl-8"/>
      </object_component>
      <object_component id="oc-2b2">
         <name>.debug_info</name>
         <load_address>0xf9bc</load_address>
         <run_address>0xf9bc</run_address>
         <size>0x46</size>
         <input_file_ref idref="fl-8"/>
      </object_component>
      <object_component id="oc-b6">
         <name>.debug_info</name>
         <load_address>0xfa02</load_address>
         <run_address>0xfa02</run_address>
         <size>0x1af</size>
         <input_file_ref idref="fl-9"/>
      </object_component>
      <object_component id="oc-183">
         <name>.debug_info</name>
         <load_address>0xfbb1</load_address>
         <run_address>0xfbb1</run_address>
         <size>0x10f</size>
         <input_file_ref idref="fl-a"/>
      </object_component>
      <object_component id="oc-103">
         <name>.debug_info</name>
         <load_address>0xfcc0</load_address>
         <run_address>0xfcc0</run_address>
         <size>0x3ff</size>
         <input_file_ref idref="fl-a"/>
      </object_component>
      <object_component id="oc-88">
         <name>.debug_info</name>
         <load_address>0x100bf</load_address>
         <run_address>0x100bf</run_address>
         <size>0x125</size>
         <input_file_ref idref="fl-b"/>
      </object_component>
      <object_component id="oc-2d">
         <name>.debug_info</name>
         <load_address>0x101e4</load_address>
         <run_address>0x101e4</run_address>
         <size>0xfd</size>
         <input_file_ref idref="fl-b"/>
      </object_component>
      <object_component id="oc-7b">
         <name>.debug_info</name>
         <load_address>0x102e1</load_address>
         <run_address>0x102e1</run_address>
         <size>0x1c4</size>
         <input_file_ref idref="fl-b"/>
      </object_component>
      <object_component id="oc-12b">
         <name>.debug_info</name>
         <load_address>0x104a5</load_address>
         <run_address>0x104a5</run_address>
         <size>0xf6</size>
         <input_file_ref idref="fl-c"/>
      </object_component>
      <object_component id="oc-c9">
         <name>.debug_info</name>
         <load_address>0x1059b</load_address>
         <run_address>0x1059b</run_address>
         <size>0x268</size>
         <input_file_ref idref="fl-c"/>
      </object_component>
      <object_component id="oc-134">
         <name>.debug_info</name>
         <load_address>0x10803</load_address>
         <run_address>0x10803</run_address>
         <size>0x3cc</size>
         <input_file_ref idref="fl-10"/>
      </object_component>
      <object_component id="oc-28c">
         <name>.debug_info</name>
         <load_address>0x10bcf</load_address>
         <run_address>0x10bcf</run_address>
         <size>0x5df</size>
         <input_file_ref idref="fl-12"/>
      </object_component>
      <object_component id="oc-283">
         <name>.debug_info</name>
         <load_address>0x111ae</load_address>
         <run_address>0x111ae</run_address>
         <size>0x10c</size>
         <input_file_ref idref="fl-12"/>
      </object_component>
      <object_component id="oc-17d">
         <name>.debug_info</name>
         <load_address>0x112ba</load_address>
         <run_address>0x112ba</run_address>
         <size>0x22e6</size>
         <input_file_ref idref="fl-12"/>
      </object_component>
      <object_component id="oc-15c">
         <name>.debug_info</name>
         <load_address>0x135a0</load_address>
         <run_address>0x135a0</run_address>
         <size>0x4e8</size>
         <input_file_ref idref="fl-16"/>
      </object_component>
      <object_component id="oc-159">
         <name>.debug_info</name>
         <load_address>0x13a88</load_address>
         <run_address>0x13a88</run_address>
         <size>0xfe</size>
         <input_file_ref idref="fl-16"/>
      </object_component>
      <object_component id="oc-156">
         <name>.debug_info</name>
         <load_address>0x13b86</load_address>
         <run_address>0x13b86</run_address>
         <size>0x100</size>
         <input_file_ref idref="fl-16"/>
      </object_component>
      <object_component id="oc-d6">
         <name>.debug_info</name>
         <load_address>0x13c86</load_address>
         <run_address>0x13c86</run_address>
         <size>0x1a01</size>
         <input_file_ref idref="fl-16"/>
      </object_component>
      <object_component id="oc-154">
         <name>.debug_info</name>
         <load_address>0x15687</load_address>
         <run_address>0x15687</run_address>
         <size>0x476</size>
         <input_file_ref idref="fl-18"/>
      </object_component>
      <object_component id="oc-13d">
         <name>.debug_info</name>
         <load_address>0x15afd</load_address>
         <run_address>0x15afd</run_address>
         <size>0xfd</size>
         <input_file_ref idref="fl-18"/>
      </object_component>
      <object_component id="oc-140">
         <name>.debug_info</name>
         <load_address>0x15bfa</load_address>
         <run_address>0x15bfa</run_address>
         <size>0xf5</size>
         <input_file_ref idref="fl-18"/>
      </object_component>
      <object_component id="oc-143">
         <name>.debug_info</name>
         <load_address>0x15cef</load_address>
         <run_address>0x15cef</run_address>
         <size>0xf9</size>
         <input_file_ref idref="fl-18"/>
      </object_component>
      <object_component id="oc-146">
         <name>.debug_info</name>
         <load_address>0x15de8</load_address>
         <run_address>0x15de8</run_address>
         <size>0xfb</size>
         <input_file_ref idref="fl-18"/>
      </object_component>
      <object_component id="oc-149">
         <name>.debug_info</name>
         <load_address>0x15ee3</load_address>
         <run_address>0x15ee3</run_address>
         <size>0xfd</size>
         <input_file_ref idref="fl-18"/>
      </object_component>
      <object_component id="oc-14c">
         <name>.debug_info</name>
         <load_address>0x15fe0</load_address>
         <run_address>0x15fe0</run_address>
         <size>0x101</size>
         <input_file_ref idref="fl-18"/>
      </object_component>
      <object_component id="oc-13a">
         <name>.debug_info</name>
         <load_address>0x160e1</load_address>
         <run_address>0x160e1</run_address>
         <size>0x102</size>
         <input_file_ref idref="fl-18"/>
      </object_component>
      <object_component id="oc-d0">
         <name>.debug_info</name>
         <load_address>0x161e3</load_address>
         <run_address>0x161e3</run_address>
         <size>0x11a5</size>
         <input_file_ref idref="fl-18"/>
      </object_component>
      <object_component id="oc-33d">
         <name>.debug_info</name>
         <load_address>0x17388</load_address>
         <run_address>0x17388</run_address>
         <size>0x3ae</size>
         <input_file_ref idref="fl-21"/>
      </object_component>
      <object_component id="oc-289">
         <name>.debug_info</name>
         <load_address>0x17736</load_address>
         <run_address>0x17736</run_address>
         <size>0xea4</size>
         <input_file_ref idref="fl-21"/>
      </object_component>
      <object_component id="oc-27">
         <name>.debug_info</name>
         <load_address>0x185da</load_address>
         <run_address>0x185da</run_address>
         <size>0x17c</size>
         <input_file_ref idref="fl-e0"/>
      </object_component>
      <object_component id="oc-3e">
         <name>.debug_info</name>
         <load_address>0x18756</load_address>
         <run_address>0x18756</run_address>
         <size>0x15c</size>
         <input_file_ref idref="fl-e1"/>
      </object_component>
      <object_component id="oc-15">
         <name>.debug_info</name>
         <load_address>0x188b2</load_address>
         <run_address>0x188b2</run_address>
         <size>0x1fb</size>
         <input_file_ref idref="fl-e1"/>
      </object_component>
      <object_component id="oc-39">
         <name>.debug_info</name>
         <load_address>0x18aad</load_address>
         <run_address>0x18aad</run_address>
         <size>0x46</size>
         <input_file_ref idref="fl-e1"/>
      </object_component>
      <object_component id="oc-8e">
         <name>.debug_info</name>
         <load_address>0x18af3</load_address>
         <run_address>0x18af3</run_address>
         <size>0x2c</size>
         <input_file_ref idref="fl-e1"/>
      </object_component>
      <object_component id="oc-46">
         <name>.debug_info</name>
         <load_address>0x18b1f</load_address>
         <run_address>0x18b1f</run_address>
         <size>0x150</size>
         <input_file_ref idref="fl-e2"/>
      </object_component>
      <object_component id="oc-40">
         <name>.debug_info</name>
         <load_address>0x18c6f</load_address>
         <run_address>0x18c6f</run_address>
         <size>0x263</size>
         <input_file_ref idref="fl-e2"/>
      </object_component>
      <object_component id="oc-1b">
         <name>.debug_info</name>
         <load_address>0x18ed2</load_address>
         <run_address>0x18ed2</run_address>
         <size>0x1cd</size>
         <input_file_ref idref="fl-e2"/>
      </object_component>
      <object_component id="oc-47">
         <name>.debug_info</name>
         <load_address>0x1909f</load_address>
         <run_address>0x1909f</run_address>
         <size>0x39</size>
         <input_file_ref idref="fl-e2"/>
      </object_component>
      <object_component id="oc-9d">
         <name>.debug_info</name>
         <load_address>0x190d8</load_address>
         <run_address>0x190d8</run_address>
         <size>0x2c</size>
         <input_file_ref idref="fl-e2"/>
      </object_component>
      <object_component id="oc-c4">
         <name>.debug_info</name>
         <load_address>0x19104</load_address>
         <run_address>0x19104</run_address>
         <size>0x250</size>
         <input_file_ref idref="fl-e4"/>
      </object_component>
      <object_component id="oc-be">
         <name>.debug_info</name>
         <load_address>0x19354</load_address>
         <run_address>0x19354</run_address>
         <size>0x1a1</size>
         <input_file_ref idref="fl-e4"/>
      </object_component>
      <object_component id="oc-74">
         <name>.debug_info</name>
         <load_address>0x194f5</load_address>
         <run_address>0x194f5</run_address>
         <size>0x230</size>
         <input_file_ref idref="fl-e4"/>
      </object_component>
      <object_component id="oc-1c6">
         <name>.debug_info</name>
         <load_address>0x19725</load_address>
         <run_address>0x19725</run_address>
         <size>0x14e</size>
         <input_file_ref idref="fl-e5"/>
      </object_component>
      <object_component id="oc-1cb">
         <name>.debug_info</name>
         <load_address>0x19873</load_address>
         <run_address>0x19873</run_address>
         <size>0x142</size>
         <input_file_ref idref="fl-e6"/>
      </object_component>
      <object_component id="oc-2ba">
         <name>.debug_info</name>
         <load_address>0x199b5</load_address>
         <run_address>0x199b5</run_address>
         <size>0x152</size>
         <input_file_ref idref="fl-e7"/>
      </object_component>
      <object_component id="oc-1c1">
         <name>.debug_info</name>
         <load_address>0x19b07</load_address>
         <run_address>0x19b07</run_address>
         <size>0x140</size>
         <input_file_ref idref="fl-e8"/>
      </object_component>
      <object_component id="oc-240">
         <name>.debug_info</name>
         <load_address>0x19c47</load_address>
         <run_address>0x19c47</run_address>
         <size>0x140</size>
         <input_file_ref idref="fl-e9"/>
      </object_component>
      <object_component id="oc-36">
         <name>.debug_info</name>
         <load_address>0x19d87</load_address>
         <run_address>0x19d87</run_address>
         <size>0x12d</size>
         <input_file_ref idref="fl-ea"/>
      </object_component>
      <object_component id="oc-4f">
         <name>.debug_info</name>
         <load_address>0x19eb4</load_address>
         <run_address>0x19eb4</run_address>
         <size>0x15b</size>
         <input_file_ref idref="fl-eb"/>
      </object_component>
      <object_component id="oc-5c">
         <name>.debug_info</name>
         <load_address>0x1a00f</load_address>
         <run_address>0x1a00f</run_address>
         <size>0x154</size>
         <input_file_ref idref="fl-ec"/>
      </object_component>
      <object_component id="oc-62">
         <name>.debug_info</name>
         <load_address>0x1a163</load_address>
         <run_address>0x1a163</run_address>
         <size>0x164</size>
         <input_file_ref idref="fl-ed"/>
      </object_component>
      <object_component id="oc-16d">
         <name>.debug_info</name>
         <load_address>0x1a2c7</load_address>
         <run_address>0x1a2c7</run_address>
         <size>0x248</size>
         <input_file_ref idref="fl-ee"/>
      </object_component>
      <object_component id="oc-df">
         <name>.debug_info</name>
         <load_address>0x1a50f</load_address>
         <run_address>0x1a50f</run_address>
         <size>0x2a0</size>
         <input_file_ref idref="fl-ee"/>
      </object_component>
      <object_component id="oc-27c">
         <name>.debug_info</name>
         <load_address>0x1a7af</load_address>
         <run_address>0x1a7af</run_address>
         <size>0xae</size>
         <input_file_ref idref="fl-ee"/>
      </object_component>
      <object_component id="oc-352">
         <name>.debug_info</name>
         <load_address>0x1a85d</load_address>
         <run_address>0x1a85d</run_address>
         <size>0x1de</size>
         <input_file_ref idref="fl-ef"/>
      </object_component>
      <object_component id="oc-2c0">
         <name>.debug_info</name>
         <load_address>0x1aa3b</load_address>
         <run_address>0x1aa3b</run_address>
         <size>0x35a</size>
         <input_file_ref idref="fl-ef"/>
      </object_component>
      <object_component id="oc-26c">
         <name>.debug_info</name>
         <load_address>0x1ad95</load_address>
         <run_address>0x1ad95</run_address>
         <size>0x2c</size>
         <input_file_ref idref="fl-ef"/>
      </object_component>
      <object_component id="oc-353">
         <name>.debug_info</name>
         <load_address>0x1adc1</load_address>
         <run_address>0x1adc1</run_address>
         <size>0x69</size>
         <input_file_ref idref="fl-ef"/>
      </object_component>
      <object_component id="oc-77">
         <name>.debug_info</name>
         <load_address>0x1ae2a</load_address>
         <run_address>0x1ae2a</run_address>
         <size>0x125</size>
         <input_file_ref idref="fl-f0"/>
      </object_component>
      <object_component id="oc-126">
         <name>.debug_info</name>
         <load_address>0x1af4f</load_address>
         <run_address>0x1af4f</run_address>
         <size>0x140</size>
         <input_file_ref idref="fl-f1"/>
      </object_component>
      <object_component id="oc-c1">
         <name>.debug_info</name>
         <load_address>0x1b08f</load_address>
         <run_address>0x1b08f</run_address>
         <size>0x12f</size>
         <input_file_ref idref="fl-f1"/>
      </object_component>
      <object_component id="oc-122">
         <name>.debug_info</name>
         <load_address>0x1b1be</load_address>
         <run_address>0x1b1be</run_address>
         <size>0x23b</size>
         <input_file_ref idref="fl-f1"/>
      </object_component>
      <object_component id="oc-266">
         <name>.debug_info</name>
         <load_address>0x1b3f9</load_address>
         <run_address>0x1b3f9</run_address>
         <size>0x3ac</size>
         <input_file_ref idref="fl-f2"/>
      </object_component>
      <object_component id="oc-167">
         <name>.debug_info</name>
         <load_address>0x1b7a5</load_address>
         <run_address>0x1b7a5</run_address>
         <size>0x180c</size>
         <input_file_ref idref="fl-f2"/>
      </object_component>
      <object_component id="oc-267">
         <name>.debug_info</name>
         <load_address>0x1cfb1</load_address>
         <run_address>0x1cfb1</run_address>
         <size>0x86</size>
         <input_file_ref idref="fl-f2"/>
      </object_component>
      <object_component id="oc-331">
         <name>.debug_info</name>
         <load_address>0x1d037</load_address>
         <run_address>0x1d037</run_address>
         <size>0x46</size>
         <input_file_ref idref="fl-f2"/>
      </object_component>
      <object_component id="oc-271">
         <name>.debug_info</name>
         <load_address>0x1d07d</load_address>
         <run_address>0x1d07d</run_address>
         <size>0x39</size>
         <input_file_ref idref="fl-f2"/>
      </object_component>
      <object_component id="oc-bc">
         <name>.debug_info</name>
         <load_address>0x1d0b6</load_address>
         <run_address>0x1d0b6</run_address>
         <size>0x182</size>
         <input_file_ref idref="fl-f3"/>
      </object_component>
      <object_component id="oc-6e">
         <name>.debug_info</name>
         <load_address>0x1d238</load_address>
         <run_address>0x1d238</run_address>
         <size>0x183</size>
         <input_file_ref idref="fl-f3"/>
      </object_component>
      <object_component id="oc-117">
         <name>.debug_info</name>
         <load_address>0x1d3bb</load_address>
[...]
      </symbol>
      <symbol id="sm-7ab">
         <name>printf</name>
         <value>0x1345d</value>
         <object_component_ref idref="oc-db"/>
      </symbol>
      <symbol id="sm-7cc">
         <name>snprintf</name>
         <value>0x131c9</value>
         <object_component_ref idref="oc-2bc"/>
      </symbol>
      <symbol id="sm-7d4">
         <name>main_func_sp</name>
         <value>0x20000750</value>
         <object_component_ref idref="oc-76"/>
      </symbol>
      <symbol id="sm-7ed">
         <name>_nop</name>
         <value>0x13a2f</value>
         <object_component_ref idref="oc-11e"/>
      </symbol>
      <symbol id="sm-7ee">
         <name>_lock</name>
         <value>0x20000734</value>
         <object_component_ref idref="oc-c0"/>
      </symbol>
      <symbol id="sm-7ef">
         <name>_unlock</name>
         <value>0x20000738</value>
         <object_component_ref idref="oc-c0"/>
      </symbol>
      <symbol id="sm-7f0">
         <name>_register_lock</name>
         <value>0x13a27</value>
         <object_component_ref idref="oc-11e"/>
      </symbol>
      <symbol id="sm-7f1">
         <name>_register_unlock</name>
         <value>0x13a21</value>
         <object_component_ref idref="oc-11e"/>
      </symbol>
      <symbol id="sm-8f8">
         <name>__TI_printfi</name>
         <value>0xe883</value>
         <object_component_ref idref="oc-163"/>
      </symbol>
      <symbol id="sm-90c">
         <name>_args_main</name>
         <value>0x139d9</value>
         <object_component_ref idref="oc-6a"/>
      </symbol>
      <symbol id="sm-922">
         <name>atoi</name>
         <value>0x137cd</value>
         <object_component_ref idref="oc-25f"/>
      </symbol>
      <symbol id="sm-947">
         <name>__TI_auto_init</name>
         <value>0x133e5</value>
         <object_component_ref idref="oc-64"/>
      </symbol>
      <symbol id="sm-961">
         <name>copy_in</name>
         <value>0x13819</value>
         <object_component_ref idref="oc-a7"/>
      </symbol>
      <symbol id="sm-96c">
         <name>_ctypes_</name>
         <value>0xc3df</value>
         <object_component_ref idref="oc-32a"/>
      </symbol>
      <symbol id="sm-981">
         <name>__TI_tmpnams</name>
         <value>0x20000878</value>
      </symbol>
      <symbol id="sm-982">
         <name>__aeabi_stdout</name>
         <value>0x20000708</value>
         <object_component_ref idref="oc-2ee"/>
      </symbol>
      <symbol id="sm-983">
         <name>__aeabi_stderr</name>
         <value>0x2000070c</value>
         <object_component_ref idref="oc-2ee"/>
      </symbol>
      <symbol id="sm-984">
         <name>__aeabi_stdin</name>
         <value>0x20000704</value>
         <object_component_ref idref="oc-2ee"/>
      </symbol>
      <symbol id="sm-985">
         <name>_ftable</name>
         <value>0x200004e8</value>
         <object_component_ref idref="oc-169"/>
      </symbol>
      <symbol id="sm-986">
         <name>__TI_ft_end</name>
         <value>0x20000700</value>
         <object_component_ref idref="oc-2ee"/>
      </symbol>
      <symbol id="sm-99d">
         <name>__aeabi_dsub</name>
         <value>0x1256d</value>
         <object_component_ref idref="oc-242"/>
      </symbol>
      <symbol id="sm-99e">
         <name>__aeabi_dadd</name>
         <value>0x12577</value>
         <object_component_ref idref="oc-242"/>
      </symbol>
      <symbol id="sm-9c0">
         <name>__aeabi_cdcmpeq</name>
         <value>0x1325d</value>
         <object_component_ref idref="oc-228"/>
      </symbol>
      <symbol id="sm-9c1">
         <name>__aeabi_cdcmple</name>
         <value>0x1325d</value>
         <object_component_ref idref="oc-228"/>
      </symbol>
      <symbol id="sm-9c2">
         <name>__aeabi_cdrcmple</name>
         <value>0x132e3</value>
         <object_component_ref idref="oc-232"/>
      </symbol>
      <symbol id="sm-9d6">
         <name>__aeabi_ddiv</name>
         <value>0x128c1</value>
         <object_component_ref idref="oc-22d"/>
      </symbol>
      <symbol id="sm-9f8">
         <name>puts</name>
         <value>0x12b05</value>
         <object_component_ref idref="oc-15d"/>
      </symbol>
      <symbol id="sm-9f9">
         <name>fputs</name>
         <value>0x129f9</value>
         <object_component_ref idref="oc-15d"/>
      </symbol>
      <symbol id="sm-a47">
         <name>open</name>
         <value>0x11b0f</value>
         <object_component_ref idref="oc-21b"/>
      </symbol>
      <symbol id="sm-a48">
         <name>add_device</name>
         <value>0x11c31</value>
         <object_component_ref idref="oc-21b"/>
      </symbol>
      <symbol id="sm-a49">
         <name>remove_device</name>
         <value>0x11ac3</value>
         <object_component_ref idref="oc-21b"/>
      </symbol>
      <symbol id="sm-a4a">
         <name>lseek</name>
         <value>0x11bbd</value>
         <object_component_ref idref="oc-21b"/>
      </symbol>
      <symbol id="sm-a4b">
         <name>read</name>
         <value>0x11aeb</value>
         <object_component_ref idref="oc-21b"/>
      </symbol>
      <symbol id="sm-a4c">
         <name>rename</name>
         <value>0x11a85</value>
         <object_component_ref idref="oc-21b"/>
      </symbol>
      <symbol id="sm-a4d">
         <name>write</name>
         <value>0x119d1</value>
         <object_component_ref idref="oc-21b"/>
      </symbol>
      <symbol id="sm-a4e">
         <name>close</name>
         <value>0x11be1</value>
         <object_component_ref idref="oc-21b"/>
      </symbol>
      <symbol id="sm-a4f">
         <name>unlink</name>
         <value>0x11a61</value>
         <object_component_ref idref="oc-21b"/>
      </symbol>
      <symbol id="sm-a5e">
         <name>ltoa</name>
         <value>0x136cd</value>
         <object_component_ref idref="oc-237"/>
      </symbol>
      <symbol id="sm-a6e">
         <name>memccpy</name>
         <value>0x139bd</value>
         <object_component_ref idref="oc-259"/>
      </symbol>
      <symbol id="sm-a7e">
         <name>memchr</name>
         <value>0x13981</value>
         <object_component_ref idref="oc-20f"/>
      </symbol>
      <symbol id="sm-a99">
         <name>frexpl</name>
         <value>0x13669</value>
         <object_component_ref idref="oc-247"/>
      </symbol>
      <symbol id="sm-a9a">
         <name>frexp</name>
         <value>0x13669</value>
         <object_component_ref idref="oc-247"/>
      </symbol>
      <symbol id="sm-ab7">
         <name>scalbn</name>
         <value>0x12d49</value>
         <object_component_ref idref="oc-24d"/>
      </symbol>
      <symbol id="sm-ab8">
         <name>scalbnl</name>
         <value>0x12d49</value>
         <object_component_ref idref="oc-24d"/>
      </symbol>
      <symbol id="sm-ab9">
         <name>ldexpl</name>
         <value>0x12d49</value>
         <object_component_ref idref="oc-24d"/>
      </symbol>
      <symbol id="sm-aba">
         <name>ldexp</name>
         <value>0x12d49</value>
         <object_component_ref idref="oc-24d"/>
      </symbol>
      <symbol id="sm-ac4">
         <name>_system_post_cinit</name>
         <value>0x129f7</value>
         <object_component_ref idref="oc-ad"/>
      </symbol>
      <symbol id="sm-ad4">
         <name>strchr</name>
         <value>0x13a09</value>
         <object_component_ref idref="oc-253"/>
      </symbol>
      <symbol id="sm-ae3">
         <name>strcmp</name>
         <value>0x139f1</value>
         <object_component_ref idref="oc-2f3"/>
      </symbol>
      <symbol id="sm-af1">
         <name>strlen</name>
         <value>0x13a5d</value>
         <object_component_ref idref="oc-209"/>
      </symbol>
      <symbol id="sm-b01">
         <name>strncpy</name>
         <value>0x13923</value>
         <object_component_ref idref="oc-2f9"/>
      </symbol>
      <symbol id="sm-b29">
         <name>HOSTgetenv</name>
         <value>0x1190d</value>
         <object_component_ref idref="oc-383"/>
      </symbol>
      <symbol id="sm-b2a">
         <name>HOSTrename</name>
         <value>0x117b5</value>
         <object_component_ref idref="oc-383"/>
      </symbol>
      <symbol id="sm-b2b">
         <name>HOSTclose</name>
         <value>0x1194b</value>
         <object_component_ref idref="oc-383"/>
      </symbol>
      <symbol id="sm-b2c">
         <name>HOSTtime64</name>
         <value>0x11731</value>
         <object_component_ref idref="oc-383"/>
      </symbol>
      <symbol id="sm-b2d">
         <name>HOSTunlink</name>
         <value>0x116f9</value>
         <object_component_ref idref="oc-383"/>
      </symbol>
      <symbol id="sm-b2e">
         <name>HOSTlseek</name>
         <value>0x118b1</value>
         <object_component_ref idref="oc-383"/>
      </symbol>
      <symbol id="sm-b2f">
         <name>HOSTopen</name>
         <value>0x1185f</value>
         <object_component_ref idref="oc-383"/>
      </symbol>
      <symbol id="sm-b30">
         <name>HOSTclock</name>
         <value>0x11983</value>
         <object_component_ref idref="oc-383"/>
      </symbol>
      <symbol id="sm-b31">
         <name>HOSTwrite</name>
         <value>0x116ad</value>
         <object_component_ref idref="oc-383"/>
      </symbol>
      <symbol id="sm-b32">
         <name>HOSTread</name>
         <value>0x11813</value>
         <object_component_ref idref="oc-383"/>
      </symbol>
      <symbol id="sm-b33">
         <name>HOSTtime</name>
         <value>0x1177b</value>
         <object_component_ref idref="oc-383"/>
      </symbol>
      <symbol id="sm-b4e">
         <name>__TI_readmsg</name>
         <value>0x135cf</value>
         <object_component_ref idref="oc-3bd"/>
      </symbol>
      <symbol id="sm-b4f">
         <name>C$$IO$$</name>
         <value>0x135cb</value>
         <object_component_ref idref="oc-3bd"/>
      </symbol>
      <symbol id="sm-b50">
         <name>__CIOBUF_</name>
         <value>0x20000758</value>
         <object_component_ref idref="oc-3dc"/>
      </symbol>
      <symbol id="sm-b51">
         <name>__TI_writemsg</name>
         <value>0x1359d</value>
         <object_component_ref idref="oc-3bd"/>
      </symbol>
      <symbol id="sm-b6d">
         <name>__aeabi_uldivmod</name>
         <value>0x121b5</value>
         <object_component_ref idref="oc-223"/>
      </symbol>
      <symbol id="sm-b8b">
         <name>__TI_wrt_ok</name>
         <value>0x12fe9</value>
         <object_component_ref idref="oc-203"/>
      </symbol>
      <symbol id="sm-b8c">
         <name>__TI_rd_ok</name>
         <value>0x1304b</value>
         <object_component_ref idref="oc-203"/>
      </symbol>
      <symbol id="sm-b94">
         <name>errno</name>
         <value>0x20000748</value>
         <object_component_ref idref="oc-321"/>
      </symbol>
      <symbol id="sm-bae">
         <name>__TI_doflush</name>
         <value>0x12f21</value>
         <object_component_ref idref="oc-215"/>
      </symbol>
      <symbol id="sm-baf">
         <name>fflush</name>
         <value>0x12f6d</value>
         <object_component_ref idref="oc-215"/>
      </symbol>
      <symbol id="sm-bc1">
         <name>fseek</name>
         <value>0x13605</value>
         <object_component_ref idref="oc-2dc"/>
      </symbol>
      <symbol id="sm-bcb">
         <name>copysign</name>
         <value>0x13a35</value>
         <object_component_ref idref="oc-31b"/>
      </symbol>
      <symbol id="sm-bcc">
         <name>copysignl</name>
         <value>0x13a35</value>
         <object_component_ref idref="oc-31b"/>
      </symbol>
      <symbol id="sm-be8">
         <name>setvbuf</name>
         <value>0x12e45</value>
         <object_component_ref idref="oc-2e2"/>
      </symbol>
      <symbol id="sm-bf6">
         <name>strcpy</name>
         <value>0x13a49</value>
         <object_component_ref idref="oc-3c3"/>
      </symbol>
      <symbol id="sm-c2d">
         <name>__TI_cleanup</name>
         <value>0x12471</value>
         <object_component_ref idref="oc-368"/>
      </symbol>
      <symbol id="sm-c2e">
         <name>freopen</name>
         <value>0x1249d</value>
         <object_component_ref idref="oc-368"/>
      </symbol>
      <symbol id="sm-c2f">
         <name>fopen</name>
         <value>0x124c7</value>
         <object_component_ref idref="oc-368"/>
      </symbol>
      <symbol id="sm-c9e">
         <name>_sys_memory</name>
         <value>0x200000e8</value>
         <object_component_ref idref="oc-30"/>
      </symbol>
      <symbol id="sm-c9f">
         <name>free</name>
         <value>0x10cdb</value>
         <object_component_ref idref="oc-362"/>
      </symbol>
      <symbol id="sm-ca0">
         <name>realloc</name>
         <value>0x10d9d</value>
         <object_component_ref idref="oc-362"/>
      </symbol>
      <symbol id="sm-ca1">
         <name>memalign</name>
         <value>0x10ea9</value>
         <object_component_ref idref="oc-362"/>
      </symbol>
      <symbol id="sm-ca2">
         <name>calloc</name>
         <value>0x10f8d</value>
         <object_component_ref idref="oc-362"/>
      </symbol>
      <symbol id="sm-ca3">
         <name>malloc</name>
         <value>0x10c73</value>
         <object_component_ref idref="oc-362"/>
      </symbol>
      <symbol id="sm-ca4">
         <name>minit</name>
         <value>0x10be5</value>
         <object_component_ref idref="oc-362"/>
      </symbol>
      <symbol id="sm-cba">
         <name>__TI_closefile</name>
         <value>0x13131</value>
         <object_component_ref idref="oc-3ae"/>
      </symbol>
      <symbol id="sm-cbb">
         <name>fclose</name>
         <value>0x13197</value>
         <object_component_ref idref="oc-3ae"/>
      </symbol>
      <symbol id="sm-cbd">
         <name>__TI_static_base__</name>
         <value>0x0</value>
      </symbol>
      <symbol id="sm-cc0">
         <name>SHT$$INIT_ARRAY$$Limit</name>
         <value>0x0</value>
      </symbol>
      <symbol id="sm-cc1">
         <name>SHT$$INIT_ARRAY$$Base</name>
         <value>0x0</value>
      </symbol>
      <symbol id="sm-cc2">
         <name>NMI_Handler</name>
         <value>0x13a8b</value>
      </symbol>
      <symbol id="sm-cc3">
         <name>HardFault_Handler</name>
         <value>0x13a8b</value>
      </symbol>
      <symbol id="sm-cc4">
         <name>MemManage_Handler</name>
         <value>0x13a8b</value>
      </symbol>
      <symbol id="sm-cc5">
         <name>BusFault_Handler</name>
         <value>0x13a8b</value>
      </symbol>
      <symbol id="sm-cc6">
         <name>UsageFault_Handler</name>
         <value>0x13a8b</value>
      </symbol>
      <symbol id="sm-cc7">
         <name>SVC_Handler</name>
         <value>0x13a8b</value>
      </symbol>
      <symbol id="sm-cc8">
         <name>DebugMon_Handler</name>
         <value>0x13a8b</value>
      </symbol>
      <symbol id="sm-cc9">
         <name>PendSV_Handler</name>
         <value>0x13a8b</value>
      </symbol>
      <symbol id="sm-cca">
         <name>SysTick_Handler</name>
         <value>0x13a8b</value>
      </symbol>
      <symbol id="sm-ccb">
         <name>PSS_IRQHandler</name>
         <value>0x13a8b</value>
      </symbol>
      <symbol id="sm-ccc">
         <name>CS_IRQHandler</name>
         <value>0x13a8b</value>
      </symbol>
      <symbol id="sm-ccd">
         <name>PCM_IRQHandler</name>
         <value>0x13a8b</value>
      </symbol>
      <symbol id="sm-cce">
         <name>WDT_A_IRQHandler</name>
         <value>0x13a8b</value>
      </symbol>
      <symbol id="sm-ccf">
         <name>FPU_IRQHandler</name>
         <value>0x13a8b</value>
      </symbol>
      <symbol id="sm-cd0">
         <name>FLCTL_IRQHandler</name>
         <value>0x13a8b</value>
      </symbol>
      <symbol id="sm-cd1">
         <name>COMP_E0_IRQHandler</name>
         <value>0x13a8b</value>
      </symbol>
      <symbol id="sm-cd2">
         <name>COMP_E1_IRQHandler</name>
         <value>0x13a8b</value>
      </symbol>
      <symbol id="sm-cd3">
         <name>TA0_0_IRQHandler</name>
         <value>0x13a8b</value>
      </symbol>
      <symbol id="sm-cd4">
         <name>TA0_N_IRQHandler</name>
         <value>0x13a8b</value>
      </symbol>
      <symbol id="sm-cd5">
         <name>TA1_0_IRQHandler</name>
         <value>0x13a8b</value>
      </symbol>
      <symbol id="sm-cd6">
         <name>TA1_N_IRQHandler</name>
         <value>0x13a8b</value>
      </symbol>
      <symbol id="sm-cd7">
         <name>TA2_0_IRQHandler</name>
         <value>0x13a8b</value>
      </symbol>
      <symbol id="sm-cd8">
         <name>TA2_N_IRQHandler</name>
         <value>0x13a8b</value>
      </symbol>
      <symbol id="sm-cd9">
         <name>TA3_0_IRQHandler</name>
         <value>0x13a8b</value>
      </symbol>
      <symbol id="sm-cda">
         <name>TA3_N_IRQHandler</name>
         <value>0x13a8b</value>
      </symbol>
      <symbol id="sm-cdb">
         <name>EUSCIA0_IRQHandler</name>
         <value>0x13a8b</value>
      </symbol>
      <symbol id="sm-cdc">
         <name>EUSCIA1_IRQHandler</name>
         <value>0x13a8b</value>
      </symbol>
      <symbol id="sm-cdd">
         <name>EUSCIA2_IRQHandler</name>
         <value>0x13a8b</value>
      </symbol>
      <symbol id="sm-cde">
         <name>EUSCIA3_IRQHandler</name>
         <value>0x13a8b</value>
      </symbol>
      <symbol id="sm-cdf">
         <name>EUSCIB0_IRQHandler</name>
         <value>0x13a8b</value>
      </symbol>
      <symbol id="sm-ce0">
         <name>EUSCIB1_IRQHandler</name>
         <value>0x13a8b</value>
      </symbol>
      <symbol id="sm-ce1">
         <name>EUSCIB2_IRQHandler</name>
         <value>0x13a8b</value>
      </symbol>
      <symbol id="sm-ce2">
         <name>EUSCIB3_IRQHandler</name>
         <value>0x13a8b</value>
      </symbol>
      <symbol id="sm-ce3">
         <name>ADC14_IRQHandler</name>
         <value>0x13a8b</value>
      </symbol>
      <symbol id="sm-ce4">
         <name>T32_INT1_IRQHandler</name>
         <value>0x13a8b</value>
      </symbol>
      <symbol id="sm-ce5">
         <name>T32_INT2_IRQHandler</name>
         <value>0x13a8b</value>
      </symbol>
      <symbol id="sm-ce6">
         <name>T32_INTC_IRQHandler</name>
         <value>0x13a8b</value>
      </symbol>
      <symbol id="sm-ce7">
         <name>AES256_IRQHandler</name>
         <value>0x13a8b</value>
      </symbol>
      <symbol id="sm-ce8">
         <name>RTC_C_IRQHandler</name>
         <value>0x13a8b</value>
      </symbol>
      <symbol id="sm-ce9">
         <name>DMA_ERR_IRQHandler</name>
         <value>0x13a8b</value>
      </symbol>
      <symbol id="sm-cea">
         <name>DMA_INT3_IRQHandler</name>
         <value>0x13a8b</value>
      </symbol>
      <symbol id="sm-ceb">
         <name>DMA_INT2_IRQHandler</name>
         <value>0x13a8b</value>
      </symbol>
      <symbol id="sm-cec">
         <name>DMA_INT1_IRQHandler</name>
         <value>0x13a8b</value>
      </symbol>
      <symbol id="sm-ced">
         <name>DMA_INT0_IRQHandler</name>
         <value>0x13a8b</value>
      </symbol>
      <symbol id="sm-cee">
         <name>PORT1_IRQHandler</name>
         <value>0x12b85</value>
      </symbol>
      <symbol id="sm-cef">
         <name>PORT2_IRQHandler</name>
         <value>0x13a8b</value>
      </symbol>
      <symbol id="sm-cf0">
         <name>PORT3_IRQHandler</name>
         <value>0x13a8b</value>
      </symbol>
      <symbol id="sm-cf1">
         <name>PORT4_IRQHandler</name>
         <value>0x13a8b</value>
      </symbol>
      <symbol id="sm-cf2">
         <name>PORT5_IRQHandler</name>
         <value>0x13a8b</value>
      </symbol>
      <symbol id="sm-cf3">
         <name>PORT6_IRQHandler</name>
         <value>0x13a8b</value>
      </symbol>
      <symbol id="sm-cf4">
         <name>remove</name>
         <value>0x11a61</value>
      </symbol>
   </symbol_table>
   <title>Link successful</title>
</link_info>
