******************************************************************************
                  TI ARM Linker Unix v15.12.1                  
******************************************************************************
>> Linked Wed Nov 23 14:33:29 2016

OUTPUT FILE NAME:   <Security System.out>
ENTRY POINT SYMBOL: "_c_int00"  address: 00006751


MEMORY CONFIGURATION

         name            origin    length      used     unused   attr    fill
----------------------  --------  ---------  --------  --------  ----  --------
  MAIN                  00000000   00040000  000075a2  00038a5e  R  X
  INFO                  00200000   00004000  00000000  00004000  R  X
  SRAM_CODE             01000000   00010000  00000b64  0000f49c  RW X
  SRAM_DATA             20000000   00010000  00000b64  0000f49c  RW  


SEGMENT ALLOCATION MAP

run origin  load origin   length   init length attrs members
----------  ----------- ---------- ----------- ----- -------
00000000    00000000    000075a4   000075a4    r-x
  00000000    00000000    000000e4   000000e4    r-- .intvecs
  000000e4    000000e4    0000698a   0000698a    r-x .text
  00006a70    00006a70    00000a38   00000a38    r-- .const
  000074a8    000074a8    000000fc   000000fc    r-- .cinit
20000000    20000000    00000968   00000000    rw-
  20000000    20000000    000000e4   00000000    rw- .vtable
  200000e8    200000e8    00000400   00000000    rw- .sysmem
  200004e8    200004e8    00000270   00000000    rw- .data
  20000758    20000758    00000210   00000000    rw- .bss
2000fe00    2000fe00    00000200   00000000    rw-
  2000fe00    2000fe00    00000200   00000000    rw- .stack


SECTION ALLOCATION MAP

 output                                  attributes/
section   page    origin      length       input sections
--------  ----  ----------  ----------   ----------------
.intvecs   0    00000000    000000e4     
                  00000000    000000e4     startup_msp432p401r_ccs.obj (.intvecs:retain)

.text      0    000000e4    0000698a     
                  000000e4    00001378     ST7735.obj (.text)
                  0000145c    00001110     rtsv7M4_T_le_v4SPD16_eabi.lib : _printfi.obj (.text)
                  0000256c    00000d7c     cs.obj (.text)
                  000032e8    00000480     gpio.obj (.text)
                  00003768    000003f0     interrupt.obj (.text)
                  00003b58    000003dc     rtsv7M4_T_le_v4SPD16_eabi.lib : memory.obj (.text)
                  00003f34    000003c4     RTC.obj (.text)
                  000042f8    0000032c     system_msp432p401r.obj (.text)
                  00004624    00000324     rtsv7M4_T_le_v4SPD16_eabi.lib : trgdrv.obj (.text)
                  00004948    0000030c                                   : lowlev.obj (.text)
                  00004c54    00000294     i2c_bus.obj (.text)
                  00004ee8    00000244     sysctl.obj (.text)
                  0000512c    000001f4     rtsv7M4_T_le_v4SPD16_eabi.lib : ull_div_t2.obj (.text)
                  00005320    000001c4                                   : fopen.obj (.text)
                  000054e4    000001b6                                   : fd_add_t2.obj (.text)
                  0000569a    00000002                                   : mpu_init.obj (.text)
                  0000569c    00000198     setclockspeeds.obj (.text)
                  00005834    00000136     rtsv7M4_T_le_v4SPD16_eabi.lib : fd_div_t2.obj (.text)
                  0000596a    00000002                                   : startup.obj (.text)
                  0000596c    00000134                                   : fputs.obj (.text)
                  00005aa0    00000120     Hall.obj (.text)
                  00005bc0    000000fc     rtsv7M4_T_le_v4SPD16_eabi.lib : fd_mul_t2.obj (.text)
                  00005cbc    000000fc                                   : s_scalbn.obj (.text)
                  00005db8    000000dc                                   : setvbuf.obj (.text)
                  00005e94    000000c8                                   : fflush.obj (.text)
                  00005f5c    000000b8     main.obj (.text)
                  00006014    000000ac     rtsv7M4_T_le_v4SPD16_eabi.lib : _io_perm.obj (.text)
                  000060c0    0000009c                                   : memcpy_t2.obj (.text)
                  0000615c    00000098                                   : fclose.obj (.text)
                  000061f4    00000094                                   : snprintf.obj (.text)
                  00006288    00000086                                   : fd_cmp_t2.obj (.text:__aeabi_cdcmple)
                  0000630e    00000086                                   : fd_cmp_t2.obj (.text:__aeabi_cdrcmple)
                  00006394    0000007a                                   : memset_t2.obj (.text)
                  0000640e    00000002     --HOLE-- [fill = 0]
                  00006410    00000070                                   : autoinit.obj (.text)
                  00006480    00000070                                   : printf.obj (.text)
                  000064f0    0000006e                                   : fd_tos_t2.obj (.text)
                  0000655e    0000006a                                   : copy_decompress_rle.obj (.text)
                  000065c8    00000068                                   : trgmsg.obj (.text)
                  00006630    00000064                                   : fseek.obj (.text)
                  00006694    00000064                                   : s_frexp.obj (.text)
                  000066f8    00000056                                   : ltoa.obj (.text)
                  0000674e    00000002     --HOLE-- [fill = 0]
                  00006750    00000054                                   : boot.obj (.text)
                  000067a4    00000054                                   : exit.obj (.text)
                  000067f8    0000004c                                   : atoi.obj (.text)
                  00006844    0000004c                                   : cpy_tbl.obj (.text)
                  00006890    00000048                                   : fd_toi_t2.obj (.text)
                  000068d8    0000003e     cpu.obj (.text)
                  00006916    00000030     rtsv7M4_T_le_v4SPD16_eabi.lib : strncpy.obj (.text)
                  00006946    0000002e                                   : i_tofd_t2.obj (.text)
                  00006974    00000020                                   : memchr.obj (.text)
                  00006994    0000001c                                   : memccpy.obj (.text)
                  000069b0    00000018                                   : args_main.obj (.text)
                  000069c8    00000018                                   : strcmp.obj (.text)
                  000069e0    00000016                                   : strchr.obj (.text)
                  000069f6    00000002     --HOLE-- [fill = 0]
                  000069f8    00000014                                   : _lock.obj (.text)
                  00006a0c    00000014                                   : s_copysign.obj (.text)
                  00006a20    00000014                                   : strcpy.obj (.text)
                  00006a34    00000014                                   : strlen.obj (.text)
                  00006a48    0000000e                                   : copy_decompress_none.obj (.text:decompress:none)
                  00006a56    0000000e     startup_msp432p401r_ccs.obj (.text)
                  00006a64    00000006     rtsv7M4_T_le_v4SPD16_eabi.lib : copy_decompress_rle.obj (.text:decompress:rle24)
                  00006a6a    00000004                                   : pre_init.obj (.text)

.const     0    00006a70    00000a38     
                  00006a70    000004fb     ST7735.obj (.const:.string:Font)
                  00006f6b    00000200     ST7735.obj (.const:.string:dBfs)
                  0000716b    00000101     rtsv7M4_T_le_v4SPD16_eabi.lib : ctype.obj (.const:.string:_ctypes_)
                  0000726c    00000067     ST7735.obj (.const:.string:Bcmd)
                  000072d3    00000001     --HOLE-- [fill = 0]
                  000072d4    00000050     interrupt.obj (.const:g_pulRegs)
                  00007324    0000004e     RTC.obj (.const:.string)
                  00007372    0000003b     ST7735.obj (.const:.string:Rcmd1)
                  000073ad    0000002b     ST7735.obj (.const:.string:Rcmd3)
                  000073d8    00000020     interrupt.obj (.const:g_pulPriority)
                  000073f8    00000020     RTC.obj (.const:rtc_day_name)
                  00007418    0000001c     main.obj (.const:$P$T0$1)
                  00007434    0000001c     gpio.obj (.const:GPIO_PORT_TO_INT)
                  00007450    00000014     i2c_bus.obj (.const:i2c_config)
                  00007464    0000000d     ST7735.obj (.const:.string:Rcmd2green)
                  00007471    0000000d     ST7735.obj (.const:.string:Rcmd2red)
                  0000747e    00000008     main.obj (.const:.string:$P$T1$2)
                  00007486    00000002     --HOLE-- [fill = 0]
                  00007488    00000008     interrupt.obj (.const:g_pulDisRegs)
                  00007490    00000008     interrupt.obj (.const:g_pulEnRegs)
                  00007498    00000008     interrupt.obj (.const:g_pulPendRegs)
                  000074a0    00000008     interrupt.obj (.const:g_pulUnpendRegs)

.cinit     0    000074a8    000000fc     
                  000074a8    000000bb     (.cinit..data.load) [load image, compression = rle]
                  00007563    00000005     --HOLE-- [fill = 0]
                  00007568    0000000b     (.cinit..bss.load) [load image, compression = rle]
                  00007573    00000005     --HOLE-- [fill = 0]
                  00007578    00000009     (.cinit..vtable.load) [load image, compression = rle]
                  00007581    00000003     --HOLE-- [fill = 0]
                  00007584    00000008     (__TI_handler_table)
                  0000758c    00000018     (__TI_cinit_table)

.init_array 
*          0    00000000    00000000     UNINITIALIZED

.binit     0    00000000    00000000     

.vtable    0    20000000    000000e4     UNINITIALIZED
                  20000000    000000e4     interrupt.obj (.vtable)

.sysmem    0    200000e8    00000400     UNINITIALIZED
                  200000e8    00000008     rtsv7M4_T_le_v4SPD16_eabi.lib : memory.obj (.sysmem)
                  200000f0    000003f8     --HOLE--

.data      0    200004e8    00000270     UNINITIALIZED
                  200004e8    000000f0     rtsv7M4_T_le_v4SPD16_eabi.lib : defs.obj (.data:_ftable)
                  200005d8    000000d0                                   : lowlev.obj (.data:$O1$$)
                  200006a8    00000030     gpio.obj (.data:GPIO_PORT_TO_BASE)
                  200006d8    00000014     ST7735.obj (.data)
                  200006ec    00000013     RTC.obj (.data:rtc_registers)
                  200006ff    00000001     --HOLE--
                  20000700    00000010     rtsv7M4_T_le_v4SPD16_eabi.lib : defs.obj (.data)
                  20000710    0000000c                                   : exit.obj (.data:$O1$$)
                  2000071c    0000000c                                   : memory.obj (.data:$O1$$)
                  20000728    0000000c     setclockspeeds.obj (.data)
                  20000734    00000008     rtsv7M4_T_le_v4SPD16_eabi.lib : _lock.obj (.data:$O1$$)
                  2000073c    00000008     i2c_bus.obj (.data)
                  20000744    00000004     Hall.obj (.data)
                  20000748    00000004     rtsv7M4_T_le_v4SPD16_eabi.lib : errno.obj (.data)
                  2000074c    00000004                                   : fopen.obj (.data)
                  20000750    00000004                                   : stkdepth_vars.obj (.data)
                  20000754    00000004     system_msp432p401r.obj (.data)

.bss       0    20000758    00000210     UNINITIALIZED
                  20000758    00000120     rtsv7M4_T_le_v4SPD16_eabi.lib : trgmsg.obj (.bss:_CIOBUF_)
                  20000878    000000a0     (.common:__TI_tmpnams)
                  20000918    0000001c     RTC.obj (.bss:$P$T0$1)
                  20000934    0000000c     (.common:Message)
                  20000940    00000008     cs.obj (.bss)
                  20000948    00000008     rtsv7M4_T_le_v4SPD16_eabi.lib : trgdrv.obj (.bss:parmbuf)
                  20000950    00000004     ST7735.obj (.bss)
                  20000954    00000004     (.common:Messageindex)
                  20000958    00000004     (.common:X)
                  2000095c    00000004     (.common:Ymax)
                  20000960    00000004     (.common:Ymin)
                  20000964    00000004     (.common:Yrange)

.stack     0    2000fe00    00000200     UNINITIALIZED
                  2000fe00    00000200     --HOLE--

MODULE SUMMARY

       Module                        code    ro data   rw data
       ------                        ----    -------   -------
    ./
       ST7735.obj                    4984    2018      112    
       RTC.obj                       964     110       94     
       system_msp432p401r.obj        812     0         8      
       i2c_bus.obj                   660     20        16     
       setclockspeeds.obj            408     0         24     
       Hall.obj                      288     0         8      
       startup_msp432p401r_ccs.obj   14      228       0      
       main.obj                      184     36        0      
    +--+-----------------------------+-------+---------+---------+
       Total:                        8314    2412      262    
                                                              
    ./driverlib/MSP432P4xx/
       cs.obj                        3452    0         16     
       interrupt.obj                 1008    144       456    
       gpio.obj                      1152    28        96     
       sysctl.obj                    580     0         0      
       cpu.obj                       62      0         0      
    +--+-----------------------------+-------+---------+---------+
       Total:                        6254    172       568    
                                                              
    /Applications/ti/ccsv6/tools/compiler/ti-cgt-arm_15.12.1.LTS/lib/rtsv7M4_T_le_v4SPD16_eabi.lib
       _printfi.obj                  4368    0         0      
       lowlev.obj                    780     0         416    
       memory.obj                    988     0         24     
       defs.obj                      0       0         832    
       trgdrv.obj                    804     0         16     
       trgmsg.obj                    104     0         576    
       ull_div_t2.obj                500     0         0      
       fopen.obj                     452     0         8      
       fd_add_t2.obj                 438     0         0      
       fd_div_t2.obj                 310     0         0      
       fputs.obj                     308     0         0      
       fd_cmp_t2.obj                 268     0         0      
       ctype.obj                     0       257       0      
       fd_mul_t2.obj                 252     0         0      
       s_scalbn.obj                  252     0         0      
       setvbuf.obj                   220     0         0      
       fflush.obj                    200     0         0      
       _io_perm.obj                  172     0         0      
       memcpy_t2.obj                 156     0         0      
       fclose.obj                    152     0         0      
       snprintf.obj                  148     0         0      
       memset_t2.obj                 122     0         0      
       autoinit.obj                  112     0         0      
       copy_decompress_rle.obj       112     0         0      
       printf.obj                    112     0         0      
       fd_tos_t2.obj                 110     0         0      
       exit.obj                      84      0         24     
       fseek.obj                     100     0         0      
       s_frexp.obj                   100     0         0      
       ltoa.obj                      86      0         0      
       boot.obj                      84      0         0      
       atoi.obj                      76      0         0      
       cpy_tbl.obj                   76      0         0      
       fd_toi_t2.obj                 72      0         0      
       strncpy.obj                   48      0         0      
       i_tofd_t2.obj                 46      0         0      
       _lock.obj                     20      0         16     
       memchr.obj                    32      0         0      
       memccpy.obj                   28      0         0      
       args_main.obj                 24      0         0      
       strcmp.obj                    24      0         0      
       strchr.obj                    22      0         0      
       s_copysign.obj                20      0         0      
       strcpy.obj                    20      0         0      
       strlen.obj                    20      0         0      
       copy_decompress_none.obj      14      0         0      
       errno.obj                     0       0         8      
       stkdepth_vars.obj             0       0         8      
       pre_init.obj                  4       0         0      
       mpu_init.obj                  2       0         0      
       startup.obj                   2       0         0      
    +--+-----------------------------+-------+---------+---------+
       Total:                        12444   257       1928   
                                                              
       Heap:                         0       0         2048   
       Stack:                        0       0         1024   
       Linker Generated:             0       239       0      
    +--+-----------------------------+-------+---------+---------+
       Grand Total:                  27012   3080      5830   


LINKER GENERATED COPY TABLES

__TI_cinit_table @ 0000758c records: 3, size/record: 8, table size: 24
	.data: load addr=000074a8, load size=000000bb bytes, run addr=200004e8, run size=00000270 bytes, compression=rle
	.bss: load addr=00007568, load size=0000000b bytes, run addr=20000758, run size=00000210 bytes, compression=rle
	.vtable: load addr=00007578, load size=00000009 bytes, run addr=20000000, run size=000000e4 bytes, compression=rle


LINKER GENERATED HANDLER TABLE

__TI_handler_table @ 00007584 records: 2, size/record: 4, table size: 8
	index: 0, handler: __TI_decompress_rle24
	index: 1, handler: __TI_decompress_none


GLOBAL SYMBOLS: SORTED ALPHABETICALLY BY Name 

address   name                                       
-------   ----                                       
00006a63  ADC14_IRQHandler                           
00006a63  AES256_IRQHandler                          
00006a63  BusFault_Handler                           
000067a5  C$$EXIT                                    
000065f7  C$$IO$$                                    
00006a63  COMP_E0_IRQHandler                         
00006a63  COMP_E1_IRQHandler                         
0000690d  CPU_basepriGet                             
000068ff  CPU_basepriSet                             
000068d9  CPU_cpsid                                  
000068ef  CPU_cpsie                                  
000068e5  CPU_primask                                
000068fb  CPU_wfi                                    
00006a63  CS_IRQHandler                              
0000326d  CS_clearInterruptFlag                      
00002b15  CS_disableClockRequest                     
00002bfb  CS_disableDCOExternalResistor              
00003141  CS_disableFaultCounter                     
0000322b  CS_disableInterrupt                        
00002aed  CS_enableClockRequest                      
00002b5d  CS_enableDCOExternalResistor               
00003115  CS_enableFaultCounter                      
00003209  CS_enableInterrupt                         
000030ad  CS_getACLK                                 
0000306d  CS_getBCLK                                 
00002cf5  CS_getDCOFrequency                         
00003253  CS_getEnabledInterruptStatus               
00003089  CS_getHSMCLK                               
0000324d  CS_getInterruptStatus                      
000030f3  CS_getMCLK                                 
000030d1  CS_getSMCLK                                
0000280d  CS_initClockSignal                         
0000328f  CS_registerInterrupt                       
0000316d  CS_resetFaultCounter                       
00002c19  CS_setDCOCenteredFrequency                 
00002b85  CS_setDCOExternalResistorCalibration       
00002e95  CS_setDCOFrequency                         
000027d1  CS_setExternalClockSourceFrequency         
00002b37  CS_setReferenceOscillatorFrequency         
000031b9  CS_startFaultCounter                       
00002911  CS_startHFXT                               
00002935  CS_startHFXTWithTimeout                    
000029f9  CS_startLFXT                               
00002a1d  CS_startLFXTWithTimeout                    
00002c51  CS_tuneDCOFrequency                        
000032a3  CS_unregisterInterrupt                     
00006a63  DMA_ERR_IRQHandler                         
00006a63  DMA_INT0_IRQHandler                        
00006a63  DMA_INT1_IRQHandler                        
00006a63  DMA_INT2_IRQHandler                        
00006a63  DMA_INT3_IRQHandler                        
00006a63  DebugMon_Handler                           
00006a63  Default_Handler                            
0000015b  Delay1ms                                   
00006a63  EUSCIA0_IRQHandler                         
00006a63  EUSCIA1_IRQHandler                         
00006a63  EUSCIA2_IRQHandler                         
00006a63  EUSCIA3_IRQHandler                         
00006a63  EUSCIB0_IRQHandler                         
00006a63  EUSCIB1_IRQHandler                         
00006a63  EUSCIB2_IRQHandler                         
00006a63  EUSCIB3_IRQHandler                         
00006a63  FLCTL_IRQHandler                           
00006a63  FPU_IRQHandler                             
0000360b  GPIO_clearInterruptFlag                    
000035cb  GPIO_disableInterrupt                      
000035a9  GPIO_enableInterrupt                       
00003663  GPIO_getEnabledInterruptStatus             
0000357b  GPIO_getInputPinValue                      
000035ed  GPIO_getInterruptStatus                    
0000362d  GPIO_interruptEdgeSelect                   
00003723  GPIO_registerInterrupt                     
00003323  GPIO_setAsInputPin                         
000034d7  GPIO_setAsInputPinWithPullDownResistor     
00003529  GPIO_setAsInputPinWithPullUpResistor       
000032e9  GPIO_setAsOutputPin                        
000033ed  GPIO_setAsPeripheralModuleFunctionInputPin 
00003369  GPIO_setAsPeripheralModuleFunctionOutputPin
000036df  GPIO_setDriveStrengthHigh                  
00003701  GPIO_setDriveStrengthLow                   
00003471  GPIO_setOutputHighOnPin                    
00003493  GPIO_setOutputLowOnPin                     
000034b5  GPIO_toggleOutputOnPin                     
00003743  GPIO_unregisterInterrupt                   
000048fb  HOSTclock                                  
000048c3  HOSTclose                                  
00004885  HOSTgetenv                                 
00004829  HOSTlseek                                  
000047d7  HOSTopen                                   
0000478b  HOSTread                                   
0000472d  HOSTrename                                 
000046f3  HOSTtime                                   
000046a9  HOSTtime64                                 
00004671  HOSTunlink                                 
00004625  HOSTwrite                                  
00006a63  HardFault_Handler                          
00005aa1  InitHallEffect                             
0000392b  Interrupt_disableInterrupt                 
0000377b  Interrupt_disableMaster                    
00003b29  Interrupt_disableSleepOnIsrExit            
000038b9  Interrupt_enableInterrupt                  
0000376b  Interrupt_enableMaster                     
00003b17  Interrupt_enableSleepOnIsrExit             
00003893  Interrupt_getPriority                      
0000380b  Interrupt_getPriorityGrouping              
00003af7  Interrupt_getPriorityMask                  
00003b11  Interrupt_getVectorTableAddress            
0000399d  Interrupt_isEnabled                        
00003a29  Interrupt_pendInterrupt                    
0000378b  Interrupt_registerInterrupt                
00003843  Interrupt_setPriority                      
000037f1  Interrupt_setPriorityGrouping              
00003ae7  Interrupt_setPriorityMask                  
00003b01  Interrupt_setVectorTableAddress            
00003a99  Interrupt_unpendInterrupt                  
000037dd  Interrupt_unregisterInterrupt              
00006a63  MemManage_Handler                          
20000934  Message                                    
20000954  Messageindex                               
00006a63  NMI_Handler                                
000013fb  Output_Clear                               
00001415  Output_Color                               
000013eb  Output_Init                                
00001405  Output_Off                                 
0000140d  Output_On                                  
00006a63  PCM_IRQHandler                             
00005af9  PORT1_IRQHandler                           
00005af9  PORT1_IRQHandler                           
00006a63  PORT2_IRQHandler                           
00006a63  PORT3_IRQHandler                           
00006a63  PORT4_IRQHandler                           
00006a63  PORT5_IRQHandler                           
00006a63  PORT6_IRQHandler                           
00006a63  PSS_IRQHandler                             
00006a63  PendSV_Handler                             
00006a63  RTC_C_IRQHandler                           
00006a57  Reset_Handler                              
UNDEFED   SHT$$INIT_ARRAY$$Base                      
UNDEFED   SHT$$INIT_ARRAY$$Limit                     
0000073d  ST7735_Color565                            
000007a1  ST7735_DrawBitmap                          
00000b15  ST7735_DrawChar                            
0000099d  ST7735_DrawCharS                           
00000535  ST7735_DrawFastHLine                       
00000477  ST7735_DrawFastVLine                       
0000041d  ST7735_DrawPixel                           
00000c89  ST7735_DrawString                          
00000631  ST7735_FillRect                            
000005ed  ST7735_FillScreen                          
000002e9  ST7735_InitB                               
00000309  ST7735_InitR                               
00000ebb  ST7735_InvertDisplay                       
000012f9  ST7735_OutChar                             
0000138d  ST7735_OutString                           
00000d75  ST7735_OutUDec                             
00001205  ST7735_PlotBar                             
00000ed3  ST7735_PlotClear                           
00000ff5  ST7735_PlotLine                            
000012a5  ST7735_PlotNext                            
000012bf  ST7735_PlotNextErase                       
00000f2f  ST7735_PlotPoint                           
0000112f  ST7735_PlotPoints                          
0000125b  ST7735_PlotdBfs                            
00000d4f  ST7735_SetCursor                           
00000df1  ST7735_SetRotation                         
000013ab  ST7735_SetTextColor                        
00000771  ST7735_SwapColor                           
00006a63  SVC_Handler                                
200006e0  StTextColor                                
200006d8  StX                                        
200006dc  StY                                        
20000744  Status                                     
000050db  SysCtl_disableGlitchFilter                 
00004f6b  SysCtl_disableNMISource                    
00005073  SysCtl_disablePeripheralAtCPUHalt          
00004fb5  SysCtl_disableSRAMBank                     
00005039  SysCtl_disableSRAMBankRetention            
000050cf  SysCtl_enableGlitchFilter                  
00004f7f  SysCtl_enableNMISource                     
0000505f  SysCtl_enablePeripheralAtCPUHalt           
00004f99  SysCtl_enableSRAMBank                      
0000501d  SysCtl_enableSRAMBankRetention             
00004f65  SysCtl_getFlashSize                        
00004f93  SysCtl_getNMISourceStatus                  
00004f5f  SysCtl_getSRAMSize                         
00004ee9  SysCtl_getTLVInfo                          
000050e7  SysCtl_getTempCalibrationConstant          
00005055  SysCtl_rebootDevice                        
000050ab  SysCtl_setWDTPasswordViolationResetType    
00005087  SysCtl_setWDTTimeoutResetType              
00006a63  SysTick_Handler                            
00005765  SysTick_init                               
20000754  SystemCoreClock                            
000042f9  SystemCoreClockUpdate                      
0000456d  SystemInit                                 
0000600b  SystemReset                                
00006a63  T32_INT1_IRQHandler                        
00006a63  T32_INT2_IRQHandler                        
00006a63  T32_INTC_IRQHandler                        
00006a63  TA0_0_IRQHandler                           
00006a63  TA0_N_IRQHandler                           
00006a63  TA1_0_IRQHandler                           
00006a63  TA1_N_IRQHandler                           
00006a63  TA2_0_IRQHandler                           
00006a63  TA2_N_IRQHandler                           
00006a63  TA3_0_IRQHandler                           
00006a63  TA3_N_IRQHandler                           
00006a63  UsageFault_Handler                         
4000480c  WDTCTL_SYM                                 
00006a63  WDT_A_IRQHandler                           
20000958  X                                          
2000095c  Ymax                                       
20000960  Ymin                                       
20000964  Yrange                                     
20000758  __CIOBUF_                                  
20010000  __STACK_END                                
00000200  __STACK_SIZE                               
00000400  __SYSMEM_SIZE                              
0000758c  __TI_CINIT_Base                            
000075a4  __TI_CINIT_Limit                           
00007584  __TI_Handler_Table_Base                    
0000758c  __TI_Handler_Table_Limit                   
00006411  __TI_auto_init                             
000053e9  __TI_cleanup                               
20000710  __TI_cleanup_ptr                           
0000615d  __TI_closefile                             
00006a49  __TI_decompress_none                       
00006a65  __TI_decompress_rle24                      
00005e95  __TI_doflush                               
20000714  __TI_dtors_ptr                             
20000718  __TI_enable_exit_profile_output            
20000700  __TI_ft_end                                
ffffffff  __TI_pprof_out_hndl                        
00002267  __TI_printfi                               
ffffffff  __TI_prof_data_size                        
ffffffff  __TI_prof_data_start                       
00006077  __TI_rd_ok                                 
000065fb  __TI_readmsg                               
00000000  __TI_static_base__                         
20000878  __TI_tmpnams                               
000065c9  __TI_writemsg                              
00006015  __TI_wrt_ok                                
00006289  __aeabi_cdcmpeq                            
00006289  __aeabi_cdcmple                            
0000630f  __aeabi_cdrcmple                           
000064f1  __aeabi_d2f                                
00006891  __aeabi_d2iz                               
000054ef  __aeabi_dadd                               
00005835  __aeabi_ddiv                               
00005bc1  __aeabi_dmul                               
000054e5  __aeabi_dsub                               
00006947  __aeabi_i2d                                
00006395  __aeabi_memclr                             
00006395  __aeabi_memclr4                            
00006395  __aeabi_memclr8                            
000060c1  __aeabi_memcpy                             
000060c1  __aeabi_memcpy4                            
000060c1  __aeabi_memcpy8                            
00006397  __aeabi_memset                             
00006397  __aeabi_memset4                            
00006397  __aeabi_memset8                            
2000070c  __aeabi_stderr                             
20000704  __aeabi_stdin                              
20000708  __aeabi_stdout                             
0000512d  __aeabi_uldivmod                           
ffffffff  __binit__                                  
ffffffff  __c_args__                                 
0000569b  __mpu_init                                 
2000fe00  __stack                                    
000069b1  _args_main                                 
00006751  _c_int00                                   
0000716b  _ctypes_                                   
200004e8  _ftable                                    
20000734  _lock                                      
00006a07  _nop                                       
000069ff  _register_lock                             
000069f9  _register_unlock                           
200000e8  _sys_memory                                
0000596b  _system_post_cinit                         
00006a6b  _system_pre_init                           
20000738  _unlock                                    
000067a9  abort                                      
00004ba9  add_device                                 
000067f9  atoi                                       
ffffffff  binit                                      
00003f01  calloc                                     
00004b59  close                                      
00006845  copy_in                                    
00006a0d  copysign                                   
00006a0d  copysignl                                  
00006f6b  dBfs                                       
00005785  delay_ms                                   
00005797  delay_us                                   
20000748  errno                                      
000067b1  exit                                       
000061c3  fclose                                     
000013dd  ferror                                     
00005ee1  fflush                                     
000013d1  fgetc                                      
00000d0d  fillmessage                                
0000543f  fopen                                      
000013bf  fputc                                      
0000596d  fputs                                      
00003c4f  free                                       
00005415  freopen                                    
00006695  frexp                                      
00006695  frexpl                                     
00006631  fseek                                      
20000000  g_pfnRAMVectors                            
20000740  i2c_bus_busy_counter                       
2000073c  i2c_bus_error_counter                      
00007450  i2c_config                                 
00004c81  i2c_init                                   
00004e4f  i2c_receive                                
00004cdd  i2c_send                                   
00004de9  i2c_send_single                            
00004c55  i2c_wait_for_bus_clear                     
00000000  interruptVectors                           
200006e8  lastj                                      
00005cbd  ldexp                                      
00005cbd  ldexpl                                     
00004b35  lseek                                      
000066f9  ltoa                                       
00005f5d  main                                       
20000750  main_func_sp                               
00003be7  malloc                                     
20000728  mclk_value                                 
00003e1d  memalign                                   
00006995  memccpy                                    
00006975  memchr                                     
000060c1  memcpy                                     
0000639d  memset                                     
00003b59  minit                                      
00004a87  open                                       
0000014d  parrotdelay                                
00006489  printf                                     
00005a79  puts                                       
00004a63  read                                       
00003d11  realloc                                    
000049d9  remove                                     
00004a3b  remove_device                              
000049fd  rename                                     
000073f8  rtc_day_name                               
00004219  rtc_format                                 
000041c3  rtc_gettemp                                
0000406d  rtc_gettime                                
00004049  rtc_read_registers                         
00004109  rtc_settime                                
00003fc3  rtc_time_is_believable                     
00005cbd  scalbn                                     
00005cbd  scalbnl                                    
0000569d  set_main_clocks                            
00005db9  setvbuf                                    
2000072c  smclk_value                                
000061f5  snprintf                                   
000069e1  strchr                                     
000069c9  strcmp                                     
00006a21  strcpy                                     
00006a35  strlen                                     
00006917  strncpy                                    
00003f35  to_number                                  
00003f81  to_packed_bcd                              
000049d9  unlink                                     
00004949  write                                      


GLOBAL SYMBOLS: SORTED BY Symbol Address 

address   name                                       
-------   ----                                       
00000000  __TI_static_base__                         
00000000  interruptVectors                           
0000014d  parrotdelay                                
0000015b  Delay1ms                                   
00000200  __STACK_SIZE                               
000002e9  ST7735_InitB                               
00000309  ST7735_InitR                               
00000400  __SYSMEM_SIZE                              
0000041d  ST7735_DrawPixel                           
00000477  ST7735_DrawFastVLine                       
00000535  ST7735_DrawFastHLine                       
000005ed  ST7735_FillScreen                          
00000631  ST7735_FillRect                            
0000073d  ST7735_Color565                            
00000771  ST7735_SwapColor                           
000007a1  ST7735_DrawBitmap                          
0000099d  ST7735_DrawCharS                           
00000b15  ST7735_DrawChar                            
00000c89  ST7735_DrawString                          
00000d0d  fillmessage                                
00000d4f  ST7735_SetCursor                           
00000d75  ST7735_OutUDec                             
00000df1  ST7735_SetRotation                         
00000ebb  ST7735_InvertDisplay                       
00000ed3  ST7735_PlotClear                           
00000f2f  ST7735_PlotPoint                           
00000ff5  ST7735_PlotLine                            
0000112f  ST7735_PlotPoints                          
00001205  ST7735_PlotBar                             
0000125b  ST7735_PlotdBfs                            
000012a5  ST7735_PlotNext                            
000012bf  ST7735_PlotNextErase                       
000012f9  ST7735_OutChar                             
0000138d  ST7735_OutString                           
000013ab  ST7735_SetTextColor                        
000013bf  fputc                                      
000013d1  fgetc                                      
000013dd  ferror                                     
000013eb  Output_Init                                
000013fb  Output_Clear                               
00001405  Output_Off                                 
0000140d  Output_On                                  
00001415  Output_Color                               
00002267  __TI_printfi                               
000027d1  CS_setExternalClockSourceFrequency         
0000280d  CS_initClockSignal                         
00002911  CS_startHFXT                               
00002935  CS_startHFXTWithTimeout                    
000029f9  CS_startLFXT                               
00002a1d  CS_startLFXTWithTimeout                    
00002aed  CS_enableClockRequest                      
00002b15  CS_disableClockRequest                     
00002b37  CS_setReferenceOscillatorFrequency         
00002b5d  CS_enableDCOExternalResistor               
00002b85  CS_setDCOExternalResistorCalibration       
00002bfb  CS_disableDCOExternalResistor              
00002c19  CS_setDCOCenteredFrequency                 
00002c51  CS_tuneDCOFrequency                        
00002cf5  CS_getDCOFrequency                         
00002e95  CS_setDCOFrequency                         
0000306d  CS_getBCLK                                 
00003089  CS_getHSMCLK                               
000030ad  CS_getACLK                                 
000030d1  CS_getSMCLK                                
000030f3  CS_getMCLK                                 
00003115  CS_enableFaultCounter                      
00003141  CS_disableFaultCounter                     
0000316d  CS_resetFaultCounter                       
000031b9  CS_startFaultCounter                       
00003209  CS_enableInterrupt                         
0000322b  CS_disableInterrupt                        
0000324d  CS_getInterruptStatus                      
00003253  CS_getEnabledInterruptStatus               
0000326d  CS_clearInterruptFlag                      
0000328f  CS_registerInterrupt                       
000032a3  CS_unregisterInterrupt                     
000032e9  GPIO_setAsOutputPin                        
00003323  GPIO_setAsInputPin                         
00003369  GPIO_setAsPeripheralModuleFunctionOutputPin
000033ed  GPIO_setAsPeripheralModuleFunctionInputPin 
00003471  GPIO_setOutputHighOnPin                    
00003493  GPIO_setOutputLowOnPin                     
000034b5  GPIO_toggleOutputOnPin                     
000034d7  GPIO_setAsInputPinWithPullDownResistor     
00003529  GPIO_setAsInputPinWithPullUpResistor       
0000357b  GPIO_getInputPinValue                      
000035a9  GPIO_enableInterrupt                       
000035cb  GPIO_disableInterrupt                      
000035ed  GPIO_getInterruptStatus                    
0000360b  GPIO_clearInterruptFlag                    
0000362d  GPIO_interruptEdgeSelect                   
00003663  GPIO_getEnabledInterruptStatus             
000036df  GPIO_setDriveStrengthHigh                  
00003701  GPIO_setDriveStrengthLow                   
00003723  GPIO_registerInterrupt                     
00003743  GPIO_unregisterInterrupt                   
0000376b  Interrupt_enableMaster                     
0000377b  Interrupt_disableMaster                    
0000378b  Interrupt_registerInterrupt                
000037dd  Interrupt_unregisterInterrupt              
000037f1  Interrupt_setPriorityGrouping              
0000380b  Interrupt_getPriorityGrouping              
00003843  Interrupt_setPriority                      
00003893  Interrupt_getPriority                      
000038b9  Interrupt_enableInterrupt                  
0000392b  Interrupt_disableInterrupt                 
0000399d  Interrupt_isEnabled                        
00003a29  Interrupt_pendInterrupt                    
00003a99  Interrupt_unpendInterrupt                  
00003ae7  Interrupt_setPriorityMask                  
00003af7  Interrupt_getPriorityMask                  
00003b01  Interrupt_setVectorTableAddress            
00003b11  Interrupt_getVectorTableAddress            
00003b17  Interrupt_enableSleepOnIsrExit             
00003b29  Interrupt_disableSleepOnIsrExit            
00003b59  minit                                      
00003be7  malloc                                     
00003c4f  free                                       
00003d11  realloc                                    
00003e1d  memalign                                   
00003f01  calloc                                     
00003f35  to_number                                  
00003f81  to_packed_bcd                              
00003fc3  rtc_time_is_believable                     
00004049  rtc_read_registers                         
0000406d  rtc_gettime                                
00004109  rtc_settime                                
000041c3  rtc_gettemp                                
00004219  rtc_format                                 
000042f9  SystemCoreClockUpdate                      
0000456d  SystemInit                                 
00004625  HOSTwrite                                  
00004671  HOSTunlink                                 
000046a9  HOSTtime64                                 
000046f3  HOSTtime                                   
0000472d  HOSTrename                                 
0000478b  HOSTread                                   
000047d7  HOSTopen                                   
00004829  HOSTlseek                                  
00004885  HOSTgetenv                                 
000048c3  HOSTclose                                  
000048fb  HOSTclock                                  
00004949  write                                      
000049d9  remove                                     
000049d9  unlink                                     
000049fd  rename                                     
00004a3b  remove_device                              
00004a63  read                                       
00004a87  open                                       
00004b35  lseek                                      
00004b59  close                                      
00004ba9  add_device                                 
00004c55  i2c_wait_for_bus_clear                     
00004c81  i2c_init                                   
00004cdd  i2c_send                                   
00004de9  i2c_send_single                            
00004e4f  i2c_receive                                
00004ee9  SysCtl_getTLVInfo                          
00004f5f  SysCtl_getSRAMSize                         
00004f65  SysCtl_getFlashSize                        
00004f6b  SysCtl_disableNMISource                    
00004f7f  SysCtl_enableNMISource                     
00004f93  SysCtl_getNMISourceStatus                  
00004f99  SysCtl_enableSRAMBank                      
00004fb5  SysCtl_disableSRAMBank                     
0000501d  SysCtl_enableSRAMBankRetention             
00005039  SysCtl_disableSRAMBankRetention            
00005055  SysCtl_rebootDevice                        
0000505f  SysCtl_enablePeripheralAtCPUHalt           
00005073  SysCtl_disablePeripheralAtCPUHalt          
00005087  SysCtl_setWDTTimeoutResetType              
000050ab  SysCtl_setWDTPasswordViolationResetType    
000050cf  SysCtl_enableGlitchFilter                  
000050db  SysCtl_disableGlitchFilter                 
000050e7  SysCtl_getTempCalibrationConstant          
0000512d  __aeabi_uldivmod                           
000053e9  __TI_cleanup                               
00005415  freopen                                    
0000543f  fopen                                      
000054e5  __aeabi_dsub                               
000054ef  __aeabi_dadd                               
0000569b  __mpu_init                                 
0000569d  set_main_clocks                            
00005765  SysTick_init                               
00005785  delay_ms                                   
00005797  delay_us                                   
00005835  __aeabi_ddiv                               
0000596b  _system_post_cinit                         
0000596d  fputs                                      
00005a79  puts                                       
00005aa1  InitHallEffect                             
00005af9  PORT1_IRQHandler                           
00005af9  PORT1_IRQHandler                           
00005bc1  __aeabi_dmul                               
00005cbd  ldexp                                      
00005cbd  ldexpl                                     
00005cbd  scalbn                                     
00005cbd  scalbnl                                    
00005db9  setvbuf                                    
00005e95  __TI_doflush                               
00005ee1  fflush                                     
00005f5d  main                                       
0000600b  SystemReset                                
00006015  __TI_wrt_ok                                
00006077  __TI_rd_ok                                 
000060c1  __aeabi_memcpy                             
000060c1  __aeabi_memcpy4                            
000060c1  __aeabi_memcpy8                            
000060c1  memcpy                                     
0000615d  __TI_closefile                             
000061c3  fclose                                     
000061f5  snprintf                                   
00006289  __aeabi_cdcmpeq                            
00006289  __aeabi_cdcmple                            
0000630f  __aeabi_cdrcmple                           
00006395  __aeabi_memclr                             
00006395  __aeabi_memclr4                            
00006395  __aeabi_memclr8                            
00006397  __aeabi_memset                             
00006397  __aeabi_memset4                            
00006397  __aeabi_memset8                            
0000639d  memset                                     
00006411  __TI_auto_init                             
00006489  printf                                     
000064f1  __aeabi_d2f                                
000065c9  __TI_writemsg                              
000065f7  C$$IO$$                                    
000065fb  __TI_readmsg                               
00006631  fseek                                      
00006695  frexp                                      
00006695  frexpl                                     
000066f9  ltoa                                       
00006751  _c_int00                                   
000067a5  C$$EXIT                                    
000067a9  abort                                      
000067b1  exit                                       
000067f9  atoi                                       
00006845  copy_in                                    
00006891  __aeabi_d2iz                               
000068d9  CPU_cpsid                                  
000068e5  CPU_primask                                
000068ef  CPU_cpsie                                  
000068fb  CPU_wfi                                    
000068ff  CPU_basepriSet                             
0000690d  CPU_basepriGet                             
00006917  strncpy                                    
00006947  __aeabi_i2d                                
00006975  memchr                                     
00006995  memccpy                                    
000069b1  _args_main                                 
000069c9  strcmp                                     
000069e1  strchr                                     
000069f9  _register_unlock                           
000069ff  _register_lock                             
00006a07  _nop                                       
00006a0d  copysign                                   
00006a0d  copysignl                                  
00006a21  strcpy                                     
00006a35  strlen                                     
00006a49  __TI_decompress_none                       
00006a57  Reset_Handler                              
00006a63  ADC14_IRQHandler                           
00006a63  AES256_IRQHandler                          
00006a63  BusFault_Handler                           
00006a63  COMP_E0_IRQHandler                         
00006a63  COMP_E1_IRQHandler                         
00006a63  CS_IRQHandler                              
00006a63  DMA_ERR_IRQHandler                         
00006a63  DMA_INT0_IRQHandler                        
00006a63  DMA_INT1_IRQHandler                        
00006a63  DMA_INT2_IRQHandler                        
00006a63  DMA_INT3_IRQHandler                        
00006a63  DebugMon_Handler                           
00006a63  Default_Handler                            
00006a63  EUSCIA0_IRQHandler                         
00006a63  EUSCIA1_IRQHandler                         
00006a63  EUSCIA2_IRQHandler                         
00006a63  EUSCIA3_IRQHandler                         
00006a63  EUSCIB0_IRQHandler                         
00006a63  EUSCIB1_IRQHandler                         
00006a63  EUSCIB2_IRQHandler                         
00006a63  EUSCIB3_IRQHandler                         
00006a63  FLCTL_IRQHandler                           
00006a63  FPU_IRQHandler                             
00006a63  HardFault_Handler                          
00006a63  MemManage_Handler                          
00006a63  NMI_Handler                                
00006a63  PCM_IRQHandler                             
00006a63  PORT2_IRQHandler                           
00006a63  PORT3_IRQHandler                           
00006a63  PORT4_IRQHandler                           
00006a63  PORT5_IRQHandler                           
00006a63  PORT6_IRQHandler                           
00006a63  PSS_IRQHandler                             
00006a63  PendSV_Handler                             
00006a63  RTC_C_IRQHandler                           
00006a63  SVC_Handler                                
00006a63  SysTick_Handler                            
00006a63  T32_INT1_IRQHandler                        
00006a63  T32_INT2_IRQHandler                        
00006a63  T32_INTC_IRQHandler                        
00006a63  TA0_0_IRQHandler                           
00006a63  TA0_N_IRQHandler                           
00006a63  TA1_0_IRQHandler                           
00006a63  TA1_N_IRQHandler                           
00006a63  TA2_0_IRQHandler                           
00006a63  TA2_N_IRQHandler                           
00006a63  TA3_0_IRQHandler                           
00006a63  TA3_N_IRQHandler                           
00006a63  UsageFault_Handler                         
00006a63  WDT_A_IRQHandler                           
00006a65  __TI_decompress_rle24                      
00006a6b  _system_pre_init                           
00006f6b  dBfs                                       
0000716b  _ctypes_                                   
000073f8  rtc_day_name                               
00007450  i2c_config                                 
00007584  __TI_Handler_Table_Base                    
0000758c  __TI_CINIT_Base                            
0000758c  __TI_Handler_Table_Limit                   
000075a4  __TI_CINIT_Limit                           
20000000  g_pfnRAMVectors                            
200000e8  _sys_memory                                
200004e8  _ftable                                    
200006d8  StX                                        
200006dc  StY                                        
200006e0  StTextColor                                
200006e8  lastj                                      
20000700  __TI_ft_end                                
20000704  __aeabi_stdin                              
20000708  __aeabi_stdout                             
2000070c  __aeabi_stderr                             
20000710  __TI_cleanup_ptr                           
20000714  __TI_dtors_ptr                             
20000718  __TI_enable_exit_profile_output            
20000728  mclk_value                                 
2000072c  smclk_value                                
20000734  _lock                                      
20000738  _unlock                                    
2000073c  i2c_bus_error_counter                      
20000740  i2c_bus_busy_counter                       
20000744  Status                                     
20000748  errno                                      
20000750  main_func_sp                               
20000754  SystemCoreClock                            
20000758  __CIOBUF_                                  
20000878  __TI_tmpnams                               
20000934  Message                                    
20000954  Messageindex                               
20000958  X                                          
2000095c  Ymax                                       
20000960  Ymin                                       
20000964  Yrange                                     
2000fe00  __stack                                    
20010000  __STACK_END                                
4000480c  WDTCTL_SYM                                 
ffffffff  __TI_pprof_out_hndl                        
ffffffff  __TI_prof_data_size                        
ffffffff  __TI_prof_data_start                       
ffffffff  __binit__                                  
ffffffff  __c_args__                                 
ffffffff  binit                                      
UNDEFED   SHT$$INIT_ARRAY$$Base                      
UNDEFED   SHT$$INIT_ARRAY$$Limit                     

[364 symbols]
