******************************************************************************
                  TI ARM Linker Unix v15.12.1                  
******************************************************************************
>> Linked Sat Nov  5 21:46:14 2016

OUTPUT FILE NAME:   <Security System.out>
ENTRY POINT SYMBOL: "_c_int00"  address: 00003b05


MEMORY CONFIGURATION

         name            origin    length      used     unused   attr    fill
----------------------  --------  ---------  --------  --------  ----  --------
  MAIN                  00000000   00040000  000040c6  0003bf3a  R  X
  INFO                  00200000   00004000  00000000  00004000  R  X
  SRAM_CODE             01000000   00010000  00000ae0  0000f520  RW X
  SRAM_DATA             20000000   00010000  00000ae0  0000f520  RW  


SEGMENT ALLOCATION MAP

run origin  load origin   length   init length attrs members
----------  ----------- ---------- ----------- ----- -------
00000000    00000000    000040cc   000040cc    r-x
  00000000    00000000    000000e4   000000e4    r-- .intvecs
  000000e4    000000e4    00003d46   00003d46    r-x .text
  00003e2c    00003e2c    000001b0   000001b0    r-- .const
  00003fe0    00003fe0    000000ec   000000ec    r-- .cinit
20000000    20000000    000008e4   00000000    rw-
  20000000    20000000    000000e4   00000000    rw- .vtable
  200000e8    200000e8    00000400   00000000    rw- .sysmem
  200004e8    200004e8    00000234   00000000    rw- .data
  2000071c    2000071c    000001c8   00000000    rw- .bss
2000fe00    2000fe00    00000200   00000000    rw-
  2000fe00    2000fe00    00000200   00000000    rw- .stack


SECTION ALLOCATION MAP

 output                                  attributes/
section   page    origin      length       input sections
--------  ----  ----------  ----------   ----------------
.intvecs   0    00000000    000000e4     
                  00000000    000000e4     startup_msp432p401r_ccs.obj (.intvecs:retain)

.text      0    000000e4    00003d46     
                  000000e4    00001110     rtsv7M4_T_le_v4SPD16_eabi.lib : _printfi.obj (.text)
                  000011f4    00000480     gpio.obj (.text)
                  00001674    000003f0     interrupt.obj (.text)
                  00001a64    000003dc     rtsv7M4_T_le_v4SPD16_eabi.lib : memory.obj (.text)
                  00001e40    0000032c     system_msp432p401r.obj (.text)
                  0000216c    00000324     rtsv7M4_T_le_v4SPD16_eabi.lib : trgdrv.obj (.text)
                  00002490    0000030c                                   : lowlev.obj (.text)
                  0000279c    000001f4                                   : ull_div_t2.obj (.text)
                  00002990    000001c4                                   : fopen.obj (.text)
                  00002b54    000001b6                                   : fd_add_t2.obj (.text)
                  00002d0a    00000136                                   : fd_div_t2.obj (.text)
                  00002e40    00000134                                   : fputs.obj (.text)
                  00002f74    00000120     Hall.obj (.text)
                  00003094    000000fc     rtsv7M4_T_le_v4SPD16_eabi.lib : fd_mul_t2.obj (.text)
                  00003190    000000fc                                   : s_scalbn.obj (.text)
                  0000328c    000000dc                                   : setvbuf.obj (.text)
                  00003368    000000c8                                   : fflush.obj (.text)
                  00003430    000000ac                                   : _io_perm.obj (.text)
                  000034dc    0000009c                                   : memcpy_t2.obj (.text)
                  00003578    00000098                                   : fclose.obj (.text)
                  00003610    00000098                                   : fputc.obj (.text)
                  000036a8    00000086                                   : fd_cmp_t2.obj (.text:__aeabi_cdcmple)
                  0000372e    00000086                                   : fd_cmp_t2.obj (.text:__aeabi_cdrcmple)
                  000037b4    0000007a                                   : memset_t2.obj (.text)
                  0000382e    00000002                                   : mpu_init.obj (.text)
                  00003830    00000070                                   : autoinit.obj (.text)
                  000038a0    00000070                                   : printf.obj (.text)
                  00003910    0000006a                                   : copy_decompress_rle.obj (.text)
                  0000397a    00000002                                   : startup.obj (.text)
                  0000397c    00000068                                   : trgmsg.obj (.text)
                  000039e4    00000064                                   : fseek.obj (.text)
                  00003a48    00000064                                   : s_frexp.obj (.text)
                  00003aac    00000056                                   : ltoa.obj (.text)
                  00003b02    00000002     --HOLE-- [fill = 0]
                  00003b04    00000054                                   : boot.obj (.text)
                  00003b58    00000054                                   : exit.obj (.text)
                  00003bac    0000004c                                   : atoi.obj (.text)
                  00003bf8    0000004c                                   : cpy_tbl.obj (.text)
                  00003c44    00000048                                   : fd_toi_t2.obj (.text)
                  00003c8c    0000003e     cpu.obj (.text)
                  00003cca    00000030     rtsv7M4_T_le_v4SPD16_eabi.lib : strncpy.obj (.text)
                  00003cfa    0000002e                                   : i_tofd_t2.obj (.text)
                  00003d28    00000020                                   : memchr.obj (.text)
                  00003d48    0000001c                                   : memccpy.obj (.text)
                  00003d64    00000018                                   : args_main.obj (.text)
                  00003d7c    00000018                                   : strcmp.obj (.text)
                  00003d94    00000016                                   : strchr.obj (.text)
                  00003daa    00000002     --HOLE-- [fill = 0]
                  00003dac    00000014                                   : _lock.obj (.text)
                  00003dc0    00000014                                   : s_copysign.obj (.text)
                  00003dd4    00000014                                   : strcpy.obj (.text)
                  00003de8    00000014                                   : strlen.obj (.text)
                  00003dfc    0000000e                                   : copy_decompress_none.obj (.text:decompress:none)
                  00003e0a    0000000e     startup_msp432p401r_ccs.obj (.text)
                  00003e18    00000008     main.obj (.text)
                  00003e20    00000006     rtsv7M4_T_le_v4SPD16_eabi.lib : copy_decompress_rle.obj (.text:decompress:rle24)
                  00003e26    00000004                                   : pre_init.obj (.text)

.const     0    00003e2c    000001b0     
                  00003e2c    00000101     rtsv7M4_T_le_v4SPD16_eabi.lib : ctype.obj (.const:.string:_ctypes_)
                  00003f2d    00000003     --HOLE-- [fill = 0]
                  00003f30    00000050     interrupt.obj (.const:g_pulRegs)
                  00003f80    00000020     interrupt.obj (.const:g_pulPriority)
                  00003fa0    0000001c     gpio.obj (.const:GPIO_PORT_TO_INT)
                  00003fbc    00000008     interrupt.obj (.const:g_pulDisRegs)
                  00003fc4    00000008     interrupt.obj (.const:g_pulEnRegs)
                  00003fcc    00000008     interrupt.obj (.const:g_pulPendRegs)
                  00003fd4    00000008     interrupt.obj (.const:g_pulUnpendRegs)

.cinit     0    00003fe0    000000ec     
                  00003fe0    000000ad     (.cinit..data.load) [load image, compression = rle]
                  0000408d    00000003     --HOLE-- [fill = 0]
                  00004090    0000000b     (.cinit..bss.load) [load image, compression = rle]
                  0000409b    00000005     --HOLE-- [fill = 0]
                  000040a0    00000009     (.cinit..vtable.load) [load image, compression = rle]
                  000040a9    00000003     --HOLE-- [fill = 0]
                  000040ac    00000008     (__TI_handler_table)
                  000040b4    00000018     (__TI_cinit_table)

.init_array 
*          0    00000000    00000000     UNINITIALIZED

.binit     0    00000000    00000000     

.vtable    0    20000000    000000e4     UNINITIALIZED
                  20000000    000000e4     interrupt.obj (.vtable)

.sysmem    0    200000e8    00000400     UNINITIALIZED
                  200000e8    00000008     rtsv7M4_T_le_v4SPD16_eabi.lib : memory.obj (.sysmem)
                  200000f0    000003f8     --HOLE--

.data      0    200004e8    00000234     UNINITIALIZED
                  200004e8    000000f0     rtsv7M4_T_le_v4SPD16_eabi.lib : defs.obj (.data:_ftable)
                  200005d8    000000d0                                   : lowlev.obj (.data:$O1$$)
                  200006a8    00000030     gpio.obj (.data:GPIO_PORT_TO_BASE)
                  200006d8    00000010     rtsv7M4_T_le_v4SPD16_eabi.lib : defs.obj (.data)
                  200006e8    0000000c                                   : exit.obj (.data:$O1$$)
                  200006f4    0000000c                                   : memory.obj (.data:$O1$$)
                  20000700    00000008                                   : _lock.obj (.data:$O1$$)
                  20000708    00000004     Hall.obj (.data)
                  2000070c    00000004     rtsv7M4_T_le_v4SPD16_eabi.lib : errno.obj (.data)
                  20000710    00000004                                   : fopen.obj (.data)
                  20000714    00000004                                   : stkdepth_vars.obj (.data)
                  20000718    00000004     system_msp432p401r.obj (.data)

.bss       0    2000071c    000001c8     UNINITIALIZED
                  2000071c    00000120     rtsv7M4_T_le_v4SPD16_eabi.lib : trgmsg.obj (.bss:_CIOBUF_)
                  2000083c    000000a0     (.common:__TI_tmpnams)
                  200008dc    00000008                                   : trgdrv.obj (.bss:parmbuf)

.stack     0    2000fe00    00000200     UNINITIALIZED
                  2000fe00    00000200     --HOLE--

MODULE SUMMARY

       Module                        code    ro data   rw data
       ------                        ----    -------   -------
    ./
       system_msp432p401r.obj        812     0         8      
       Hall.obj                      288     0         8      
       startup_msp432p401r_ccs.obj   14      228       0      
       main.obj                      8       0         0      
    +--+-----------------------------+-------+---------+---------+
       Total:                        1122    228       16     
                                                              
    ./driverlib/MSP432P4xx/
       interrupt.obj                 1008    144       456    
       gpio.obj                      1152    28        96     
       cpu.obj                       62      0         0      
    +--+-----------------------------+-------+---------+---------+
       Total:                        2222    172       552    
                                                              
    /Applications/ti/ccsv6/tools/compiler/ti-cgt-arm_15.12.1.LTS/lib/rtsv7M4_T_le_v4SPD16_eabi.lib
       _printfi.obj                  4368    0         0      
       lowlev.obj                    780     0         416    
       memory.obj                    988     0         24     
       defs.obj                      0       0         832    
       trgdrv.obj                    804     0         16     
       trgmsg.obj                    104     0         576    
       ull_div_t2.obj                500     0         0      
       fopen.obj                     452     0         8      
       fd_add_t2.obj                 438     0         0      
       fd_div_t2.obj                 310     0         0      
       fputs.obj                     308     0         0      
       fd_cmp_t2.obj                 268     0         0      
       ctype.obj                     0       257       0      
       fd_mul_t2.obj                 252     0         0      
       s_scalbn.obj                  252     0         0      
       setvbuf.obj                   220     0         0      
       fflush.obj                    200     0         0      
       _io_perm.obj                  172     0         0      
       memcpy_t2.obj                 156     0         0      
       fclose.obj                    152     0         0      
       fputc.obj                     152     0         0      
       memset_t2.obj                 122     0         0      
       autoinit.obj                  112     0         0      
       copy_decompress_rle.obj       112     0         0      
       printf.obj                    112     0         0      
       exit.obj                      84      0         24     
       fseek.obj                     100     0         0      
       s_frexp.obj                   100     0         0      
       ltoa.obj                      86      0         0      
       boot.obj                      84      0         0      
       atoi.obj                      76      0         0      
       cpy_tbl.obj                   76      0         0      
       fd_toi_t2.obj                 72      0         0      
       strncpy.obj                   48      0         0      
       i_tofd_t2.obj                 46      0         0      
       _lock.obj                     20      0         16     
       memchr.obj                    32      0         0      
       memccpy.obj                   28      0         0      
       args_main.obj                 24      0         0      
       strcmp.obj                    24      0         0      
       strchr.obj                    22      0         0      
       s_copysign.obj                20      0         0      
       strcpy.obj                    20      0         0      
       strlen.obj                    20      0         0      
       copy_decompress_none.obj      14      0         0      
       errno.obj                     0       0         8      
       stkdepth_vars.obj             0       0         8      
       pre_init.obj                  4       0         0      
       mpu_init.obj                  2       0         0      
       startup.obj                   2       0         0      
    +--+-----------------------------+-------+---------+---------+
       Total:                        12338   257       1928   
                                                              
       Heap:                         0       0         2048   
       Stack:                        0       0         1024   
       Linker Generated:             0       225       0      
    +--+-----------------------------+-------+---------+---------+
       Grand Total:                  15682   882       5568   


LINKER GENERATED COPY TABLES

__TI_cinit_table @ 000040b4 records: 3, size/record: 8, table size: 24
	.data: load addr=00003fe0, load size=000000ad bytes, run addr=200004e8, run size=00000234 bytes, compression=rle
	.bss: load addr=00004090, load size=0000000b bytes, run addr=2000071c, run size=000001c8 bytes, compression=rle
	.vtable: load addr=000040a0, load size=00000009 bytes, run addr=20000000, run size=000000e4 bytes, compression=rle


LINKER GENERATED HANDLER TABLE

__TI_handler_table @ 000040ac records: 2, size/record: 4, table size: 8
	index: 0, handler: __TI_decompress_rle24
	index: 1, handler: __TI_decompress_none


GLOBAL SYMBOLS: SORTED ALPHABETICALLY BY Name 

address   name                                       
-------   ----                                       
00003e17  ADC14_IRQHandler                           
00003e17  AES256_IRQHandler                          
00003e17  BusFault_Handler                           
00003b59  C$$EXIT                                    
000039ab  C$$IO$$                                    
00003e17  COMP_E0_IRQHandler                         
00003e17  COMP_E1_IRQHandler                         
00003cc1  CPU_basepriGet                             
00003cb3  CPU_basepriSet                             
00003c8d  CPU_cpsid                                  
00003ca3  CPU_cpsie                                  
00003c99  CPU_primask                                
00003caf  CPU_wfi                                    
00003e17  CS_IRQHandler                              
00003e17  DMA_ERR_IRQHandler                         
00003e17  DMA_INT0_IRQHandler                        
00003e17  DMA_INT1_IRQHandler                        
00003e17  DMA_INT2_IRQHandler                        
00003e17  DMA_INT3_IRQHandler                        
00003e17  DebugMon_Handler                           
00003e17  Default_Handler                            
00003e17  EUSCIA0_IRQHandler                         
00003e17  EUSCIA1_IRQHandler                         
00003e17  EUSCIA2_IRQHandler                         
00003e17  EUSCIA3_IRQHandler                         
00003e17  EUSCIB0_IRQHandler                         
00003e17  EUSCIB1_IRQHandler                         
00003e17  EUSCIB2_IRQHandler                         
00003e17  EUSCIB3_IRQHandler                         
00003e17  FLCTL_IRQHandler                           
00003e17  FPU_IRQHandler                             
00001517  GPIO_clearInterruptFlag                    
000014d7  GPIO_disableInterrupt                      
000014b5  GPIO_enableInterrupt                       
0000156f  GPIO_getEnabledInterruptStatus             
00001487  GPIO_getInputPinValue                      
000014f9  GPIO_getInterruptStatus                    
00001539  GPIO_interruptEdgeSelect                   
0000162f  GPIO_registerInterrupt                     
0000122f  GPIO_setAsInputPin                         
000013e3  GPIO_setAsInputPinWithPullDownResistor     
00001435  GPIO_setAsInputPinWithPullUpResistor       
000011f5  GPIO_setAsOutputPin                        
000012f9  GPIO_setAsPeripheralModuleFunctionInputPin 
00001275  GPIO_setAsPeripheralModuleFunctionOutputPin
000015eb  GPIO_setDriveStrengthHigh                  
0000160d  GPIO_setDriveStrengthLow                   
0000137d  GPIO_setOutputHighOnPin                    
0000139f  GPIO_setOutputLowOnPin                     
000013c1  GPIO_toggleOutputOnPin                     
0000164f  GPIO_unregisterInterrupt                   
00002443  HOSTclock                                  
0000240b  HOSTclose                                  
000023cd  HOSTgetenv                                 
00002371  HOSTlseek                                  
0000231f  HOSTopen                                   
000022d3  HOSTread                                   
00002275  HOSTrename                                 
0000223b  HOSTtime                                   
000021f1  HOSTtime64                                 
000021b9  HOSTunlink                                 
0000216d  HOSTwrite                                  
00003e17  HardFault_Handler                          
00002f75  InitHallEffect                             
00001837  Interrupt_disableInterrupt                 
00001687  Interrupt_disableMaster                    
00001a35  Interrupt_disableSleepOnIsrExit            
000017c5  Interrupt_enableInterrupt                  
00001677  Interrupt_enableMaster                     
00001a23  Interrupt_enableSleepOnIsrExit             
0000179f  Interrupt_getPriority                      
00001717  Interrupt_getPriorityGrouping              
00001a03  Interrupt_getPriorityMask                  
00001a1d  Interrupt_getVectorTableAddress            
000018a9  Interrupt_isEnabled                        
00001935  Interrupt_pendInterrupt                    
00001697  Interrupt_registerInterrupt                
0000174f  Interrupt_setPriority                      
000016fd  Interrupt_setPriorityGrouping              
000019f3  Interrupt_setPriorityMask                  
00001a0d  Interrupt_setVectorTableAddress            
000019a5  Interrupt_unpendInterrupt                  
000016e9  Interrupt_unregisterInterrupt              
00003e17  MemManage_Handler                          
00003e17  NMI_Handler                                
00003e17  PCM_IRQHandler                             
00002fcd  PORT1_IRQHandler                           
00002fcd  PORT1_IRQHandler                           
00003e17  PORT2_IRQHandler                           
00003e17  PORT3_IRQHandler                           
00003e17  PORT4_IRQHandler                           
00003e17  PORT5_IRQHandler                           
00003e17  PORT6_IRQHandler                           
00003e17  PSS_IRQHandler                             
00003e17  PendSV_Handler                             
00003e17  RTC_C_IRQHandler                           
00003e0b  Reset_Handler                              
UNDEFED   SHT$$INIT_ARRAY$$Base                      
UNDEFED   SHT$$INIT_ARRAY$$Limit                     
00003e17  SVC_Handler                                
20000708  Status                                     
00003e17  SysTick_Handler                            
20000718  SystemCoreClock                            
00001e41  SystemCoreClockUpdate                      
000020b5  SystemInit                                 
00003e17  T32_INT1_IRQHandler                        
00003e17  T32_INT2_IRQHandler                        
00003e17  T32_INTC_IRQHandler                        
00003e17  TA0_0_IRQHandler                           
00003e17  TA0_N_IRQHandler                           
00003e17  TA1_0_IRQHandler                           
00003e17  TA1_N_IRQHandler                           
00003e17  TA2_0_IRQHandler                           
00003e17  TA2_N_IRQHandler                           
00003e17  TA3_0_IRQHandler                           
00003e17  TA3_N_IRQHandler                           
00003e17  UsageFault_Handler                         
4000480c  WDTCTL_SYM                                 
00003e17  WDT_A_IRQHandler                           
2000071c  __CIOBUF_                                  
20010000  __STACK_END                                
00000200  __STACK_SIZE                               
00000400  __SYSMEM_SIZE                              
000040b4  __TI_CINIT_Base                            
000040cc  __TI_CINIT_Limit                           
000040ac  __TI_Handler_Table_Base                    
000040b4  __TI_Handler_Table_Limit                   
00003831  __TI_auto_init                             
00002a59  __TI_cleanup                               
200006e8  __TI_cleanup_ptr                           
00003579  __TI_closefile                             
00003dfd  __TI_decompress_none                       
00003e21  __TI_decompress_rle24                      
00003369  __TI_doflush                               
200006ec  __TI_dtors_ptr                             
200006f0  __TI_enable_exit_profile_output            
200006d8  __TI_ft_end                                
ffffffff  __TI_pprof_out_hndl                        
00000eef  __TI_printfi                               
ffffffff  __TI_prof_data_size                        
ffffffff  __TI_prof_data_start                       
00003493  __TI_rd_ok                                 
000039af  __TI_readmsg                               
00000000  __TI_static_base__                         
2000083c  __TI_tmpnams                               
0000397d  __TI_writemsg                              
00003431  __TI_wrt_ok                                
000036a9  __aeabi_cdcmpeq                            
000036a9  __aeabi_cdcmple                            
0000372f  __aeabi_cdrcmple                           
00003c45  __aeabi_d2iz                               
00002b5f  __aeabi_dadd                               
00002d0b  __aeabi_ddiv                               
00003095  __aeabi_dmul                               
00002b55  __aeabi_dsub                               
00003cfb  __aeabi_i2d                                
000037b5  __aeabi_memclr                             
000037b5  __aeabi_memclr4                            
000037b5  __aeabi_memclr8                            
000034dd  __aeabi_memcpy                             
000034dd  __aeabi_memcpy4                            
000034dd  __aeabi_memcpy8                            
000037b7  __aeabi_memset                             
000037b7  __aeabi_memset4                            
000037b7  __aeabi_memset8                            
200006e4  __aeabi_stderr                             
200006dc  __aeabi_stdin                              
200006e0  __aeabi_stdout                             
0000279d  __aeabi_uldivmod                           
ffffffff  __binit__                                  
ffffffff  __c_args__                                 
0000382f  __mpu_init                                 
2000fe00  __stack                                    
00003d65  _args_main                                 
00003b05  _c_int00                                   
00003e2c  _ctypes_                                   
200004e8  _ftable                                    
20000700  _lock                                      
00003dbb  _nop                                       
00003db3  _register_lock                             
00003dad  _register_unlock                           
200000e8  _sys_memory                                
0000397b  _system_post_cinit                         
00003e27  _system_pre_init                           
20000704  _unlock                                    
00003b5d  abort                                      
000026f1  add_device                                 
00003bad  atoi                                       
ffffffff  binit                                      
00001e0d  calloc                                     
000026a1  close                                      
00003bf9  copy_in                                    
00003dc1  copysign                                   
00003dc1  copysignl                                  
2000070c  errno                                      
00003b65  exit                                       
000035df  fclose                                     
000033b5  fflush                                     
00002aaf  fopen                                      
00003611  fputc                                      
00002e41  fputs                                      
00001b5b  free                                       
00002a85  freopen                                    
00003a49  frexp                                      
00003a49  frexpl                                     
000039e5  fseek                                      
20000000  g_pfnRAMVectors                            
00000000  interruptVectors                           
00003191  ldexp                                      
00003191  ldexpl                                     
0000267d  lseek                                      
00003aad  ltoa                                       
00003e19  main                                       
20000714  main_func_sp                               
00001af3  malloc                                     
00001d29  memalign                                   
00003d49  memccpy                                    
00003d29  memchr                                     
000034dd  memcpy                                     
000037bd  memset                                     
00001a65  minit                                      
000025cf  open                                       
000038a9  printf                                     
00003611  putc                                       
00003695  putchar                                    
00002f4d  puts                                       
000025ab  read                                       
00001c1d  realloc                                    
00002521  remove                                     
00002583  remove_device                              
00002545  rename                                     
00003191  scalbn                                     
00003191  scalbnl                                    
0000328d  setvbuf                                    
00003d95  strchr                                     
00003d7d  strcmp                                     
00003dd5  strcpy                                     
00003de9  strlen                                     
00003ccb  strncpy                                    
00002521  unlink                                     
00002491  write                                      


GLOBAL SYMBOLS: SORTED BY Symbol Address 

address   name                                       
-------   ----                                       
00000000  __TI_static_base__                         
00000000  interruptVectors                           
00000200  __STACK_SIZE                               
00000400  __SYSMEM_SIZE                              
00000eef  __TI_printfi                               
000011f5  GPIO_setAsOutputPin                        
0000122f  GPIO_setAsInputPin                         
00001275  GPIO_setAsPeripheralModuleFunctionOutputPin
000012f9  GPIO_setAsPeripheralModuleFunctionInputPin 
0000137d  GPIO_setOutputHighOnPin                    
0000139f  GPIO_setOutputLowOnPin                     
000013c1  GPIO_toggleOutputOnPin                     
000013e3  GPIO_setAsInputPinWithPullDownResistor     
00001435  GPIO_setAsInputPinWithPullUpResistor       
00001487  GPIO_getInputPinValue                      
000014b5  GPIO_enableInterrupt                       
000014d7  GPIO_disableInterrupt                      
000014f9  GPIO_getInterruptStatus                    
00001517  GPIO_clearInterruptFlag                    
00001539  GPIO_interruptEdgeSelect                   
0000156f  GPIO_getEnabledInterruptStatus             
000015eb  GPIO_setDriveStrengthHigh                  
0000160d  GPIO_setDriveStrengthLow                   
0000162f  GPIO_registerInterrupt                     
0000164f  GPIO_unregisterInterrupt                   
00001677  Interrupt_enableMaster                     
00001687  Interrupt_disableMaster                    
00001697  Interrupt_registerInterrupt                
000016e9  Interrupt_unregisterInterrupt              
000016fd  Interrupt_setPriorityGrouping              
00001717  Interrupt_getPriorityGrouping              
0000174f  Interrupt_setPriority                      
0000179f  Interrupt_getPriority                      
000017c5  Interrupt_enableInterrupt                  
00001837  Interrupt_disableInterrupt                 
000018a9  Interrupt_isEnabled                        
00001935  Interrupt_pendInterrupt                    
000019a5  Interrupt_unpendInterrupt                  
000019f3  Interrupt_setPriorityMask                  
00001a03  Interrupt_getPriorityMask                  
00001a0d  Interrupt_setVectorTableAddress            
00001a1d  Interrupt_getVectorTableAddress            
00001a23  Interrupt_enableSleepOnIsrExit             
00001a35  Interrupt_disableSleepOnIsrExit            
00001a65  minit                                      
00001af3  malloc                                     
00001b5b  free                                       
00001c1d  realloc                                    
00001d29  memalign                                   
00001e0d  calloc                                     
00001e41  SystemCoreClockUpdate                      
000020b5  SystemInit                                 
0000216d  HOSTwrite                                  
000021b9  HOSTunlink                                 
000021f1  HOSTtime64                                 
0000223b  HOSTtime                                   
00002275  HOSTrename                                 
000022d3  HOSTread                                   
0000231f  HOSTopen                                   
00002371  HOSTlseek                                  
000023cd  HOSTgetenv                                 
0000240b  HOSTclose                                  
00002443  HOSTclock                                  
00002491  write                                      
00002521  remove                                     
00002521  unlink                                     
00002545  rename                                     
00002583  remove_device                              
000025ab  read                                       
000025cf  open                                       
0000267d  lseek                                      
000026a1  close                                      
000026f1  add_device                                 
0000279d  __aeabi_uldivmod                           
00002a59  __TI_cleanup                               
00002a85  freopen                                    
00002aaf  fopen                                      
00002b55  __aeabi_dsub                               
00002b5f  __aeabi_dadd                               
00002d0b  __aeabi_ddiv                               
00002e41  fputs                                      
00002f4d  puts                                       
00002f75  InitHallEffect                             
00002fcd  PORT1_IRQHandler                           
00002fcd  PORT1_IRQHandler                           
00003095  __aeabi_dmul                               
00003191  ldexp                                      
00003191  ldexpl                                     
00003191  scalbn                                     
00003191  scalbnl                                    
0000328d  setvbuf                                    
00003369  __TI_doflush                               
000033b5  fflush                                     
00003431  __TI_wrt_ok                                
00003493  __TI_rd_ok                                 
000034dd  __aeabi_memcpy                             
000034dd  __aeabi_memcpy4                            
000034dd  __aeabi_memcpy8                            
000034dd  memcpy                                     
00003579  __TI_closefile                             
000035df  fclose                                     
00003611  fputc                                      
00003611  putc                                       
00003695  putchar                                    
000036a9  __aeabi_cdcmpeq                            
000036a9  __aeabi_cdcmple                            
0000372f  __aeabi_cdrcmple                           
000037b5  __aeabi_memclr                             
000037b5  __aeabi_memclr4                            
000037b5  __aeabi_memclr8                            
000037b7  __aeabi_memset                             
000037b7  __aeabi_memset4                            
000037b7  __aeabi_memset8                            
000037bd  memset                                     
0000382f  __mpu_init                                 
00003831  __TI_auto_init                             
000038a9  printf                                     
0000397b  _system_post_cinit                         
0000397d  __TI_writemsg                              
000039ab  C$$IO$$                                    
000039af  __TI_readmsg                               
000039e5  fseek                                      
00003a49  frexp                                      
00003a49  frexpl                                     
00003aad  ltoa                                       
00003b05  _c_int00                                   
00003b59  C$$EXIT                                    
00003b5d  abort                                      
00003b65  exit                                       
00003bad  atoi                                       
00003bf9  copy_in                                    
00003c45  __aeabi_d2iz                               
00003c8d  CPU_cpsid                                  
00003c99  CPU_primask                                
00003ca3  CPU_cpsie                                  
00003caf  CPU_wfi                                    
00003cb3  CPU_basepriSet                             
00003cc1  CPU_basepriGet                             
00003ccb  strncpy                                    
00003cfb  __aeabi_i2d                                
00003d29  memchr                                     
00003d49  memccpy                                    
00003d65  _args_main                                 
00003d7d  strcmp                                     
00003d95  strchr                                     
00003dad  _register_unlock                           
00003db3  _register_lock                             
00003dbb  _nop                                       
00003dc1  copysign                                   
00003dc1  copysignl                                  
00003dd5  strcpy                                     
00003de9  strlen                                     
00003dfd  __TI_decompress_none                       
00003e0b  Reset_Handler                              
00003e17  ADC14_IRQHandler                           
00003e17  AES256_IRQHandler                          
00003e17  BusFault_Handler                           
00003e17  COMP_E0_IRQHandler                         
00003e17  COMP_E1_IRQHandler                         
00003e17  CS_IRQHandler                              
00003e17  DMA_ERR_IRQHandler                         
00003e17  DMA_INT0_IRQHandler                        
00003e17  DMA_INT1_IRQHandler                        
00003e17  DMA_INT2_IRQHandler                        
00003e17  DMA_INT3_IRQHandler                        
00003e17  DebugMon_Handler                           
00003e17  Default_Handler                            
00003e17  EUSCIA0_IRQHandler                         
00003e17  EUSCIA1_IRQHandler                         
00003e17  EUSCIA2_IRQHandler                         
00003e17  EUSCIA3_IRQHandler                         
00003e17  EUSCIB0_IRQHandler                         
00003e17  EUSCIB1_IRQHandler                         
00003e17  EUSCIB2_IRQHandler                         
00003e17  EUSCIB3_IRQHandler                         
00003e17  FLCTL_IRQHandler                           
00003e17  FPU_IRQHandler                             
00003e17  HardFault_Handler                          
00003e17  MemManage_Handler                          
00003e17  NMI_Handler                                
00003e17  PCM_IRQHandler                             
00003e17  PORT2_IRQHandler                           
00003e17  PORT3_IRQHandler                           
00003e17  PORT4_IRQHandler                           
00003e17  PORT5_IRQHandler                           
00003e17  PORT6_IRQHandler                           
00003e17  PSS_IRQHandler                             
00003e17  PendSV_Handler                             
00003e17  RTC_C_IRQHandler                           
00003e17  SVC_Handler                                
00003e17  SysTick_Handler                            
00003e17  T32_INT1_IRQHandler                        
00003e17  T32_INT2_IRQHandler                        
00003e17  T32_INTC_IRQHandler                        
00003e17  TA0_0_IRQHandler                           
00003e17  TA0_N_IRQHandler                           
00003e17  TA1_0_IRQHandler                           
00003e17  TA1_N_IRQHandler                           
00003e17  TA2_0_IRQHandler                           
00003e17  TA2_N_IRQHandler                           
00003e17  TA3_0_IRQHandler                           
00003e17  TA3_N_IRQHandler                           
00003e17  UsageFault_Handler                         
00003e17  WDT_A_IRQHandler                           
00003e19  main                                       
00003e21  __TI_decompress_rle24                      
00003e27  _system_pre_init                           
00003e2c  _ctypes_                                   
000040ac  __TI_Handler_Table_Base                    
000040b4  __TI_CINIT_Base                            
000040b4  __TI_Handler_Table_Limit                   
000040cc  __TI_CINIT_Limit                           
20000000  g_pfnRAMVectors                            
200000e8  _sys_memory                                
200004e8  _ftable                                    
200006d8  __TI_ft_end                                
200006dc  __aeabi_stdin                              
200006e0  __aeabi_stdout                             
200006e4  __aeabi_stderr                             
200006e8  __TI_cleanup_ptr                           
200006ec  __TI_dtors_ptr                             
200006f0  __TI_enable_exit_profile_output            
20000700  _lock                                      
20000704  _unlock                                    
20000708  Status                                     
2000070c  errno                                      
20000714  main_func_sp                               
20000718  SystemCoreClock                            
2000071c  __CIOBUF_                                  
2000083c  __TI_tmpnams                               
2000fe00  __stack                                    
20010000  __STACK_END                                
4000480c  WDTCTL_SYM                                 
ffffffff  __TI_pprof_out_hndl                        
ffffffff  __TI_prof_data_size                        
ffffffff  __TI_prof_data_start                       
ffffffff  __binit__                                  
ffffffff  __c_args__                                 
ffffffff  binit                                      
UNDEFED   SHT$$INIT_ARRAY$$Base                      
UNDEFED   SHT$$INIT_ARRAY$$Limit                     

[241 symbols]
