******************************************************************************
                  TI ARM Linker Unix v15.12.1                  
******************************************************************************
>> Linked Sat Dec  3 03:50:50 2016

OUTPUT FILE NAME:   <Security System.out>
ENTRY POINT SYMBOL: "_c_int00"  address: 000137bd


MEMORY CONFIGURATION

         name            origin    length      used     unused   attr    fill
----------------------  --------  ---------  --------  --------  ----  --------
  MAIN                  00000000   00040000  00013b7a  0002c486  R  X
  INFO                  00200000   00004000  00000000  00004000  R  X
  SRAM_CODE             01000000   00010000  000007f0  0000f810  RW X
  SRAM_DATA             20000000   00010000  000007f0  0000f810  RW  


SEGMENT ALLOCATION MAP

run origin  load origin   length   init length attrs members
----------  ----------- ---------- ----------- ----- -------
00000000    00000000    00013b7c   00013b7c    r-x
  00000000    00000000    000000e4   000000e4    r-- .intvecs
  000000e4    000000e4    0000c648   0000c648    r-- .const
  0000c72c    0000c72c    000073b2   000073b2    r-x .text
  00013ae0    00013ae0    0000009c   0000009c    r-- .cinit
20000000    20000000    000005f4   00000000    rw-
  20000000    20000000    000000e4   00000000    rw- .vtable
  200000e8    200000e8    00000400   00000000    rw- .sysmem
  200004e8    200004e8    0000009c   00000000    rw- .data
  20000584    20000584    00000070   00000000    rw- .bss
2000fe00    2000fe00    00000200   00000000    rw-
  2000fe00    2000fe00    00000200   00000000    rw- .stack


SECTION ALLOCATION MAP

 output                                  attributes/
section   page    origin      length       input sections
--------  ----  ----------  ----------   ----------------
.intvecs   0    00000000    000000e4     
                  00000000    000000e4     startup_msp432p401r_ccs.obj (.intvecs:retain)

.const     0    000000e4    0000c648     
                  000000e4    0000a000     LCD.obj (.const:GuardDog)
                  0000a0e4    00001c00     LCD.obj (.const:Clouds)
                  0000bce4    000004fb     ST7735.obj (.const:.string:Font)
                  0000c1df    00000200     ST7735.obj (.const:.string:dBfs)
                  0000c3df    00000101     rtsv7M4_T_le_v4SPD16_eabi.lib : ctype.obj (.const:.string:_ctypes_)
                  0000c4e0    00000067     ST7735.obj (.const:.string:Bcmd)
                  0000c547    00000001     --HOLE-- [fill = 0]
                  0000c548    00000050     interrupt.obj (.const:g_pulRegs)
                  0000c598    0000004e     RTC.obj (.const:.string)
                  0000c5e6    0000003b     ST7735.obj (.const:.string:Rcmd1)
                  0000c621    0000002b     ST7735.obj (.const:.string:Rcmd3)
                  0000c64c    00000020     interrupt.obj (.const:g_pulPriority)
                  0000c66c    00000020     RTC.obj (.const:rtc_day_name)
                  0000c68c    0000001c     gpio.obj (.const:GPIO_PORT_TO_INT)
                  0000c6a8    00000018     LCD.obj (.const:$P$T1$2)
                  0000c6c0    00000014     i2c_bus.obj (.const:i2c_config)
                  0000c6d4    00000013     main.obj (.const:.string:$P$T0$1)
                  0000c6e7    0000000d     ST7735.obj (.const:.string:Rcmd2green)
                  0000c6f4    0000000d     ST7735.obj (.const:.string:Rcmd2red)
                  0000c701    00000008     LCD.obj (.const:.string:$P$T0$1)
                  0000c709    00000003     --HOLE-- [fill = 0]
                  0000c70c    00000008     interrupt.obj (.const:g_pulDisRegs)
                  0000c714    00000008     interrupt.obj (.const:g_pulEnRegs)
                  0000c71c    00000008     interrupt.obj (.const:g_pulPendRegs)
                  0000c724    00000008     interrupt.obj (.const:g_pulUnpendRegs)

.text      0    0000c72c    000073b2     
                  0000c72c    00001378     ST7735.obj (.text)
                  0000daa4    000011e0     LCD.obj (.text)
                  0000ec84    00001110     rtsv7M4_T_le_v4SPD16_eabi.lib : _printfi.obj (.text)
                  0000fd94    00000d7c     cs.obj (.text)
                  00010b10    00000798     timer_a.obj (.text)
                  000112a8    00000480     gpio.obj (.text)
                  00011728    000003f0     interrupt.obj (.text)
                  00011b18    000003dc     RTC.obj (.text)
                  00011ef4    0000032c     system_msp432p401r.obj (.text)
                  00012220    000002a8     DoorLock.obj (.text)
                  000124c8    00000294     i2c_bus.obj (.text)
                  0001275c    00000244     sysctl.obj (.text)
                  000129a0    000001f4     rtsv7M4_T_le_v4SPD16_eabi.lib : ull_div_t2.obj (.text)
                  00012b94    000001b6                                   : fd_add_t2.obj (.text)
                  00012d4a    00000002                                   : mpu_init.obj (.text)
                  00012d4c    0000019c     setclockspeeds.obj (.text)
                  00012ee8    00000136     rtsv7M4_T_le_v4SPD16_eabi.lib : fd_div_t2.obj (.text)
                  0001301e    000000fc                                   : fd_mul_t2.obj (.text)
                  0001311a    00000002                                   : startup.obj (.text)
                  0001311c    000000fc                                   : s_scalbn.obj (.text)
                  00013218    000000e8     Hall.obj (.text)
                  00013300    0000009c     rtsv7M4_T_le_v4SPD16_eabi.lib : memcpy_t2.obj (.text)
                  0001339c    00000094                                   : snprintf.obj (.text)
                  00013430    00000086                                   : fd_cmp_t2.obj (.text:__aeabi_cdcmple)
                  000134b6    00000086                                   : fd_cmp_t2.obj (.text:__aeabi_cdrcmple)
                  0001353c    0000007a                                   : memset_t2.obj (.text)
                  000135b6    00000002     --HOLE-- [fill = 0]
                  000135b8    00000070                                   : autoinit.obj (.text)
                  00013628    0000006e                                   : fd_tos_t2.obj (.text)
                  00013696    0000006a                                   : copy_decompress_rle.obj (.text)
                  00013700    00000064                                   : s_frexp.obj (.text)
                  00013764    00000056                                   : ltoa.obj (.text)
                  000137ba    00000002     --HOLE-- [fill = 0]
                  000137bc    00000054                                   : boot.obj (.text)
                  00013810    00000054                                   : exit.obj (.text)
                  00013864    0000004c                                   : atoi.obj (.text)
                  000138b0    0000004c                                   : cpy_tbl.obj (.text)
                  000138fc    00000048     main.obj (.text)
                  00013944    00000048     rtsv7M4_T_le_v4SPD16_eabi.lib : fd_toi_t2.obj (.text)
                  0001398c    0000003e     cpu.obj (.text)
                  000139ca    00000038     rtsv7M4_T_le_v4SPD16_eabi.lib : fs_tod_t2.obj (.text)
                  00013a02    0000002e                                   : i_tofd_t2.obj (.text)
                  00013a30    0000001c                                   : memccpy.obj (.text)
                  00013a4c    00000018                                   : args_main.obj (.text)
                  00013a64    00000016                                   : strchr.obj (.text)
                  00013a7a    00000002     --HOLE-- [fill = 0]
                  00013a7c    00000014                                   : _lock.obj (.text)
                  00013a90    00000014                                   : s_copysign.obj (.text)
                  00013aa4    00000014                                   : strlen.obj (.text)
                  00013ab8    0000000e                                   : copy_decompress_none.obj (.text:decompress:none)
                  00013ac6    0000000e     startup_msp432p401r_ccs.obj (.text)
                  00013ad4    00000006     rtsv7M4_T_le_v4SPD16_eabi.lib : copy_decompress_rle.obj (.text:decompress:rle24)
                  00013ada    00000004                                   : pre_init.obj (.text)

.cinit     0    00013ae0    0000009c     
                  00013ae0    00000060     (.cinit..data.load) [load image, compression = rle]
                  00013b40    00000009     (.cinit..bss.load) [load image, compression = rle]
                  00013b49    00000007     --HOLE-- [fill = 0]
                  00013b50    00000009     (.cinit..vtable.load) [load image, compression = rle]
                  00013b59    00000003     --HOLE-- [fill = 0]
                  00013b5c    00000008     (__TI_handler_table)
                  00013b64    00000018     (__TI_cinit_table)

.init_array 
*          0    00000000    00000000     UNINITIALIZED

.binit     0    00000000    00000000     

.vtable    0    20000000    000000e4     UNINITIALIZED
                  20000000    000000e4     interrupt.obj (.vtable)

.sysmem    0    200000e8    00000400     UNINITIALIZED
                  200000e8    00000008     rtsv7M4_T_le_v4SPD16_eabi.lib : memory.obj (.sysmem)
                  200000f0    000003f8     --HOLE--

.data      0    200004e8    0000009c     UNINITIALIZED
                  200004e8    00000030     gpio.obj (.data:GPIO_PORT_TO_BASE)
                  20000518    00000014     ST7735.obj (.data)
                  2000052c    00000013     RTC.obj (.data:rtc_registers)
                  2000053f    00000001     --HOLE--
                  20000540    0000000c     rtsv7M4_T_le_v4SPD16_eabi.lib : exit.obj (.data:$O1$$)
                  2000054c    0000000c     setclockspeeds.obj (.data)
                  20000558    00000008     rtsv7M4_T_le_v4SPD16_eabi.lib : _lock.obj (.data:$O1$$)
                  20000560    00000008     i2c_bus.obj (.data)
                  20000568    00000004     DoorLock.obj (.data)
                  2000056c    00000004     Hall.obj (.data)
                  20000570    00000004     LCD.obj (.data)
                  20000574    00000004     RTC.obj (.data)
                  20000578    00000004     rtsv7M4_T_le_v4SPD16_eabi.lib : errno.obj (.data)
                  2000057c    00000004                                   : stkdepth_vars.obj (.data)
                  20000580    00000004     system_msp432p401r.obj (.data)

.bss       0    20000584    00000070     UNINITIALIZED
                  20000584    00000020     (.common:ScrollTimeStr)
                  200005a4    0000001c     RTC.obj (.bss:$P$T0$1)
                  200005c0    0000000c     (.common:Message)
                  200005cc    00000008     cs.obj (.bss)
                  200005d4    00000004     ST7735.obj (.bss)
                  200005d8    00000004     (.common:LockState)
                  200005dc    00000004     (.common:Messageindex)
                  200005e0    00000004     (.common:X)
                  200005e4    00000004     (.common:Ymax)
                  200005e8    00000004     (.common:Ymin)
                  200005ec    00000004     (.common:Yrange)
                  200005f0    00000004     (.common:step)

.stack     0    2000fe00    00000200     UNINITIALIZED
                  2000fe00    00000200     --HOLE--

MODULE SUMMARY

       Module                        code    ro data   rw data
       ------                        ----    -------   -------
    ./
       LCD.obj                       4576    48160     72     
       ST7735.obj                    4984    2018      112    
       RTC.obj                       988     110       102    
       system_msp432p401r.obj        812     0         8      
       DoorLock.obj                  680     0         24     
       i2c_bus.obj                   660     20        16     
       setclockspeeds.obj            412     0         24     
       startup_msp432p401r_ccs.obj   14      228       0      
       Hall.obj                      232     0         8      
       main.obj                      72      19        0      
    +--+-----------------------------+-------+---------+---------+
       Total:                        13430   50555     366    
                                                              
    ./driverlib/MSP432P4xx/
       cs.obj                        3452    0         16     
       timer_a.obj                   1944    0         0      
       interrupt.obj                 1008    144       456    
       gpio.obj                      1152    28        96     
       sysctl.obj                    580     0         0      
       cpu.obj                       62      0         0      
    +--+-----------------------------+-------+---------+---------+
       Total:                        8198    172       568    
                                                              
    /Applications/ti/ccsv6/tools/compiler/ti-cgt-arm_15.12.1.LTS/lib/rtsv7M4_T_le_v4SPD16_eabi.lib
       _printfi.obj                  4368    0         0      
       ull_div_t2.obj                500     0         0      
       fd_add_t2.obj                 438     0         0      
       fd_div_t2.obj                 310     0         0      
       fd_cmp_t2.obj                 268     0         0      
       ctype.obj                     0       257       0      
       fd_mul_t2.obj                 252     0         0      
       s_scalbn.obj                  252     0         0      
       memcpy_t2.obj                 156     0         0      
       snprintf.obj                  148     0         0      
       memset_t2.obj                 122     0         0      
       autoinit.obj                  112     0         0      
       copy_decompress_rle.obj       112     0         0      
       fd_tos_t2.obj                 110     0         0      
       exit.obj                      84      0         24     
       s_frexp.obj                   100     0         0      
       ltoa.obj                      86      0         0      
       boot.obj                      84      0         0      
       atoi.obj                      76      0         0      
       cpy_tbl.obj                   76      0         0      
       fd_toi_t2.obj                 72      0         0      
       fs_tod_t2.obj                 56      0         0      
       i_tofd_t2.obj                 46      0         0      
       _lock.obj                     20      0         16     
       memccpy.obj                   28      0         0      
       args_main.obj                 24      0         0      
       strchr.obj                    22      0         0      
       s_copysign.obj                20      0         0      
       strlen.obj                    20      0         0      
       copy_decompress_none.obj      14      0         0      
       errno.obj                     0       0         8      
       stkdepth_vars.obj             0       0         8      
       pre_init.obj                  4       0         0      
       mpu_init.obj                  2       0         0      
       startup.obj                   2       0         0      
    +--+-----------------------------+-------+---------+---------+
       Total:                        7984    257       56     
                                                              
       Heap:                         0       0         2048   
       Stack:                        0       0         1024   
       Linker Generated:             0       146       0      
    +--+-----------------------------+-------+---------+---------+
       Grand Total:                  29612   51130     4062   


LINKER GENERATED COPY TABLES

__TI_cinit_table @ 00013b64 records: 3, size/record: 8, table size: 24
	.data: load addr=00013ae0, load size=00000060 bytes, run addr=200004e8, run size=0000009c bytes, compression=rle
	.bss: load addr=00013b40, load size=00000009 bytes, run addr=20000584, run size=00000070 bytes, compression=rle
	.vtable: load addr=00013b50, load size=00000009 bytes, run addr=20000000, run size=000000e4 bytes, compression=rle


LINKER GENERATED HANDLER TABLE

__TI_handler_table @ 00013b5c records: 2, size/record: 4, table size: 8
	index: 0, handler: __TI_decompress_rle24
	index: 1, handler: __TI_decompress_none


GLOBAL SYMBOLS: SORTED ALPHABETICALLY BY Name 

address   name                                           
-------   ----                                           
00013ad3  ADC14_IRQHandler                               
00013ad3  AES256_IRQHandler                              
000123e5  AdjustShaftPosition                            
00013ad3  BusFault_Handler                               
00013811  C$$EXIT                                        
00013ad3  COMP_E0_IRQHandler                             
00013ad3  COMP_E1_IRQHandler                             
000139c1  CPU_basepriGet                                 
000139b3  CPU_basepriSet                                 
0001398d  CPU_cpsid                                      
000139a3  CPU_cpsie                                      
00013999  CPU_primask                                    
000139af  CPU_wfi                                        
00013ad3  CS_IRQHandler                                  
00010a95  CS_clearInterruptFlag                          
0001033d  CS_disableClockRequest                         
00010423  CS_disableDCOExternalResistor                  
00010969  CS_disableFaultCounter                         
00010a53  CS_disableInterrupt                            
00010315  CS_enableClockRequest                          
00010385  CS_enableDCOExternalResistor                   
0001093d  CS_enableFaultCounter                          
00010a31  CS_enableInterrupt                             
000108d5  CS_getACLK                                     
00010895  CS_getBCLK                                     
0001051d  CS_getDCOFrequency                             
00010a7b  CS_getEnabledInterruptStatus                   
000108b1  CS_getHSMCLK                                   
00010a75  CS_getInterruptStatus                          
0001091b  CS_getMCLK                                     
000108f9  CS_getSMCLK                                    
00010035  CS_initClockSignal                             
00010ab7  CS_registerInterrupt                           
00010995  CS_resetFaultCounter                           
00010441  CS_setDCOCenteredFrequency                     
000103ad  CS_setDCOExternalResistorCalibration           
000106bd  CS_setDCOFrequency                             
0000fff9  CS_setExternalClockSourceFrequency             
0001035f  CS_setReferenceOscillatorFrequency             
000109e1  CS_startFaultCounter                           
00010139  CS_startHFXT                                   
0001015d  CS_startHFXTWithTimeout                        
00010221  CS_startLFXT                                   
00010245  CS_startLFXTWithTimeout                        
00010479  CS_tuneDCOFrequency                            
00010acb  CS_unregisterInterrupt                         
0000a0e4  Clouds                                         
00013ad3  DMA_ERR_IRQHandler                             
00013ad3  DMA_INT0_IRQHandler                            
00013ad3  DMA_INT1_IRQHandler                            
00013ad3  DMA_INT2_IRQHandler                            
00013ad3  DMA_INT3_IRQHandler                            
00013ad3  DebugMon_Handler                               
00013ad3  Default_Handler                                
0000c7a3  Delay1ms                                       
0001329d  DisableDoorAlarm                               
00011e85  DisableFireSensor                              
00013291  DisableWindowAlarm                             
00013ad3  EUSCIA0_IRQHandler                             
00013ad3  EUSCIA1_IRQHandler                             
00013ad3  EUSCIA2_IRQHandler                             
00013ad3  EUSCIA3_IRQHandler                             
00013ad3  EUSCIB0_IRQHandler                             
00013ad3  EUSCIB1_IRQHandler                             
00013ad3  EUSCIB2_IRQHandler                             
00013ad3  EUSCIB3_IRQHandler                             
00013251  EnableDoorAlarm                                
00011e7d  EnableFireSensor                               
00013271  EnableWindowAlarm                              
00013ad3  FLCTL_IRQHandler                               
00013ad3  FPU_IRQHandler                                 
20000574  FireSensorConfig                               
20000570  Fmt_Time_Ptr                                   
000115cb  GPIO_clearInterruptFlag                        
0001158b  GPIO_disableInterrupt                          
00011569  GPIO_enableInterrupt                           
00011623  GPIO_getEnabledInterruptStatus                 
0001153b  GPIO_getInputPinValue                          
000115ad  GPIO_getInterruptStatus                        
000115ed  GPIO_interruptEdgeSelect                       
000116e3  GPIO_registerInterrupt                         
000112e3  GPIO_setAsInputPin                             
00011497  GPIO_setAsInputPinWithPullDownResistor         
000114e9  GPIO_setAsInputPinWithPullUpResistor           
000112a9  GPIO_setAsOutputPin                            
000113ad  GPIO_setAsPeripheralModuleFunctionInputPin     
00011329  GPIO_setAsPeripheralModuleFunctionOutputPin    
0001169f  GPIO_setDriveStrengthHigh                      
000116c1  GPIO_setDriveStrengthLow                       
00011431  GPIO_setOutputHighOnPin                        
00011453  GPIO_setOutputLowOnPin                         
00011475  GPIO_toggleOutputOnPin                         
00011703  GPIO_unregisterInterrupt                       
000132a9  GetDoorStatus                                  
00012495  GetLockStatus                                  
000132b9  GetWindowStatus                                
000000e4  GuardDog                                       
00013ad3  HardFault_Handler                              
00013219  InitHallEffect                                 
000118eb  Interrupt_disableInterrupt                     
0001173b  Interrupt_disableMaster                        
00011ae9  Interrupt_disableSleepOnIsrExit                
00011879  Interrupt_enableInterrupt                      
0001172b  Interrupt_enableMaster                         
00011ad7  Interrupt_enableSleepOnIsrExit                 
00011853  Interrupt_getPriority                          
000117cb  Interrupt_getPriorityGrouping                  
00011ab7  Interrupt_getPriorityMask                      
00011ad1  Interrupt_getVectorTableAddress                
0001195d  Interrupt_isEnabled                            
000119e9  Interrupt_pendInterrupt                        
0001174b  Interrupt_registerInterrupt                    
00011803  Interrupt_setPriority                          
000117b1  Interrupt_setPriorityGrouping                  
00011aa7  Interrupt_setPriorityMask                      
00011ac1  Interrupt_setVectorTableAddress                
00011a59  Interrupt_unpendInterrupt                      
0001179d  Interrupt_unregisterInterrupt                  
00011e8d  IsFireSensorEnabled                            
0000dc3f  LCDConfigurationMenu                           
0000eac9  LCDFlashAlarm                                  
0000daa5  LCDHome                                        
0000db99  LCDMainMenu                                    
0000e62d  LCDPrintAlarmArmLogEntry                       
0000e445  LCDPrintTriggerLogEntry                        
0000e745  LCDScrollDisplay                               
0000ebd9  LCDStartup                                     
0001224b  LockDoor                                       
200005d8  LockState                                      
00013ad3  MemManage_Handler                              
200005c0  Message                                        
200005dc  Messageindex                                   
00013ad3  NMI_Handler                                    
0000da43  Output_Clear                                   
0000da5d  Output_Color                                   
0000da33  Output_Init                                    
0000da4d  Output_Off                                     
0000da55  Output_On                                      
00013ad3  PCM_IRQHandler                                 
000132c9  PORT1_IRQHandler                               
000132c9  PORT1_IRQHandler                               
00013ad3  PORT2_IRQHandler                               
00013ad3  PORT3_IRQHandler                               
00013ad3  PORT4_IRQHandler                               
00013ad3  PORT5_IRQHandler                               
00013ad3  PORT6_IRQHandler                               
00013ad3  PSS_IRQHandler                                 
00013ad3  PendSV_Handler                                 
00013ad3  RTC_C_IRQHandler                               
00013ac7  Reset_Handler                                  
UNDEFED   SHT$$INIT_ARRAY$$Base                          
UNDEFED   SHT$$INIT_ARRAY$$Limit                         
0000cd85  ST7735_Color565                                
0000cde9  ST7735_DrawBitmap                              
0000d15d  ST7735_DrawChar                                
0000cfe5  ST7735_DrawCharS                               
0000cb7d  ST7735_DrawFastHLine                           
0000cabf  ST7735_DrawFastVLine                           
0000ca65  ST7735_DrawPixel                               
0000d2d1  ST7735_DrawString                              
0000cc79  ST7735_FillRect                                
0000cc35  ST7735_FillScreen                              
0000c931  ST7735_InitB                                   
0000c951  ST7735_InitR                                   
0000d503  ST7735_InvertDisplay                           
0000d941  ST7735_OutChar                                 
0000d9d5  ST7735_OutString                               
0000d3bd  ST7735_OutUDec                                 
0000d84d  ST7735_PlotBar                                 
0000d51b  ST7735_PlotClear                               
0000d63d  ST7735_PlotLine                                
0000d8ed  ST7735_PlotNext                                
0000d907  ST7735_PlotNextErase                           
0000d577  ST7735_PlotPoint                               
0000d777  ST7735_PlotPoints                              
0000d8a3  ST7735_PlotdBfs                                
0000d397  ST7735_SetCursor                               
0000d439  ST7735_SetRotation                             
0000d9f3  ST7735_SetTextColor                            
0000cdb9  ST7735_SwapColor                               
00013ad3  SVC_Handler                                    
20000584  ScrollTimeStr                                  
000123a7  SetMotorSpeed                                  
0000eba5  SetupTA1                                       
20000520  StTextColor                                    
20000518  StX                                            
2000051c  StY                                            
2000056c  Status                                         
00012221  Stepper_Init                                   
0001294f  SysCtl_disableGlitchFilter                     
000127df  SysCtl_disableNMISource                        
000128e7  SysCtl_disablePeripheralAtCPUHalt              
00012829  SysCtl_disableSRAMBank                         
000128ad  SysCtl_disableSRAMBankRetention                
00012943  SysCtl_enableGlitchFilter                      
000127f3  SysCtl_enableNMISource                         
000128d3  SysCtl_enablePeripheralAtCPUHalt               
0001280d  SysCtl_enableSRAMBank                          
00012891  SysCtl_enableSRAMBankRetention                 
000127d9  SysCtl_getFlashSize                            
00012807  SysCtl_getNMISourceStatus                      
000127d3  SysCtl_getSRAMSize                             
0001275d  SysCtl_getTLVInfo                              
0001295b  SysCtl_getTempCalibrationConstant              
000128c9  SysCtl_rebootDevice                            
0001291f  SysCtl_setWDTPasswordViolationResetType        
000128fb  SysCtl_setWDTTimeoutResetType                  
00013ad3  SysTick_Handler                                
00012e19  SysTick_init                                   
20000580  SystemCoreClock                                
00011ef5  SystemCoreClockUpdate                          
00012169  SystemInit                                     
0001393d  SystemReset                                    
00013ad3  T32_INT1_IRQHandler                            
00013ad3  T32_INT2_IRQHandler                            
00013ad3  T32_INTC_IRQHandler                            
00013ad3  TA0_0_IRQHandler                               
00013ad3  TA0_N_IRQHandler                               
0000ebfd  TA1_0_IRQHandler                               
0000ebfd  TA1_0_IRQHandler                               
00013ad3  TA1_N_IRQHandler                               
00013ad3  TA2_0_IRQHandler                               
00013ad3  TA2_N_IRQHandler                               
00013ad3  TA3_0_IRQHandler                               
00013ad3  TA3_N_IRQHandler                               
00010fdb  Timer_A_clearCaptureCompareInterrupt           
00010fc5  Timer_A_clearInterruptFlag                     
00010e43  Timer_A_clearTimer                             
00010c6b  Timer_A_configureContinuousMode                
00010cf9  Timer_A_configureUpDownMode                    
00010c9b  Timer_A_configureUpMode                        
00011069  Timer_A_disableCaptureCompareInterrupt         
00011017  Timer_A_disableInterrupt                       
0001103d  Timer_A_enableCaptureCompareInterrupt          
00011003  Timer_A_enableInterrupt                        
00010f0f  Timer_A_generatePWM                            
00010eb5  Timer_A_getCaptureCompareCount                 
000110d1  Timer_A_getCaptureCompareEnabledInterruptStatus
00011091  Timer_A_getCaptureCompareInterruptStatus       
00010df7  Timer_A_getCounterValue                        
000110b9  Timer_A_getEnabledInterruptStatus              
0001102b  Timer_A_getInterruptStatus                     
00010e87  Timer_A_getOutputForOutputModeOutBitValue      
00010e57  Timer_A_getSynchronizedCaptureCompareInput     
00010d57  Timer_A_initCapture                            
00010da9  Timer_A_initCompare                            
0001110d  Timer_A_registerInterrupt                      
00010f97  Timer_A_setCompareValue                        
00010ed7  Timer_A_setOutputForOutputModeOutBitValue      
00010c55  Timer_A_startCounter                           
00010f83  Timer_A_stopTimer                              
000111df  Timer_A_unregisterInterrupt                    
000122f9  UnLockDoor                                     
00013ad3  UsageFault_Handler                             
0000e333  ViewAdjustVolume                               
0000e281  ViewAlarmArmConfig                             
0000e541  ViewAlarmArmLog                                
0000e389  ViewAlarmEventLog                              
0000e181  ViewConfigureSensors                           
0000ddcf  ViewDoorLockConfiguration                      
0000dcf9  ViewSensorStatus                               
0000e049  ViewSetDate                                    
0000e2c3  ViewSetPincode                                 
0000de75  ViewSetTime                                    
4000480c  WDTCTL_SYM                                     
00013ad3  WDT_A_IRQHandler                               
200005e0  X                                              
200005e4  Ymax                                           
200005e8  Ymin                                           
200005ec  Yrange                                         
20010000  __STACK_END                                    
00000200  __STACK_SIZE                                   
00000400  __SYSMEM_SIZE                                  
00013b64  __TI_CINIT_Base                                
00013b7c  __TI_CINIT_Limit                               
00013b5c  __TI_Handler_Table_Base                        
00013b64  __TI_Handler_Table_Limit                       
000135b9  __TI_auto_init                                 
20000540  __TI_cleanup_ptr                               
00013ab9  __TI_decompress_none                           
00013ad5  __TI_decompress_rle24                          
20000544  __TI_dtors_ptr                                 
20000548  __TI_enable_exit_profile_output                
ffffffff  __TI_pprof_out_hndl                            
0000fa8f  __TI_printfi                                   
ffffffff  __TI_prof_data_size                            
ffffffff  __TI_prof_data_start                           
00000000  __TI_static_base__                             
00013431  __aeabi_cdcmpeq                                
00013431  __aeabi_cdcmple                                
000134b7  __aeabi_cdrcmple                               
00013629  __aeabi_d2f                                    
00013945  __aeabi_d2iz                                   
00012b9f  __aeabi_dadd                                   
00012ee9  __aeabi_ddiv                                   
0001301f  __aeabi_dmul                                   
00012b95  __aeabi_dsub                                   
000139cb  __aeabi_f2d                                    
00013a03  __aeabi_i2d                                    
0001353d  __aeabi_memclr                                 
0001353d  __aeabi_memclr4                                
0001353d  __aeabi_memclr8                                
00013301  __aeabi_memcpy                                 
00013301  __aeabi_memcpy4                                
00013301  __aeabi_memcpy8                                
0001353f  __aeabi_memset                                 
0001353f  __aeabi_memset4                                
0001353f  __aeabi_memset8                                
000129a1  __aeabi_uldivmod                               
ffffffff  __binit__                                      
ffffffff  __c_args__                                     
00012d4b  __mpu_init                                     
2000fe00  __stack                                        
00013a4d  _args_main                                     
000137bd  _c_int00                                       
0000c3df  _ctypes_                                       
20000558  _lock                                          
00013a8b  _nop                                           
00013a83  _register_lock                                 
00013a7d  _register_unlock                               
200000e8  _sys_memory                                    
0001311b  _system_post_cinit                             
00013adb  _system_pre_init                               
2000055c  _unlock                                        
00013815  abort                                          
00013865  atoi                                           
ffffffff  binit                                          
000138b1  copy_in                                        
00013a91  copysign                                       
00013a91  copysignl                                      
0000c1df  dBfs                                           
00012e39  delay_ms                                       
00012e4b  delay_us                                       
20000578  errno                                          
0001381d  exit                                           
0000da25  ferror                                         
0000da19  fgetc                                          
0000d355  fillmessage                                    
0000da07  fputc                                          
00013701  frexp                                          
00013701  frexpl                                         
20000000  g_pfnRAMVectors                                
20000564  i2c_bus_busy_counter                           
20000560  i2c_bus_error_counter                          
0000c6c0  i2c_config                                     
000124f5  i2c_init                                       
000126c3  i2c_receive                                    
00012551  i2c_send                                       
0001265d  i2c_send_single                                
000124c9  i2c_wait_for_bus_clear                         
00000000  interruptVectors                               
20000528  lastj                                          
0001311d  ldexp                                          
0001311d  ldexpl                                         
00013765  ltoa                                           
000138fd  main                                           
2000057c  main_func_sp                                   
2000054c  mclk_value                                     
00013a31  memccpy                                        
00013301  memcpy                                         
00013545  memset                                         
20000568  ms_step_delay                                  
0000c795  parrotdelay                                    
0000c66c  rtc_day_name                                   
00011df9  rtc_format                                     
00011da7  rtc_gettemp                                    
00011c51  rtc_gettime                                    
00011c2d  rtc_read_registers                             
00011ced  rtc_settime                                    
00011ba7  rtc_time_is_believable                         
0001311d  scalbn                                         
0001311d  scalbnl                                        
00012e17  set_i2s_audio_clock                            
00012d4d  set_main_clocks                                
00012e15  set_wdt_clocks                                 
20000550  smclk_value                                    
0001339d  snprintf                                       
200005f0  step                                           
00013a65  strchr                                         
00013aa5  strlen                                         
00011b19  to_number                                      
00011b65  to_packed_bcd                                  


GLOBAL SYMBOLS: SORTED BY Symbol Address 

address   name                                           
-------   ----                                           
00000000  __TI_static_base__                             
00000000  interruptVectors                               
000000e4  GuardDog                                       
00000200  __STACK_SIZE                                   
00000400  __SYSMEM_SIZE                                  
0000a0e4  Clouds                                         
0000c1df  dBfs                                           
0000c3df  _ctypes_                                       
0000c66c  rtc_day_name                                   
0000c6c0  i2c_config                                     
0000c795  parrotdelay                                    
0000c7a3  Delay1ms                                       
0000c931  ST7735_InitB                                   
0000c951  ST7735_InitR                                   
0000ca65  ST7735_DrawPixel                               
0000cabf  ST7735_DrawFastVLine                           
0000cb7d  ST7735_DrawFastHLine                           
0000cc35  ST7735_FillScreen                              
0000cc79  ST7735_FillRect                                
0000cd85  ST7735_Color565                                
0000cdb9  ST7735_SwapColor                               
0000cde9  ST7735_DrawBitmap                              
0000cfe5  ST7735_DrawCharS                               
0000d15d  ST7735_DrawChar                                
0000d2d1  ST7735_DrawString                              
0000d355  fillmessage                                    
0000d397  ST7735_SetCursor                               
0000d3bd  ST7735_OutUDec                                 
0000d439  ST7735_SetRotation                             
0000d503  ST7735_InvertDisplay                           
0000d51b  ST7735_PlotClear                               
0000d577  ST7735_PlotPoint                               
0000d63d  ST7735_PlotLine                                
0000d777  ST7735_PlotPoints                              
0000d84d  ST7735_PlotBar                                 
0000d8a3  ST7735_PlotdBfs                                
0000d8ed  ST7735_PlotNext                                
0000d907  ST7735_PlotNextErase                           
0000d941  ST7735_OutChar                                 
0000d9d5  ST7735_OutString                               
0000d9f3  ST7735_SetTextColor                            
0000da07  fputc                                          
0000da19  fgetc                                          
0000da25  ferror                                         
0000da33  Output_Init                                    
0000da43  Output_Clear                                   
0000da4d  Output_Off                                     
0000da55  Output_On                                      
0000da5d  Output_Color                                   
0000daa5  LCDHome                                        
0000db99  LCDMainMenu                                    
0000dc3f  LCDConfigurationMenu                           
0000dcf9  ViewSensorStatus                               
0000ddcf  ViewDoorLockConfiguration                      
0000de75  ViewSetTime                                    
0000e049  ViewSetDate                                    
0000e181  ViewConfigureSensors                           
0000e281  ViewAlarmArmConfig                             
0000e2c3  ViewSetPincode                                 
0000e333  ViewAdjustVolume                               
0000e389  ViewAlarmEventLog                              
0000e445  LCDPrintTriggerLogEntry                        
0000e541  ViewAlarmArmLog                                
0000e62d  LCDPrintAlarmArmLogEntry                       
0000e745  LCDScrollDisplay                               
0000eac9  LCDFlashAlarm                                  
0000eba5  SetupTA1                                       
0000ebd9  LCDStartup                                     
0000ebfd  TA1_0_IRQHandler                               
0000ebfd  TA1_0_IRQHandler                               
0000fa8f  __TI_printfi                                   
0000fff9  CS_setExternalClockSourceFrequency             
00010035  CS_initClockSignal                             
00010139  CS_startHFXT                                   
0001015d  CS_startHFXTWithTimeout                        
00010221  CS_startLFXT                                   
00010245  CS_startLFXTWithTimeout                        
00010315  CS_enableClockRequest                          
0001033d  CS_disableClockRequest                         
0001035f  CS_setReferenceOscillatorFrequency             
00010385  CS_enableDCOExternalResistor                   
000103ad  CS_setDCOExternalResistorCalibration           
00010423  CS_disableDCOExternalResistor                  
00010441  CS_setDCOCenteredFrequency                     
00010479  CS_tuneDCOFrequency                            
0001051d  CS_getDCOFrequency                             
000106bd  CS_setDCOFrequency                             
00010895  CS_getBCLK                                     
000108b1  CS_getHSMCLK                                   
000108d5  CS_getACLK                                     
000108f9  CS_getSMCLK                                    
0001091b  CS_getMCLK                                     
0001093d  CS_enableFaultCounter                          
00010969  CS_disableFaultCounter                         
00010995  CS_resetFaultCounter                           
000109e1  CS_startFaultCounter                           
00010a31  CS_enableInterrupt                             
00010a53  CS_disableInterrupt                            
00010a75  CS_getInterruptStatus                          
00010a7b  CS_getEnabledInterruptStatus                   
00010a95  CS_clearInterruptFlag                          
00010ab7  CS_registerInterrupt                           
00010acb  CS_unregisterInterrupt                         
00010c55  Timer_A_startCounter                           
00010c6b  Timer_A_configureContinuousMode                
00010c9b  Timer_A_configureUpMode                        
00010cf9  Timer_A_configureUpDownMode                    
00010d57  Timer_A_initCapture                            
00010da9  Timer_A_initCompare                            
00010df7  Timer_A_getCounterValue                        
00010e43  Timer_A_clearTimer                             
00010e57  Timer_A_getSynchronizedCaptureCompareInput     
00010e87  Timer_A_getOutputForOutputModeOutBitValue      
00010eb5  Timer_A_getCaptureCompareCount                 
00010ed7  Timer_A_setOutputForOutputModeOutBitValue      
00010f0f  Timer_A_generatePWM                            
00010f83  Timer_A_stopTimer                              
00010f97  Timer_A_setCompareValue                        
00010fc5  Timer_A_clearInterruptFlag                     
00010fdb  Timer_A_clearCaptureCompareInterrupt           
00011003  Timer_A_enableInterrupt                        
00011017  Timer_A_disableInterrupt                       
0001102b  Timer_A_getInterruptStatus                     
0001103d  Timer_A_enableCaptureCompareInterrupt          
00011069  Timer_A_disableCaptureCompareInterrupt         
00011091  Timer_A_getCaptureCompareInterruptStatus       
000110b9  Timer_A_getEnabledInterruptStatus              
000110d1  Timer_A_getCaptureCompareEnabledInterruptStatus
0001110d  Timer_A_registerInterrupt                      
000111df  Timer_A_unregisterInterrupt                    
000112a9  GPIO_setAsOutputPin                            
000112e3  GPIO_setAsInputPin                             
00011329  GPIO_setAsPeripheralModuleFunctionOutputPin    
000113ad  GPIO_setAsPeripheralModuleFunctionInputPin     
00011431  GPIO_setOutputHighOnPin                        
00011453  GPIO_setOutputLowOnPin                         
00011475  GPIO_toggleOutputOnPin                         
00011497  GPIO_setAsInputPinWithPullDownResistor         
000114e9  GPIO_setAsInputPinWithPullUpResistor           
0001153b  GPIO_getInputPinValue                          
00011569  GPIO_enableInterrupt                           
0001158b  GPIO_disableInterrupt                          
000115ad  GPIO_getInterruptStatus                        
000115cb  GPIO_clearInterruptFlag                        
000115ed  GPIO_interruptEdgeSelect                       
00011623  GPIO_getEnabledInterruptStatus                 
0001169f  GPIO_setDriveStrengthHigh                      
000116c1  GPIO_setDriveStrengthLow                       
000116e3  GPIO_registerInterrupt                         
00011703  GPIO_unregisterInterrupt                       
0001172b  Interrupt_enableMaster                         
0001173b  Interrupt_disableMaster                        
0001174b  Interrupt_registerInterrupt                    
0001179d  Interrupt_unregisterInterrupt                  
000117b1  Interrupt_setPriorityGrouping                  
000117cb  Interrupt_getPriorityGrouping                  
00011803  Interrupt_setPriority                          
00011853  Interrupt_getPriority                          
00011879  Interrupt_enableInterrupt                      
000118eb  Interrupt_disableInterrupt                     
0001195d  Interrupt_isEnabled                            
000119e9  Interrupt_pendInterrupt                        
00011a59  Interrupt_unpendInterrupt                      
00011aa7  Interrupt_setPriorityMask                      
00011ab7  Interrupt_getPriorityMask                      
00011ac1  Interrupt_setVectorTableAddress                
00011ad1  Interrupt_getVectorTableAddress                
00011ad7  Interrupt_enableSleepOnIsrExit                 
00011ae9  Interrupt_disableSleepOnIsrExit                
00011b19  to_number                                      
00011b65  to_packed_bcd                                  
00011ba7  rtc_time_is_believable                         
00011c2d  rtc_read_registers                             
00011c51  rtc_gettime                                    
00011ced  rtc_settime                                    
00011da7  rtc_gettemp                                    
00011df9  rtc_format                                     
00011e7d  EnableFireSensor                               
00011e85  DisableFireSensor                              
00011e8d  IsFireSensorEnabled                            
00011ef5  SystemCoreClockUpdate                          
00012169  SystemInit                                     
00012221  Stepper_Init                                   
0001224b  LockDoor                                       
000122f9  UnLockDoor                                     
000123a7  SetMotorSpeed                                  
000123e5  AdjustShaftPosition                            
00012495  GetLockStatus                                  
000124c9  i2c_wait_for_bus_clear                         
000124f5  i2c_init                                       
00012551  i2c_send                                       
0001265d  i2c_send_single                                
000126c3  i2c_receive                                    
0001275d  SysCtl_getTLVInfo                              
000127d3  SysCtl_getSRAMSize                             
000127d9  SysCtl_getFlashSize                            
000127df  SysCtl_disableNMISource                        
000127f3  SysCtl_enableNMISource                         
00012807  SysCtl_getNMISourceStatus                      
0001280d  SysCtl_enableSRAMBank                          
00012829  SysCtl_disableSRAMBank                         
00012891  SysCtl_enableSRAMBankRetention                 
000128ad  SysCtl_disableSRAMBankRetention                
000128c9  SysCtl_rebootDevice                            
000128d3  SysCtl_enablePeripheralAtCPUHalt               
000128e7  SysCtl_disablePeripheralAtCPUHalt              
000128fb  SysCtl_setWDTTimeoutResetType                  
0001291f  SysCtl_setWDTPasswordViolationResetType        
00012943  SysCtl_enableGlitchFilter                      
0001294f  SysCtl_disableGlitchFilter                     
0001295b  SysCtl_getTempCalibrationConstant              
000129a1  __aeabi_uldivmod                               
00012b95  __aeabi_dsub                                   
00012b9f  __aeabi_dadd                                   
00012d4b  __mpu_init                                     
00012d4d  set_main_clocks                                
00012e15  set_wdt_clocks                                 
00012e17  set_i2s_audio_clock                            
00012e19  SysTick_init                                   
00012e39  delay_ms                                       
00012e4b  delay_us                                       
00012ee9  __aeabi_ddiv                                   
0001301f  __aeabi_dmul                                   
0001311b  _system_post_cinit                             
0001311d  ldexp                                          
0001311d  ldexpl                                         
0001311d  scalbn                                         
0001311d  scalbnl                                        
00013219  InitHallEffect                                 
00013251  EnableDoorAlarm                                
00013271  EnableWindowAlarm                              
00013291  DisableWindowAlarm                             
0001329d  DisableDoorAlarm                               
000132a9  GetDoorStatus                                  
000132b9  GetWindowStatus                                
000132c9  PORT1_IRQHandler                               
000132c9  PORT1_IRQHandler                               
00013301  __aeabi_memcpy                                 
00013301  __aeabi_memcpy4                                
00013301  __aeabi_memcpy8                                
00013301  memcpy                                         
0001339d  snprintf                                       
00013431  __aeabi_cdcmpeq                                
00013431  __aeabi_cdcmple                                
000134b7  __aeabi_cdrcmple                               
0001353d  __aeabi_memclr                                 
0001353d  __aeabi_memclr4                                
0001353d  __aeabi_memclr8                                
0001353f  __aeabi_memset                                 
0001353f  __aeabi_memset4                                
0001353f  __aeabi_memset8                                
00013545  memset                                         
000135b9  __TI_auto_init                                 
00013629  __aeabi_d2f                                    
00013701  frexp                                          
00013701  frexpl                                         
00013765  ltoa                                           
000137bd  _c_int00                                       
00013811  C$$EXIT                                        
00013815  abort                                          
0001381d  exit                                           
00013865  atoi                                           
000138b1  copy_in                                        
000138fd  main                                           
0001393d  SystemReset                                    
00013945  __aeabi_d2iz                                   
0001398d  CPU_cpsid                                      
00013999  CPU_primask                                    
000139a3  CPU_cpsie                                      
000139af  CPU_wfi                                        
000139b3  CPU_basepriSet                                 
000139c1  CPU_basepriGet                                 
000139cb  __aeabi_f2d                                    
00013a03  __aeabi_i2d                                    
00013a31  memccpy                                        
00013a4d  _args_main                                     
00013a65  strchr                                         
00013a7d  _register_unlock                               
00013a83  _register_lock                                 
00013a8b  _nop                                           
00013a91  copysign                                       
00013a91  copysignl                                      
00013aa5  strlen                                         
00013ab9  __TI_decompress_none                           
00013ac7  Reset_Handler                                  
00013ad3  ADC14_IRQHandler                               
00013ad3  AES256_IRQHandler                              
00013ad3  BusFault_Handler                               
00013ad3  COMP_E0_IRQHandler                             
00013ad3  COMP_E1_IRQHandler                             
00013ad3  CS_IRQHandler                                  
00013ad3  DMA_ERR_IRQHandler                             
00013ad3  DMA_INT0_IRQHandler                            
00013ad3  DMA_INT1_IRQHandler                            
00013ad3  DMA_INT2_IRQHandler                            
00013ad3  DMA_INT3_IRQHandler                            
00013ad3  DebugMon_Handler                               
00013ad3  Default_Handler                                
00013ad3  EUSCIA0_IRQHandler                             
00013ad3  EUSCIA1_IRQHandler                             
00013ad3  EUSCIA2_IRQHandler                             
00013ad3  EUSCIA3_IRQHandler                             
00013ad3  EUSCIB0_IRQHandler                             
00013ad3  EUSCIB1_IRQHandler                             
00013ad3  EUSCIB2_IRQHandler                             
00013ad3  EUSCIB3_IRQHandler                             
00013ad3  FLCTL_IRQHandler                               
00013ad3  FPU_IRQHandler                                 
00013ad3  HardFault_Handler                              
00013ad3  MemManage_Handler                              
00013ad3  NMI_Handler                                    
00013ad3  PCM_IRQHandler                                 
00013ad3  PORT2_IRQHandler                               
00013ad3  PORT3_IRQHandler                               
00013ad3  PORT4_IRQHandler                               
00013ad3  PORT5_IRQHandler                               
00013ad3  PORT6_IRQHandler                               
00013ad3  PSS_IRQHandler                                 
00013ad3  PendSV_Handler                                 
00013ad3  RTC_C_IRQHandler                               
00013ad3  SVC_Handler                                    
00013ad3  SysTick_Handler                                
00013ad3  T32_INT1_IRQHandler                            
00013ad3  T32_INT2_IRQHandler                            
00013ad3  T32_INTC_IRQHandler                            
00013ad3  TA0_0_IRQHandler                               
00013ad3  TA0_N_IRQHandler                               
00013ad3  TA1_N_IRQHandler                               
00013ad3  TA2_0_IRQHandler                               
00013ad3  TA2_N_IRQHandler                               
00013ad3  TA3_0_IRQHandler                               
00013ad3  TA3_N_IRQHandler                               
00013ad3  UsageFault_Handler                             
00013ad3  WDT_A_IRQHandler                               
00013ad5  __TI_decompress_rle24                          
00013adb  _system_pre_init                               
00013b5c  __TI_Handler_Table_Base                        
00013b64  __TI_CINIT_Base                                
00013b64  __TI_Handler_Table_Limit                       
00013b7c  __TI_CINIT_Limit                               
20000000  g_pfnRAMVectors                                
200000e8  _sys_memory                                    
20000518  StX                                            
2000051c  StY                                            
20000520  StTextColor                                    
20000528  lastj                                          
20000540  __TI_cleanup_ptr                               
20000544  __TI_dtors_ptr                                 
20000548  __TI_enable_exit_profile_output                
2000054c  mclk_value                                     
20000550  smclk_value                                    
20000558  _lock                                          
2000055c  _unlock                                        
20000560  i2c_bus_error_counter                          
20000564  i2c_bus_busy_counter                           
20000568  ms_step_delay                                  
2000056c  Status                                         
20000570  Fmt_Time_Ptr                                   
20000574  FireSensorConfig                               
20000578  errno                                          
2000057c  main_func_sp                                   
20000580  SystemCoreClock                                
20000584  ScrollTimeStr                                  
200005c0  Message                                        
200005d8  LockState                                      
200005dc  Messageindex                                   
200005e0  X                                              
200005e4  Ymax                                           
200005e8  Ymin                                           
200005ec  Yrange                                         
200005f0  step                                           
2000fe00  __stack                                        
20010000  __STACK_END                                    
4000480c  WDTCTL_SYM                                     
ffffffff  __TI_pprof_out_hndl                            
ffffffff  __TI_prof_data_size                            
ffffffff  __TI_prof_data_start                           
ffffffff  __binit__                                      
ffffffff  __c_args__                                     
ffffffff  binit                                          
UNDEFED   SHT$$INIT_ARRAY$$Base                          
UNDEFED   SHT$$INIT_ARRAY$$Limit                         

[382 symbols]
